[2.032s] Invoking command in '/home/omar/amrws/src/amr_khaled': DEBUGINFOD_URLS=https://debuginfod.ubuntu.com PYTHONPATH=/home/omar/amrws/build/amr_khaled/prefix_override:/usr/lib/python3/dist-packages/colcon_core/task/python/colcon_distutils_commands:/home/omar/amrws/install/amr_khaled/lib/python3.12/site-packages:${PYTHONPATH} /usr/bin/python3 -W ignore:setup.py install is deprecated -W ignore:easy_install command is deprecated setup.py egg_info --egg-base ../../build/amr_khaled build --build-base /home/omar/amrws/build/amr_khaled/build install --record /home/omar/amrws/build/amr_khaled/install.log --install-scripts $base/lib/amr_khaled --single-version-externally-managed install_data
[3.370s] running egg_info
[3.474s] writing ../../build/amr_khaled/amr_khaled.egg-info/PKG-INFO
[3.474s] writing dependency_links to ../../build/amr_khaled/amr_khaled.egg-info/dependency_links.txt
[3.475s] writing entry points to ../../build/amr_khaled/amr_khaled.egg-info/entry_points.txt
[3.475s] writing requirements to ../../build/amr_khaled/amr_khaled.egg-info/requires.txt
[3.476s] writing top-level names to ../../build/amr_khaled/amr_khaled.egg-info/top_level.txt
[3.677s] reading manifest file '../../build/amr_khaled/amr_khaled.egg-info/SOURCES.txt'
[3.680s] writing manifest file '../../build/amr_khaled/amr_khaled.egg-info/SOURCES.txt'
[3.680s] running build
[3.681s] running build_py
[3.682s] copying amr_khaled/scroll_detection_node.py -> /home/omar/amrws/build/amr_khaled/build/lib/amr_khaled
[3.683s] running install
[3.701s] running install_lib
[3.802s] copying /home/omar/amrws/build/amr_khaled/build/lib/amr_khaled/scroll_detection_node.py -> /home/omar/amrws/install/amr_khaled/lib/python3.12/site-packages/amr_khaled
[3.803s] byte-compiling /home/omar/amrws/install/amr_khaled/lib/python3.12/site-packages/amr_khaled/scroll_detection_node.py to scroll_detection_node.cpython-312.pyc
[3.806s] running install_data
[3.807s] running install_egg_info
[3.908s] removing '/home/omar/amrws/install/amr_khaled/lib/python3.12/site-packages/amr_khaled-0.0.0-py3.12.egg-info' (and everything under it)
[3.909s] Copying ../../build/amr_khaled/amr_khaled.egg-info to /home/omar/amrws/install/amr_khaled/lib/python3.12/site-packages/amr_khaled-0.0.0-py3.12.egg-info
[3.911s] running install_scripts
[4.593s] Installing scroll_detection_node script to /home/omar/amrws/install/amr_khaled/lib/amr_khaled
[4.594s] Installing wasd_teleop_node script to /home/omar/amrws/install/amr_khaled/lib/amr_khaled
[4.597s] writing list of installed files to '/home/omar/amrws/build/amr_khaled/install.log'
[4.693s] Invoked command in '/home/omar/amrws/src/amr_khaled' returned '0': DEBUGINFOD_URLS=https://debuginfod.ubuntu.com PYTHONPATH=/home/omar/amrws/build/amr_khaled/prefix_override:/usr/lib/python3/dist-packages/colcon_core/task/python/colcon_distutils_commands:/home/omar/amrws/install/amr_khaled/lib/python3.12/site-packages:${PYTHONPATH} /usr/bin/python3 -W ignore:setup.py install is deprecated -W ignore:easy_install command is deprecated setup.py egg_info --egg-base ../../build/amr_khaled build --build-base /home/omar/amrws/build/amr_khaled/build install --record /home/omar/amrws/build/amr_khaled/install.log --install-scripts $base/lib/amr_khaled --single-version-externally-managed install_data
