[4.456s] Invoking command in '/home/omar/amrws/src/MIA_training_competion2026/robot_kinematics_pkg': DEBUGINFOD_URLS=https://debuginfod.ubuntu.com PYTHONPATH=/home/omar/amrws/build/robot_kinematics_pkg/prefix_override:/usr/lib/python3/dist-packages/colcon_core/task/python/colcon_distutils_commands:/home/omar/amrws/install/robot_kinematics_pkg/lib/python3.12/site-packages:${PYTHONPATH} /usr/bin/python3 -W ignore:setup.py install is deprecated -W ignore:easy_install command is deprecated setup.py egg_info --egg-base ../../../build/robot_kinematics_pkg build --build-base /home/omar/amrws/build/robot_kinematics_pkg/build install --record /home/omar/amrws/build/robot_kinematics_pkg/install.log --install-scripts $base/lib/robot_kinematics_pkg --single-version-externally-managed install_data
[5.631s] running egg_info
[5.734s] writing ../../../build/robot_kinematics_pkg/robot_kinematics_pkg.egg-info/PKG-INFO
[5.735s] writing dependency_links to ../../../build/robot_kinematics_pkg/robot_kinematics_pkg.egg-info/dependency_links.txt
[5.735s] writing entry points to ../../../build/robot_kinematics_pkg/robot_kinematics_pkg.egg-info/entry_points.txt
[5.735s] writing requirements to ../../../build/robot_kinematics_pkg/robot_kinematics_pkg.egg-info/requires.txt
[5.735s] writing top-level names to ../../../build/robot_kinematics_pkg/robot_kinematics_pkg.egg-info/top_level.txt
[5.943s] reading manifest file '../../../build/robot_kinematics_pkg/robot_kinematics_pkg.egg-info/SOURCES.txt'
[5.946s] writing manifest file '../../../build/robot_kinematics_pkg/robot_kinematics_pkg.egg-info/SOURCES.txt'
[5.947s] running build
[5.947s] running build_py
[5.953s] running install
[5.972s] running install_lib
[6.081s] running install_data
[6.081s] running install_egg_info
[6.190s] removing '/home/omar/amrws/install/robot_kinematics_pkg/lib/python3.12/site-packages/robot_kinematics_pkg-0.0.0-py3.12.egg-info' (and everything under it)
[6.191s] Copying ../../../build/robot_kinematics_pkg/robot_kinematics_pkg.egg-info to /home/omar/amrws/install/robot_kinematics_pkg/lib/python3.12/site-packages/robot_kinematics_pkg-0.0.0-py3.12.egg-info
[6.193s] running install_scripts
[6.813s] Installing diff_2wheels_forward script to /home/omar/amrws/install/robot_kinematics_pkg/lib/robot_kinematics_pkg
[6.814s] Installing diff_2wheels_invers script to /home/omar/amrws/install/robot_kinematics_pkg/lib/robot_kinematics_pkg
[6.814s] Installing diff_forward script to /home/omar/amrws/install/robot_kinematics_pkg/lib/robot_kinematics_pkg
[6.814s] Installing diff_forward_r1 script to /home/omar/amrws/install/robot_kinematics_pkg/lib/robot_kinematics_pkg
[6.815s] Installing diff_invers script to /home/omar/amrws/install/robot_kinematics_pkg/lib/robot_kinematics_pkg
[6.815s] Installing diff_invers_new_r1 script to /home/omar/amrws/install/robot_kinematics_pkg/lib/robot_kinematics_pkg
[6.815s] Installing diff_invers_r1 script to /home/omar/amrws/install/robot_kinematics_pkg/lib/robot_kinematics_pkg
[6.815s] Installing kinematics script to /home/omar/amrws/install/robot_kinematics_pkg/lib/robot_kinematics_pkg
[6.816s] Installing mecanum_forward script to /home/omar/amrws/install/robot_kinematics_pkg/lib/robot_kinematics_pkg
[6.816s] Installing mecanum_invers script to /home/omar/amrws/install/robot_kinematics_pkg/lib/robot_kinematics_pkg
[6.816s] Installing mecanum_invers_r2 script to /home/omar/amrws/install/robot_kinematics_pkg/lib/robot_kinematics_pkg
[6.816s] Installing omni3_forward script to /home/omar/amrws/install/robot_kinematics_pkg/lib/robot_kinematics_pkg
[6.817s] Installing omni3_invers script to /home/omar/amrws/install/robot_kinematics_pkg/lib/robot_kinematics_pkg
[6.817s] Installing omni4_forward script to /home/omar/amrws/install/robot_kinematics_pkg/lib/robot_kinematics_pkg
[6.826s] Installing omni4_invers script to /home/omar/amrws/install/robot_kinematics_pkg/lib/robot_kinematics_pkg
[6.827s] Installing omni6_invers script to /home/omar/amrws/install/robot_kinematics_pkg/lib/robot_kinematics_pkg
[6.828s] writing list of installed files to '/home/omar/amrws/build/robot_kinematics_pkg/install.log'
[6.911s] Invoked command in '/home/omar/amrws/src/MIA_training_competion2026/robot_kinematics_pkg' returned '0': DEBUGINFOD_URLS=https://debuginfod.ubuntu.com PYTHONPATH=/home/omar/amrws/build/robot_kinematics_pkg/prefix_override:/usr/lib/python3/dist-packages/colcon_core/task/python/colcon_distutils_commands:/home/omar/amrws/install/robot_kinematics_pkg/lib/python3.12/site-packages:${PYTHONPATH} /usr/bin/python3 -W ignore:setup.py install is deprecated -W ignore:easy_install command is deprecated setup.py egg_info --egg-base ../../../build/robot_kinematics_pkg build --build-base /home/omar/amrws/build/robot_kinematics_pkg/build install --record /home/omar/amrws/build/robot_kinematics_pkg/install.log --install-scripts $base/lib/robot_kinematics_pkg --single-version-externally-managed install_data
