[0.020s] Invoking command in '/home/omar/amrws/build/srv_pkg': CMAKE_PREFIX_PATH=${CMAKE_PREFIX_PATH}:/home/omar/amrws/install/robot_kinematics_pkg:/home/omar/amrws/install/competetion_bringup:/home/omar/amrws/install/camera_drivers:/opt/ros/jazzy DEBUGINFOD_URLS=https://debuginfod.ubuntu.com /usr/bin/cmake --build /home/omar/amrws/build/srv_pkg -- -j4 -l4
[0.191s] [  2%] Built target srv_pkg__rs
[0.213s] [  5%] Built target srv_pkg__rosidl_generator_type_description
[0.232s] [  5%] Built target ament_cmake_python_copy_srv_pkg
[0.331s] [ 14%] Built target srv_pkg__cpp
[0.331s] [ 22%] Built target srv_pkg__rosidl_generator_c
[0.440s] [ 31%] Built target srv_pkg__rosidl_typesupport_introspection_c
[0.474s] [ 40%] Built target srv_pkg__rosidl_typesupport_fastrtps_c
[0.477s] [ 48%] Built target srv_pkg__rosidl_typesupport_c
[0.536s] [ 57%] Built target srv_pkg__rosidl_typesupport_fastrtps_cpp
[0.603s] [ 65%] Built target srv_pkg__rosidl_typesupport_cpp
[0.606s] [ 74%] Built target srv_pkg__rosidl_typesupport_introspection_cpp
[0.659s] [ 74%] Built target srv_pkg
[0.715s] [ 77%] Built target srv_pkg__py
[0.770s] [ 82%] Built target srv_pkg__rosidl_generator_py
[0.891s] [ 88%] Built target srv_pkg_s__rosidl_typesupport_fastrtps_c
[0.892s] [ 94%] Built target srv_pkg_s__rosidl_typesupport_introspection_c
[0.896s] [100%] Built target srv_pkg_s__rosidl_typesupport_c
[1.379s] running egg_info
[1.481s] writing srv_pkg.egg-info/PKG-INFO
[1.482s] writing dependency_links to srv_pkg.egg-info/dependency_links.txt
[1.482s] writing top-level names to srv_pkg.egg-info/top_level.txt
[1.829s] reading manifest file 'srv_pkg.egg-info/SOURCES.txt'
[1.831s] writing manifest file 'srv_pkg.egg-info/SOURCES.txt'
[1.931s] [100%] Built target ament_cmake_python_build_srv_pkg_egg
[1.971s] Invoked command in '/home/omar/amrws/build/srv_pkg' returned '0': CMAKE_PREFIX_PATH=${CMAKE_PREFIX_PATH}:/home/omar/amrws/install/robot_kinematics_pkg:/home/omar/amrws/install/competetion_bringup:/home/omar/amrws/install/camera_drivers:/opt/ros/jazzy DEBUGINFOD_URLS=https://debuginfod.ubuntu.com /usr/bin/cmake --build /home/omar/amrws/build/srv_pkg -- -j4 -l4
[2.007s] Invoking command in '/home/omar/amrws/build/srv_pkg': CMAKE_PREFIX_PATH=${CMAKE_PREFIX_PATH}:/home/omar/amrws/install/robot_kinematics_pkg:/home/omar/amrws/install/competetion_bringup:/home/omar/amrws/install/camera_drivers:/opt/ros/jazzy DEBUGINFOD_URLS=https://debuginfod.ubuntu.com /usr/bin/cmake --install /home/omar/amrws/build/srv_pkg
[2.036s] -- Install configuration: ""
[2.040s] -- Up-to-date: /home/omar/amrws/install/srv_pkg/share/ament_index/resource_index/rosidl_interfaces/srv_pkg
[2.041s] -- Up-to-date: /home/omar/amrws/install/srv_pkg/share/srv_pkg/srv/SendImg.json
[2.041s] -- Up-to-date: /home/omar/amrws/install/srv_pkg/include/srv_pkg/srv_pkg
[2.042s] -- Up-to-date: /home/omar/amrws/install/srv_pkg/include/srv_pkg/srv_pkg/msg
[2.044s] -- Up-to-date: /home/omar/amrws/install/srv_pkg/include/srv_pkg/srv_pkg/msg/rosidl_generator_c__visibility_control.h
[2.045s] -- Up-to-date: /home/omar/amrws/install/srv_pkg/include/srv_pkg/srv_pkg/srv
[2.045s] -- Up-to-date: /home/omar/amrws/install/srv_pkg/include/srv_pkg/srv_pkg/srv/send_img.h
[2.045s] -- Up-to-date: /home/omar/amrws/install/srv_pkg/include/srv_pkg/srv_pkg/srv/detail
[2.046s] -- Up-to-date: /home/omar/amrws/install/srv_pkg/include/srv_pkg/srv_pkg/srv/detail/send_img__functions.c
[2.047s] -- Up-to-date: /home/omar/amrws/install/srv_pkg/include/srv_pkg/srv_pkg/srv/detail/send_img__functions.h
[2.047s] -- Up-to-date: /home/omar/amrws/install/srv_pkg/include/srv_pkg/srv_pkg/srv/detail/send_img__type_support.h
[2.049s] -- Up-to-date: /home/omar/amrws/install/srv_pkg/include/srv_pkg/srv_pkg/srv/detail/send_img__description.c
[2.050s] -- Installing: /home/omar/amrws/install/srv_pkg/include/srv_pkg/srv_pkg/srv/detail/send_img__type_support.c
[2.050s] -- Up-to-date: /home/omar/amrws/install/srv_pkg/include/srv_pkg/srv_pkg/srv/detail/send_img__struct.h
[2.050s] -- Up-to-date: /home/omar/amrws/install/srv_pkg/share/srv_pkg/environment/library_path.sh
[2.051s] -- Up-to-date: /home/omar/amrws/install/srv_pkg/share/srv_pkg/environment/library_path.dsv
[2.051s] -- Up-to-date: /home/omar/amrws/install/srv_pkg/lib/libsrv_pkg__rosidl_generator_c.so
[2.051s] -- Up-to-date: /home/omar/amrws/install/srv_pkg/include/srv_pkg/srv_pkg
[2.052s] -- Up-to-date: /home/omar/amrws/install/srv_pkg/include/srv_pkg/srv_pkg/msg
[2.052s] -- Up-to-date: /home/omar/amrws/install/srv_pkg/include/srv_pkg/srv_pkg/msg/rosidl_typesupport_fastrtps_c__visibility_control.h
[2.055s] -- Up-to-date: /home/omar/amrws/install/srv_pkg/include/srv_pkg/srv_pkg/srv
[2.055s] -- Up-to-date: /home/omar/amrws/install/srv_pkg/include/srv_pkg/srv_pkg/srv/detail
[2.055s] -- Up-to-date: /home/omar/amrws/install/srv_pkg/include/srv_pkg/srv_pkg/srv/detail/send_img__rosidl_typesupport_fastrtps_c.h
[2.055s] -- Up-to-date: /home/omar/amrws/install/srv_pkg/lib/libsrv_pkg__rosidl_typesupport_fastrtps_c.so
[2.055s] -- Up-to-date: /home/omar/amrws/install/srv_pkg/include/srv_pkg/srv_pkg
[2.056s] -- Up-to-date: /home/omar/amrws/install/srv_pkg/include/srv_pkg/srv_pkg/msg
[2.056s] -- Up-to-date: /home/omar/amrws/install/srv_pkg/include/srv_pkg/srv_pkg/msg/rosidl_typesupport_introspection_c__visibility_control.h
[2.056s] -- Up-to-date: /home/omar/amrws/install/srv_pkg/include/srv_pkg/srv_pkg/srv
[2.057s] -- Up-to-date: /home/omar/amrws/install/srv_pkg/include/srv_pkg/srv_pkg/srv/detail
[2.057s] -- Up-to-date: /home/omar/amrws/install/srv_pkg/include/srv_pkg/srv_pkg/srv/detail/send_img__rosidl_typesupport_introspection_c.h
[2.058s] -- Installing: /home/omar/amrws/install/srv_pkg/include/srv_pkg/srv_pkg/srv/detail/send_img__type_support.c
[2.059s] -- Up-to-date: /home/omar/amrws/install/srv_pkg/lib/libsrv_pkg__rosidl_typesupport_introspection_c.so
[2.059s] -- Up-to-date: /home/omar/amrws/install/srv_pkg/lib/libsrv_pkg__rosidl_typesupport_c.so
[2.059s] -- Up-to-date: /home/omar/amrws/install/srv_pkg/include/srv_pkg/srv_pkg
[2.060s] -- Up-to-date: /home/omar/amrws/install/srv_pkg/include/srv_pkg/srv_pkg/msg
[2.060s] -- Up-to-date: /home/omar/amrws/install/srv_pkg/include/srv_pkg/srv_pkg/msg/rosidl_generator_cpp__visibility_control.hpp
[2.060s] -- Up-to-date: /home/omar/amrws/install/srv_pkg/include/srv_pkg/srv_pkg/srv
[2.060s] -- Up-to-date: /home/omar/amrws/install/srv_pkg/include/srv_pkg/srv_pkg/srv/send_img.hpp
[2.061s] -- Up-to-date: /home/omar/amrws/install/srv_pkg/include/srv_pkg/srv_pkg/srv/detail
[2.061s] -- Up-to-date: /home/omar/amrws/install/srv_pkg/include/srv_pkg/srv_pkg/srv/detail/send_img__type_support.hpp
[2.061s] -- Up-to-date: /home/omar/amrws/install/srv_pkg/include/srv_pkg/srv_pkg/srv/detail/send_img__builder.hpp
[2.061s] -- Up-to-date: /home/omar/amrws/install/srv_pkg/include/srv_pkg/srv_pkg/srv/detail/send_img__traits.hpp
[2.061s] -- Up-to-date: /home/omar/amrws/install/srv_pkg/include/srv_pkg/srv_pkg/srv/detail/send_img__struct.hpp
[2.062s] -- Up-to-date: /home/omar/amrws/install/srv_pkg/include/srv_pkg/srv_pkg
[2.062s] -- Up-to-date: /home/omar/amrws/install/srv_pkg/include/srv_pkg/srv_pkg/msg
[2.062s] -- Up-to-date: /home/omar/amrws/install/srv_pkg/include/srv_pkg/srv_pkg/msg/rosidl_typesupport_fastrtps_cpp__visibility_control.h
[2.062s] -- Up-to-date: /home/omar/amrws/install/srv_pkg/include/srv_pkg/srv_pkg/srv
[2.063s] -- Up-to-date: /home/omar/amrws/install/srv_pkg/include/srv_pkg/srv_pkg/srv/detail
[2.063s] -- Up-to-date: /home/omar/amrws/install/srv_pkg/include/srv_pkg/srv_pkg/srv/detail/dds_fastrtps
[2.063s] -- Up-to-date: /home/omar/amrws/install/srv_pkg/include/srv_pkg/srv_pkg/srv/detail/send_img__rosidl_typesupport_fastrtps_cpp.hpp
[2.063s] -- Up-to-date: /home/omar/amrws/install/srv_pkg/lib/libsrv_pkg__rosidl_typesupport_fastrtps_cpp.so
[2.064s] -- Up-to-date: /home/omar/amrws/install/srv_pkg/include/srv_pkg/srv_pkg
[2.064s] -- Up-to-date: /home/omar/amrws/install/srv_pkg/include/srv_pkg/srv_pkg/srv
[2.064s] -- Up-to-date: /home/omar/amrws/install/srv_pkg/include/srv_pkg/srv_pkg/srv/detail
[2.064s] -- Up-to-date: /home/omar/amrws/install/srv_pkg/include/srv_pkg/srv_pkg/srv/detail/send_img__type_support.cpp
[2.064s] -- Up-to-date: /home/omar/amrws/install/srv_pkg/include/srv_pkg/srv_pkg/srv/detail/send_img__rosidl_typesupport_introspection_cpp.hpp
[2.065s] -- Up-to-date: /home/omar/amrws/install/srv_pkg/lib/libsrv_pkg__rosidl_typesupport_introspection_cpp.so
[2.066s] -- Up-to-date: /home/omar/amrws/install/srv_pkg/lib/libsrv_pkg__rosidl_typesupport_cpp.so
[2.066s] -- Up-to-date: /home/omar/amrws/install/srv_pkg/share/srv_pkg/environment/pythonpath.sh
[2.066s] -- Up-to-date: /home/omar/amrws/install/srv_pkg/share/srv_pkg/environment/pythonpath.dsv
[2.067s] -- Up-to-date: /home/omar/amrws/install/srv_pkg/lib/python3.12/site-packages/srv_pkg-0.0.0-py3.12.egg-info
[2.067s] -- Installing: /home/omar/amrws/install/srv_pkg/lib/python3.12/site-packages/srv_pkg-0.0.0-py3.12.egg-info/dependency_links.txt
[2.067s] -- Installing: /home/omar/amrws/install/srv_pkg/lib/python3.12/site-packages/srv_pkg-0.0.0-py3.12.egg-info/PKG-INFO
[2.067s] -- Installing: /home/omar/amrws/install/srv_pkg/lib/python3.12/site-packages/srv_pkg-0.0.0-py3.12.egg-info/top_level.txt
[2.067s] -- Installing: /home/omar/amrws/install/srv_pkg/lib/python3.12/site-packages/srv_pkg-0.0.0-py3.12.egg-info/SOURCES.txt
[2.068s] -- Up-to-date: /home/omar/amrws/install/srv_pkg/lib/python3.12/site-packages/srv_pkg
[2.068s] -- Up-to-date: /home/omar/amrws/install/srv_pkg/lib/python3.12/site-packages/srv_pkg/srv_pkg_s__rosidl_typesupport_fastrtps_c.so
[2.068s] -- Up-to-date: /home/omar/amrws/install/srv_pkg/lib/python3.12/site-packages/srv_pkg/srv_pkg_s__rosidl_typesupport_introspection_c.so
[2.068s] -- Up-to-date: /home/omar/amrws/install/srv_pkg/lib/python3.12/site-packages/srv_pkg/__init__.py
[2.069s] -- Up-to-date: /home/omar/amrws/install/srv_pkg/lib/python3.12/site-packages/srv_pkg/srv_pkg_s__rosidl_typesupport_c.so
[2.069s] -- Up-to-date: /home/omar/amrws/install/srv_pkg/lib/python3.12/site-packages/srv_pkg/_srv_pkg_s.ep.rosidl_typesupport_introspection_c.c
[2.069s] -- Up-to-date: /home/omar/amrws/install/srv_pkg/lib/python3.12/site-packages/srv_pkg/_srv_pkg_s.ep.rosidl_typesupport_fastrtps_c.c
[2.069s] -- Up-to-date: /home/omar/amrws/install/srv_pkg/lib/python3.12/site-packages/srv_pkg/srv
[2.069s] -- Up-to-date: /home/omar/amrws/install/srv_pkg/lib/python3.12/site-packages/srv_pkg/srv/_send_img_s.c
[2.069s] -- Up-to-date: /home/omar/amrws/install/srv_pkg/lib/python3.12/site-packages/srv_pkg/srv/__init__.py
[2.070s] -- Up-to-date: /home/omar/amrws/install/srv_pkg/lib/python3.12/site-packages/srv_pkg/srv/_send_img.py
[2.070s] -- Up-to-date: /home/omar/amrws/install/srv_pkg/lib/python3.12/site-packages/srv_pkg/_srv_pkg_s.ep.rosidl_typesupport_c.c
[2.235s] Listing '/home/omar/amrws/install/srv_pkg/lib/python3.12/site-packages/srv_pkg'...
[2.235s] Listing '/home/omar/amrws/install/srv_pkg/lib/python3.12/site-packages/srv_pkg/srv'...
[2.255s] -- Up-to-date: /home/omar/amrws/install/srv_pkg/lib/python3.12/site-packages/srv_pkg/srv_pkg_s__rosidl_typesupport_fastrtps_c.so
[2.258s] -- Up-to-date: /home/omar/amrws/install/srv_pkg/lib/python3.12/site-packages/srv_pkg/srv_pkg_s__rosidl_typesupport_introspection_c.so
[2.261s] -- Up-to-date: /home/omar/amrws/install/srv_pkg/lib/python3.12/site-packages/srv_pkg/srv_pkg_s__rosidl_typesupport_c.so
[2.262s] -- Up-to-date: /home/omar/amrws/install/srv_pkg/lib/libsrv_pkg__rosidl_generator_py.so
[2.265s] -- Up-to-date: /home/omar/amrws/install/srv_pkg/share/ament_index/resource_index/rust_packages/srv_pkg
[2.265s] -- Up-to-date: /home/omar/amrws/install/srv_pkg/share/srv_pkg/rust
[2.265s] -- Up-to-date: /home/omar/amrws/install/srv_pkg/share/srv_pkg/rust/Cargo.toml
[2.265s] -- Up-to-date: /home/omar/amrws/install/srv_pkg/share/srv_pkg/rust/src
[2.267s] -- Up-to-date: /home/omar/amrws/install/srv_pkg/share/srv_pkg/rust/src/lib.rs
[2.267s] -- Up-to-date: /home/omar/amrws/install/srv_pkg/share/srv_pkg/rust/src/srv.rs
[2.268s] -- Up-to-date: /home/omar/amrws/install/srv_pkg/share/srv_pkg/rust/src/srv
[2.268s] -- Up-to-date: /home/omar/amrws/install/srv_pkg/share/srv_pkg/rust/src/srv/rmw.rs
[2.268s] -- Up-to-date: /home/omar/amrws/install/srv_pkg/share/srv_pkg/rust/build.rs
[2.269s] -- Up-to-date: /home/omar/amrws/install/srv_pkg/share/srv_pkg/srv/SendImg.idl
[2.269s] -- Up-to-date: /home/omar/amrws/install/srv_pkg/share/srv_pkg/srv/SendImg.srv
[2.269s] -- Up-to-date: /home/omar/amrws/install/srv_pkg/share/ament_index/resource_index/package_run_dependencies/srv_pkg
[2.270s] -- Up-to-date: /home/omar/amrws/install/srv_pkg/share/ament_index/resource_index/parent_prefix_path/srv_pkg
[2.270s] -- Up-to-date: /home/omar/amrws/install/srv_pkg/share/srv_pkg/environment/ament_prefix_path.sh
[2.270s] -- Up-to-date: /home/omar/amrws/install/srv_pkg/share/srv_pkg/environment/ament_prefix_path.dsv
[2.271s] -- Up-to-date: /home/omar/amrws/install/srv_pkg/share/srv_pkg/environment/path.sh
[2.271s] -- Up-to-date: /home/omar/amrws/install/srv_pkg/share/srv_pkg/environment/path.dsv
[2.271s] -- Up-to-date: /home/omar/amrws/install/srv_pkg/share/srv_pkg/local_setup.bash
[2.271s] -- Up-to-date: /home/omar/amrws/install/srv_pkg/share/srv_pkg/local_setup.sh
[2.272s] -- Up-to-date: /home/omar/amrws/install/srv_pkg/share/srv_pkg/local_setup.zsh
[2.272s] -- Up-to-date: /home/omar/amrws/install/srv_pkg/share/srv_pkg/local_setup.dsv
[2.272s] -- Installing: /home/omar/amrws/install/srv_pkg/share/srv_pkg/package.dsv
[2.272s] -- Up-to-date: /home/omar/amrws/install/srv_pkg/share/ament_index/resource_index/packages/srv_pkg
[2.273s] -- Up-to-date: /home/omar/amrws/install/srv_pkg/share/srv_pkg/cmake/export_srv_pkg__rosidl_generator_cExport.cmake
[2.273s] -- Up-to-date: /home/omar/amrws/install/srv_pkg/share/srv_pkg/cmake/export_srv_pkg__rosidl_generator_cExport-noconfig.cmake
[2.273s] -- Up-to-date: /home/omar/amrws/install/srv_pkg/share/srv_pkg/cmake/export_srv_pkg__rosidl_typesupport_fastrtps_cExport.cmake
[2.273s] -- Up-to-date: /home/omar/amrws/install/srv_pkg/share/srv_pkg/cmake/export_srv_pkg__rosidl_typesupport_fastrtps_cExport-noconfig.cmake
[2.273s] -- Up-to-date: /home/omar/amrws/install/srv_pkg/share/srv_pkg/cmake/srv_pkg__rosidl_typesupport_introspection_cExport.cmake
[2.274s] -- Up-to-date: /home/omar/amrws/install/srv_pkg/share/srv_pkg/cmake/srv_pkg__rosidl_typesupport_introspection_cExport-noconfig.cmake
[2.274s] -- Up-to-date: /home/omar/amrws/install/srv_pkg/share/srv_pkg/cmake/srv_pkg__rosidl_typesupport_cExport.cmake
[2.274s] -- Up-to-date: /home/omar/amrws/install/srv_pkg/share/srv_pkg/cmake/srv_pkg__rosidl_typesupport_cExport-noconfig.cmake
[2.274s] -- Up-to-date: /home/omar/amrws/install/srv_pkg/share/srv_pkg/cmake/export_srv_pkg__rosidl_generator_cppExport.cmake
[2.274s] -- Up-to-date: /home/omar/amrws/install/srv_pkg/share/srv_pkg/cmake/export_srv_pkg__rosidl_typesupport_fastrtps_cppExport.cmake
[2.275s] -- Up-to-date: /home/omar/amrws/install/srv_pkg/share/srv_pkg/cmake/export_srv_pkg__rosidl_typesupport_fastrtps_cppExport-noconfig.cmake
[2.279s] -- Up-to-date: /home/omar/amrws/install/srv_pkg/share/srv_pkg/cmake/srv_pkg__rosidl_typesupport_introspection_cppExport.cmake
[2.279s] -- Up-to-date: /home/omar/amrws/install/srv_pkg/share/srv_pkg/cmake/srv_pkg__rosidl_typesupport_introspection_cppExport-noconfig.cmake
[2.280s] -- Up-to-date: /home/omar/amrws/install/srv_pkg/share/srv_pkg/cmake/srv_pkg__rosidl_typesupport_cppExport.cmake
[2.280s] -- Up-to-date: /home/omar/amrws/install/srv_pkg/share/srv_pkg/cmake/srv_pkg__rosidl_typesupport_cppExport-noconfig.cmake
[2.280s] -- Up-to-date: /home/omar/amrws/install/srv_pkg/share/srv_pkg/cmake/export_srv_pkg__rosidl_generator_pyExport.cmake
[2.282s] -- Up-to-date: /home/omar/amrws/install/srv_pkg/share/srv_pkg/cmake/export_srv_pkg__rosidl_generator_pyExport-noconfig.cmake
[2.282s] -- Up-to-date: /home/omar/amrws/install/srv_pkg/share/srv_pkg/cmake/rosidl_cmake-extras.cmake
[2.283s] -- Up-to-date: /home/omar/amrws/install/srv_pkg/share/srv_pkg/cmake/ament_cmake_export_dependencies-extras.cmake
[2.285s] -- Up-to-date: /home/omar/amrws/install/srv_pkg/share/srv_pkg/cmake/ament_cmake_export_include_directories-extras.cmake
[2.286s] -- Up-to-date: /home/omar/amrws/install/srv_pkg/share/srv_pkg/cmake/ament_cmake_export_libraries-extras.cmake
[2.286s] -- Up-to-date: /home/omar/amrws/install/srv_pkg/share/srv_pkg/cmake/ament_cmake_export_targets-extras.cmake
[2.286s] -- Up-to-date: /home/omar/amrws/install/srv_pkg/share/srv_pkg/cmake/rosidl_cmake_export_typesupport_targets-extras.cmake
[2.287s] -- Up-to-date: /home/omar/amrws/install/srv_pkg/share/srv_pkg/cmake/rosidl_cmake_export_typesupport_libraries-extras.cmake
[2.287s] -- Up-to-date: /home/omar/amrws/install/srv_pkg/share/srv_pkg/cmake/rosidl_cmake_aggregate_target-extras.cmake
[2.287s] -- Up-to-date: /home/omar/amrws/install/srv_pkg/share/srv_pkg/cmake/srv_pkgConfig.cmake
[2.287s] -- Up-to-date: /home/omar/amrws/install/srv_pkg/share/srv_pkg/cmake/srv_pkgConfig-version.cmake
[2.288s] -- Up-to-date: /home/omar/amrws/install/srv_pkg/share/srv_pkg/package.xml
[2.292s] Invoked command in '/home/omar/amrws/build/srv_pkg' returned '0': CMAKE_PREFIX_PATH=${CMAKE_PREFIX_PATH}:/home/omar/amrws/install/robot_kinematics_pkg:/home/omar/amrws/install/competetion_bringup:/home/omar/amrws/install/camera_drivers:/opt/ros/jazzy DEBUGINFOD_URLS=https://debuginfod.ubuntu.com /usr/bin/cmake --install /home/omar/amrws/build/srv_pkg
