[0.202s] DEBUG:colcon:Command line arguments: ['/usr/bin/colcon', 'build']
[0.202s] DEBUG:colcon:Parsed command line arguments: Namespace(log_base=None, log_level=None, verb_name='build', build_base='build', install_base='install', merge_install=False, symlink_install=False, test_result_base=None, continue_on_error=False, executor='parallel', parallel_workers=4, event_handlers=None, ignore_user_meta=False, metas=['./colcon.meta'], base_paths=['.'], packages_ignore=None, packages_ignore_regex=None, paths=None, packages_up_to=None, packages_up_to_regex=None, packages_above=None, packages_above_and_dependencies=None, packages_above_depth=None, packages_select_by_dep=None, packages_skip_by_dep=None, packages_skip_up_to=None, packages_select_build_failed=False, packages_skip_build_finished=False, packages_select_test_failures=False, packages_skip_test_passed=False, packages_select=None, packages_skip=None, packages_select_regex=None, packages_skip_regex=None, packages_start=None, packages_end=None, allow_overriding=[], cmake_args=None, cmake_target=None, cmake_target_skip_unavailable=False, cmake_clean_cache=False, cmake_clean_first=False, cmake_force_configure=False, ament_cmake_args=None, catkin_cmake_args=None, catkin_skip_building_tests=False, mixin_files=None, mixin=None, verb_parser=<colcon_mixin.mixin.mixin_argument.MixinArgumentDecorator object at 0x75ea855d7f20>, verb_extension=<colcon_core.verb.build.BuildVerb object at 0x75ea855d7cb0>, main=<bound method BuildVerb.main of <colcon_core.verb.build.BuildVerb object at 0x75ea855d7cb0>>, mixin_verb=('build',))
[0.264s] Level 1:colcon.colcon_core.package_discovery:discover_packages(colcon_meta) check parameters
[0.264s] Level 1:colcon.colcon_core.package_discovery:discover_packages(recursive) check parameters
[0.264s] Level 1:colcon.colcon_core.package_discovery:discover_packages(ignore) check parameters
[0.264s] Level 1:colcon.colcon_core.package_discovery:discover_packages(path) check parameters
[0.264s] Level 1:colcon.colcon_core.package_discovery:discover_packages(colcon_meta) discover
[0.264s] Level 1:colcon.colcon_core.package_discovery:discover_packages(recursive) discover
[0.264s] INFO:colcon.colcon_core.package_discovery:Crawling recursively for packages in '/home/omar/amrws'
[0.264s] Level 1:colcon.colcon_core.package_identification:_identify(.) by extensions ['ignore', 'ignore_ament_install']
[0.265s] Level 1:colcon.colcon_core.package_identification:_identify(.) by extension 'ignore'
[0.265s] Level 1:colcon.colcon_core.package_identification:_identify(.) by extension 'ignore_ament_install'
[0.265s] Level 1:colcon.colcon_core.package_identification:_identify(.) by extensions ['colcon_pkg']
[0.265s] Level 1:colcon.colcon_core.package_identification:_identify(.) by extension 'colcon_pkg'
[0.265s] Level 1:colcon.colcon_core.package_identification:_identify(.) by extensions ['colcon_meta']
[0.265s] Level 1:colcon.colcon_core.package_identification:_identify(.) by extension 'colcon_meta'
[0.265s] Level 1:colcon.colcon_core.package_identification:_identify(.) by extensions ['ros']
[0.265s] Level 1:colcon.colcon_core.package_identification:_identify(.) by extension 'ros'
[0.306s] Level 1:colcon.colcon_core.package_identification:_identify(.) by extensions ['cmake', 'python']
[0.306s] Level 1:colcon.colcon_core.package_identification:_identify(.) by extension 'cmake'
[0.306s] Level 1:colcon.colcon_core.package_identification:_identify(.) by extension 'python'
[0.306s] Level 1:colcon.colcon_core.package_identification:_identify(.) by extensions ['python_setup_py']
[0.306s] Level 1:colcon.colcon_core.package_identification:_identify(.) by extension 'python_setup_py'
[0.307s] Level 1:colcon.colcon_core.package_identification:_identify(build) by extensions ['ignore', 'ignore_ament_install']
[0.307s] Level 1:colcon.colcon_core.package_identification:_identify(build) by extension 'ignore'
[0.307s] Level 1:colcon.colcon_core.package_identification:_identify(build) ignored
[0.307s] Level 1:colcon.colcon_core.package_identification:_identify(install) by extensions ['ignore', 'ignore_ament_install']
[0.307s] Level 1:colcon.colcon_core.package_identification:_identify(install) by extension 'ignore'
[0.307s] Level 1:colcon.colcon_core.package_identification:_identify(install) ignored
[0.307s] Level 1:colcon.colcon_core.package_identification:_identify(log) by extensions ['ignore', 'ignore_ament_install']
[0.307s] Level 1:colcon.colcon_core.package_identification:_identify(log) by extension 'ignore'
[0.308s] Level 1:colcon.colcon_core.package_identification:_identify(log) ignored
[0.308s] Level 1:colcon.colcon_core.package_identification:_identify(src) by extensions ['ignore', 'ignore_ament_install']
[0.308s] Level 1:colcon.colcon_core.package_identification:_identify(src) by extension 'ignore'
[0.308s] Level 1:colcon.colcon_core.package_identification:_identify(src) by extension 'ignore_ament_install'
[0.308s] Level 1:colcon.colcon_core.package_identification:_identify(src) by extensions ['colcon_pkg']
[0.308s] Level 1:colcon.colcon_core.package_identification:_identify(src) by extension 'colcon_pkg'
[0.308s] Level 1:colcon.colcon_core.package_identification:_identify(src) by extensions ['colcon_meta']
[0.308s] Level 1:colcon.colcon_core.package_identification:_identify(src) by extension 'colcon_meta'
[0.308s] Level 1:colcon.colcon_core.package_identification:_identify(src) by extensions ['ros']
[0.308s] Level 1:colcon.colcon_core.package_identification:_identify(src) by extension 'ros'
[0.308s] Level 1:colcon.colcon_core.package_identification:_identify(src) by extensions ['cmake', 'python']
[0.308s] Level 1:colcon.colcon_core.package_identification:_identify(src) by extension 'cmake'
[0.308s] Level 1:colcon.colcon_core.package_identification:_identify(src) by extension 'python'
[0.308s] Level 1:colcon.colcon_core.package_identification:_identify(src) by extensions ['python_setup_py']
[0.309s] Level 1:colcon.colcon_core.package_identification:_identify(src) by extension 'python_setup_py'
[0.309s] Level 1:colcon.colcon_core.package_identification:_identify(src/MIA_training_competion2026) by extensions ['ignore', 'ignore_ament_install']
[0.309s] Level 1:colcon.colcon_core.package_identification:_identify(src/MIA_training_competion2026) by extension 'ignore'
[0.309s] Level 1:colcon.colcon_core.package_identification:_identify(src/MIA_training_competion2026) by extension 'ignore_ament_install'
[0.309s] Level 1:colcon.colcon_core.package_identification:_identify(src/MIA_training_competion2026) by extensions ['colcon_pkg']
[0.309s] Level 1:colcon.colcon_core.package_identification:_identify(src/MIA_training_competion2026) by extension 'colcon_pkg'
[0.309s] Level 1:colcon.colcon_core.package_identification:_identify(src/MIA_training_competion2026) by extensions ['colcon_meta']
[0.309s] Level 1:colcon.colcon_core.package_identification:_identify(src/MIA_training_competion2026) by extension 'colcon_meta'
[0.309s] Level 1:colcon.colcon_core.package_identification:_identify(src/MIA_training_competion2026) by extensions ['ros']
[0.309s] Level 1:colcon.colcon_core.package_identification:_identify(src/MIA_training_competion2026) by extension 'ros'
[0.309s] Level 1:colcon.colcon_core.package_identification:_identify(src/MIA_training_competion2026) by extensions ['cmake', 'python']
[0.309s] Level 1:colcon.colcon_core.package_identification:_identify(src/MIA_training_competion2026) by extension 'cmake'
[0.309s] Level 1:colcon.colcon_core.package_identification:_identify(src/MIA_training_competion2026) by extension 'python'
[0.310s] Level 1:colcon.colcon_core.package_identification:_identify(src/MIA_training_competion2026) by extensions ['python_setup_py']
[0.310s] Level 1:colcon.colcon_core.package_identification:_identify(src/MIA_training_competion2026) by extension 'python_setup_py'
[0.310s] Level 1:colcon.colcon_core.package_identification:_identify(src/MIA_training_competion2026/camera_drivers) by extensions ['ignore', 'ignore_ament_install']
[0.310s] Level 1:colcon.colcon_core.package_identification:_identify(src/MIA_training_competion2026/camera_drivers) by extension 'ignore'
[0.310s] Level 1:colcon.colcon_core.package_identification:_identify(src/MIA_training_competion2026/camera_drivers) by extension 'ignore_ament_install'
[0.310s] Level 1:colcon.colcon_core.package_identification:_identify(src/MIA_training_competion2026/camera_drivers) by extensions ['colcon_pkg']
[0.310s] Level 1:colcon.colcon_core.package_identification:_identify(src/MIA_training_competion2026/camera_drivers) by extension 'colcon_pkg'
[0.310s] Level 1:colcon.colcon_core.package_identification:_identify(src/MIA_training_competion2026/camera_drivers) by extensions ['colcon_meta']
[0.310s] Level 1:colcon.colcon_core.package_identification:_identify(src/MIA_training_competion2026/camera_drivers) by extension 'colcon_meta'
[0.310s] Level 1:colcon.colcon_core.package_identification:_identify(src/MIA_training_competion2026/camera_drivers) by extensions ['ros']
[0.310s] Level 1:colcon.colcon_core.package_identification:_identify(src/MIA_training_competion2026/camera_drivers) by extension 'ros'
[0.314s] DEBUG:colcon.colcon_core.package_identification:Package 'src/MIA_training_competion2026/camera_drivers' with type 'ros.ament_python' and name 'camera_drivers'
[0.314s] Level 1:colcon.colcon_core.package_identification:_identify(src/MIA_training_competion2026/competetion_bringup) by extensions ['ignore', 'ignore_ament_install']
[0.314s] Level 1:colcon.colcon_core.package_identification:_identify(src/MIA_training_competion2026/competetion_bringup) by extension 'ignore'
[0.314s] Level 1:colcon.colcon_core.package_identification:_identify(src/MIA_training_competion2026/competetion_bringup) by extension 'ignore_ament_install'
[0.314s] Level 1:colcon.colcon_core.package_identification:_identify(src/MIA_training_competion2026/competetion_bringup) by extensions ['colcon_pkg']
[0.314s] Level 1:colcon.colcon_core.package_identification:_identify(src/MIA_training_competion2026/competetion_bringup) by extension 'colcon_pkg'
[0.314s] Level 1:colcon.colcon_core.package_identification:_identify(src/MIA_training_competion2026/competetion_bringup) by extensions ['colcon_meta']
[0.314s] Level 1:colcon.colcon_core.package_identification:_identify(src/MIA_training_competion2026/competetion_bringup) by extension 'colcon_meta'
[0.315s] Level 1:colcon.colcon_core.package_identification:_identify(src/MIA_training_competion2026/competetion_bringup) by extensions ['ros']
[0.315s] Level 1:colcon.colcon_core.package_identification:_identify(src/MIA_training_competion2026/competetion_bringup) by extension 'ros'
[0.315s] DEBUG:colcon.colcon_core.package_identification:Package 'src/MIA_training_competion2026/competetion_bringup' with type 'ros.ament_python' and name 'competetion_bringup'
[0.315s] Level 1:colcon.colcon_core.package_identification:_identify(src/MIA_training_competion2026/robot_kinematics_pkg) by extensions ['ignore', 'ignore_ament_install']
[0.316s] Level 1:colcon.colcon_core.package_identification:_identify(src/MIA_training_competion2026/robot_kinematics_pkg) by extension 'ignore'
[0.316s] Level 1:colcon.colcon_core.package_identification:_identify(src/MIA_training_competion2026/robot_kinematics_pkg) by extension 'ignore_ament_install'
[0.316s] Level 1:colcon.colcon_core.package_identification:_identify(src/MIA_training_competion2026/robot_kinematics_pkg) by extensions ['colcon_pkg']
[0.316s] Level 1:colcon.colcon_core.package_identification:_identify(src/MIA_training_competion2026/robot_kinematics_pkg) by extension 'colcon_pkg'
[0.316s] Level 1:colcon.colcon_core.package_identification:_identify(src/MIA_training_competion2026/robot_kinematics_pkg) by extensions ['colcon_meta']
[0.316s] Level 1:colcon.colcon_core.package_identification:_identify(src/MIA_training_competion2026/robot_kinematics_pkg) by extension 'colcon_meta'
[0.316s] Level 1:colcon.colcon_core.package_identification:_identify(src/MIA_training_competion2026/robot_kinematics_pkg) by extensions ['ros']
[0.316s] Level 1:colcon.colcon_core.package_identification:_identify(src/MIA_training_competion2026/robot_kinematics_pkg) by extension 'ros'
[0.317s] DEBUG:colcon.colcon_core.package_identification:Package 'src/MIA_training_competion2026/robot_kinematics_pkg' with type 'ros.ament_python' and name 'robot_kinematics_pkg'
[0.317s] Level 1:colcon.colcon_core.package_identification:_identify(src/MIA_training_competion2026/srv_pkg) by extensions ['ignore', 'ignore_ament_install']
[0.317s] Level 1:colcon.colcon_core.package_identification:_identify(src/MIA_training_competion2026/srv_pkg) by extension 'ignore'
[0.318s] Level 1:colcon.colcon_core.package_identification:_identify(src/MIA_training_competion2026/srv_pkg) by extension 'ignore_ament_install'
[0.318s] Level 1:colcon.colcon_core.package_identification:_identify(src/MIA_training_competion2026/srv_pkg) by extensions ['colcon_pkg']
[0.318s] Level 1:colcon.colcon_core.package_identification:_identify(src/MIA_training_competion2026/srv_pkg) by extension 'colcon_pkg'
[0.318s] Level 1:colcon.colcon_core.package_identification:_identify(src/MIA_training_competion2026/srv_pkg) by extensions ['colcon_meta']
[0.318s] Level 1:colcon.colcon_core.package_identification:_identify(src/MIA_training_competion2026/srv_pkg) by extension 'colcon_meta'
[0.318s] Level 1:colcon.colcon_core.package_identification:_identify(src/MIA_training_competion2026/srv_pkg) by extensions ['ros']
[0.318s] Level 1:colcon.colcon_core.package_identification:_identify(src/MIA_training_competion2026/srv_pkg) by extension 'ros'
[0.319s] DEBUG:colcon.colcon_core.package_identification:Package 'src/MIA_training_competion2026/srv_pkg' with type 'ros.ament_cmake' and name 'srv_pkg'
[0.319s] Level 1:colcon.colcon_core.package_identification:_identify(src/amr_khaled) by extensions ['ignore', 'ignore_ament_install']
[0.319s] Level 1:colcon.colcon_core.package_identification:_identify(src/amr_khaled) by extension 'ignore'
[0.319s] Level 1:colcon.colcon_core.package_identification:_identify(src/amr_khaled) by extension 'ignore_ament_install'
[0.319s] Level 1:colcon.colcon_core.package_identification:_identify(src/amr_khaled) by extensions ['colcon_pkg']
[0.319s] Level 1:colcon.colcon_core.package_identification:_identify(src/amr_khaled) by extension 'colcon_pkg'
[0.319s] Level 1:colcon.colcon_core.package_identification:_identify(src/amr_khaled) by extensions ['colcon_meta']
[0.319s] Level 1:colcon.colcon_core.package_identification:_identify(src/amr_khaled) by extension 'colcon_meta'
[0.319s] Level 1:colcon.colcon_core.package_identification:_identify(src/amr_khaled) by extensions ['ros']
[0.320s] Level 1:colcon.colcon_core.package_identification:_identify(src/amr_khaled) by extension 'ros'
[0.321s] DEBUG:colcon.colcon_core.package_identification:Found ROS schema reference in package manifest in 'src/amr_khaled'
[0.321s] WARNING:colcon.colcon_core.package_identification:Failed to parse ROS package manifest in 'src/amr_khaled': Error(s) in package 'src/amr_khaled/package.xml':
Invalid email "“omargomaa9102006@gmail.com”" for person "omar"
[0.321s] Level 1:colcon.colcon_core.package_identification:_identify(src/amr_khaled) by extensions ['cmake', 'python']
[0.321s] Level 1:colcon.colcon_core.package_identification:_identify(src/amr_khaled) by extension 'cmake'
[0.321s] Level 1:colcon.colcon_core.package_identification:_identify(src/amr_khaled) by extension 'python'
[0.321s] DEBUG:colcon.colcon_core.package_identification:Python package in 'src/amr_khaled' passes arguments to the setup() function which requires a different identification extension than 'python'
[0.321s] Level 1:colcon.colcon_core.package_identification:_identify(src/amr_khaled) by extensions ['python_setup_py']
[0.321s] Level 1:colcon.colcon_core.package_identification:_identify(src/amr_khaled) by extension 'python_setup_py'
[0.768s] DEBUG:colcon.colcon_core.package_identification:Package 'src/amr_khaled' with type 'python' and name 'amr_khaled'
[0.768s] Level 1:colcon.colcon_core.package_discovery:discover_packages(recursive) using defaults
[0.768s] Level 1:colcon.colcon_core.package_discovery:discover_packages(ignore) discover
[0.768s] Level 1:colcon.colcon_core.package_discovery:discover_packages(ignore) using defaults
[0.769s] Level 1:colcon.colcon_core.package_discovery:discover_packages(path) discover
[0.769s] Level 1:colcon.colcon_core.package_discovery:discover_packages(path) using defaults
[0.799s] Level 1:colcon.colcon_core.package_discovery:discover_packages(prefix_path) check parameters
[0.800s] Level 1:colcon.colcon_core.package_discovery:discover_packages(prefix_path) discover
[0.802s] DEBUG:colcon.colcon_installed_package_information.package_discovery:Found 3 installed packages in /home/omar/microros_ws/install
[0.805s] DEBUG:colcon.colcon_installed_package_information.package_discovery:Found 405 installed packages in /opt/ros/jazzy
[0.807s] Level 1:colcon.colcon_core.package_discovery:discover_packages(prefix_path) using defaults
[0.898s] Level 5:colcon.colcon_core.verb:set package 'amr_khaled' build argument 'cmake_args' from command line to 'None'
[0.898s] Level 5:colcon.colcon_core.verb:set package 'amr_khaled' build argument 'cmake_target' from command line to 'None'
[0.898s] Level 5:colcon.colcon_core.verb:set package 'amr_khaled' build argument 'cmake_target_skip_unavailable' from command line to 'False'
[0.898s] Level 5:colcon.colcon_core.verb:set package 'amr_khaled' build argument 'cmake_clean_cache' from command line to 'False'
[0.898s] Level 5:colcon.colcon_core.verb:set package 'amr_khaled' build argument 'cmake_clean_first' from command line to 'False'
[0.898s] Level 5:colcon.colcon_core.verb:set package 'amr_khaled' build argument 'cmake_force_configure' from command line to 'False'
[0.898s] Level 5:colcon.colcon_core.verb:set package 'amr_khaled' build argument 'ament_cmake_args' from command line to 'None'
[0.899s] Level 5:colcon.colcon_core.verb:set package 'amr_khaled' build argument 'catkin_cmake_args' from command line to 'None'
[0.899s] Level 5:colcon.colcon_core.verb:set package 'amr_khaled' build argument 'catkin_skip_building_tests' from command line to 'False'
[0.899s] DEBUG:colcon.colcon_core.verb:Building package 'amr_khaled' with the following arguments: {'ament_cmake_args': None, 'build_base': '/home/omar/amrws/build/amr_khaled', 'catkin_cmake_args': None, 'catkin_skip_building_tests': False, 'cmake_args': None, 'cmake_clean_cache': False, 'cmake_clean_first': False, 'cmake_force_configure': False, 'cmake_target': None, 'cmake_target_skip_unavailable': False, 'install_base': '/home/omar/amrws/install/amr_khaled', 'merge_install': False, 'path': '/home/omar/amrws/src/amr_khaled', 'symlink_install': False, 'test_result_base': None}
[0.899s] Level 5:colcon.colcon_core.verb:set package 'camera_drivers' build argument 'cmake_args' from command line to 'None'
[0.899s] Level 5:colcon.colcon_core.verb:set package 'camera_drivers' build argument 'cmake_target' from command line to 'None'
[0.899s] Level 5:colcon.colcon_core.verb:set package 'camera_drivers' build argument 'cmake_target_skip_unavailable' from command line to 'False'
[0.899s] Level 5:colcon.colcon_core.verb:set package 'camera_drivers' build argument 'cmake_clean_cache' from command line to 'False'
[0.899s] Level 5:colcon.colcon_core.verb:set package 'camera_drivers' build argument 'cmake_clean_first' from command line to 'False'
[0.899s] Level 5:colcon.colcon_core.verb:set package 'camera_drivers' build argument 'cmake_force_configure' from command line to 'False'
[0.899s] Level 5:colcon.colcon_core.verb:set package 'camera_drivers' build argument 'ament_cmake_args' from command line to 'None'
[0.899s] Level 5:colcon.colcon_core.verb:set package 'camera_drivers' build argument 'catkin_cmake_args' from command line to 'None'
[0.899s] Level 5:colcon.colcon_core.verb:set package 'camera_drivers' build argument 'catkin_skip_building_tests' from command line to 'False'
[0.899s] DEBUG:colcon.colcon_core.verb:Building package 'camera_drivers' with the following arguments: {'ament_cmake_args': None, 'build_base': '/home/omar/amrws/build/camera_drivers', 'catkin_cmake_args': None, 'catkin_skip_building_tests': False, 'cmake_args': None, 'cmake_clean_cache': False, 'cmake_clean_first': False, 'cmake_force_configure': False, 'cmake_target': None, 'cmake_target_skip_unavailable': False, 'install_base': '/home/omar/amrws/install/camera_drivers', 'merge_install': False, 'path': '/home/omar/amrws/src/MIA_training_competion2026/camera_drivers', 'symlink_install': False, 'test_result_base': None}
[0.900s] Level 5:colcon.colcon_core.verb:set package 'competetion_bringup' build argument 'cmake_args' from command line to 'None'
[0.900s] Level 5:colcon.colcon_core.verb:set package 'competetion_bringup' build argument 'cmake_target' from command line to 'None'
[0.900s] Level 5:colcon.colcon_core.verb:set package 'competetion_bringup' build argument 'cmake_target_skip_unavailable' from command line to 'False'
[0.900s] Level 5:colcon.colcon_core.verb:set package 'competetion_bringup' build argument 'cmake_clean_cache' from command line to 'False'
[0.900s] Level 5:colcon.colcon_core.verb:set package 'competetion_bringup' build argument 'cmake_clean_first' from command line to 'False'
[0.900s] Level 5:colcon.colcon_core.verb:set package 'competetion_bringup' build argument 'cmake_force_configure' from command line to 'False'
[0.900s] Level 5:colcon.colcon_core.verb:set package 'competetion_bringup' build argument 'ament_cmake_args' from command line to 'None'
[0.900s] Level 5:colcon.colcon_core.verb:set package 'competetion_bringup' build argument 'catkin_cmake_args' from command line to 'None'
[0.900s] Level 5:colcon.colcon_core.verb:set package 'competetion_bringup' build argument 'catkin_skip_building_tests' from command line to 'False'
[0.900s] DEBUG:colcon.colcon_core.verb:Building package 'competetion_bringup' with the following arguments: {'ament_cmake_args': None, 'build_base': '/home/omar/amrws/build/competetion_bringup', 'catkin_cmake_args': None, 'catkin_skip_building_tests': False, 'cmake_args': None, 'cmake_clean_cache': False, 'cmake_clean_first': False, 'cmake_force_configure': False, 'cmake_target': None, 'cmake_target_skip_unavailable': False, 'install_base': '/home/omar/amrws/install/competetion_bringup', 'merge_install': False, 'path': '/home/omar/amrws/src/MIA_training_competion2026/competetion_bringup', 'symlink_install': False, 'test_result_base': None}
[0.901s] Level 5:colcon.colcon_core.verb:set package 'robot_kinematics_pkg' build argument 'cmake_args' from command line to 'None'
[0.901s] Level 5:colcon.colcon_core.verb:set package 'robot_kinematics_pkg' build argument 'cmake_target' from command line to 'None'
[0.901s] Level 5:colcon.colcon_core.verb:set package 'robot_kinematics_pkg' build argument 'cmake_target_skip_unavailable' from command line to 'False'
[0.901s] Level 5:colcon.colcon_core.verb:set package 'robot_kinematics_pkg' build argument 'cmake_clean_cache' from command line to 'False'
[0.901s] Level 5:colcon.colcon_core.verb:set package 'robot_kinematics_pkg' build argument 'cmake_clean_first' from command line to 'False'
[0.901s] Level 5:colcon.colcon_core.verb:set package 'robot_kinematics_pkg' build argument 'cmake_force_configure' from command line to 'False'
[0.901s] Level 5:colcon.colcon_core.verb:set package 'robot_kinematics_pkg' build argument 'ament_cmake_args' from command line to 'None'
[0.901s] Level 5:colcon.colcon_core.verb:set package 'robot_kinematics_pkg' build argument 'catkin_cmake_args' from command line to 'None'
[0.901s] Level 5:colcon.colcon_core.verb:set package 'robot_kinematics_pkg' build argument 'catkin_skip_building_tests' from command line to 'False'
[0.901s] DEBUG:colcon.colcon_core.verb:Building package 'robot_kinematics_pkg' with the following arguments: {'ament_cmake_args': None, 'build_base': '/home/omar/amrws/build/robot_kinematics_pkg', 'catkin_cmake_args': None, 'catkin_skip_building_tests': False, 'cmake_args': None, 'cmake_clean_cache': False, 'cmake_clean_first': False, 'cmake_force_configure': False, 'cmake_target': None, 'cmake_target_skip_unavailable': False, 'install_base': '/home/omar/amrws/install/robot_kinematics_pkg', 'merge_install': False, 'path': '/home/omar/amrws/src/MIA_training_competion2026/robot_kinematics_pkg', 'symlink_install': False, 'test_result_base': None}
[0.901s] Level 5:colcon.colcon_core.verb:set package 'srv_pkg' build argument 'cmake_args' from command line to 'None'
[0.901s] Level 5:colcon.colcon_core.verb:set package 'srv_pkg' build argument 'cmake_target' from command line to 'None'
[0.901s] Level 5:colcon.colcon_core.verb:set package 'srv_pkg' build argument 'cmake_target_skip_unavailable' from command line to 'False'
[0.901s] Level 5:colcon.colcon_core.verb:set package 'srv_pkg' build argument 'cmake_clean_cache' from command line to 'False'
[0.901s] Level 5:colcon.colcon_core.verb:set package 'srv_pkg' build argument 'cmake_clean_first' from command line to 'False'
[0.901s] Level 5:colcon.colcon_core.verb:set package 'srv_pkg' build argument 'cmake_force_configure' from command line to 'False'
[0.901s] Level 5:colcon.colcon_core.verb:set package 'srv_pkg' build argument 'ament_cmake_args' from command line to 'None'
[0.902s] Level 5:colcon.colcon_core.verb:set package 'srv_pkg' build argument 'catkin_cmake_args' from command line to 'None'
[0.902s] Level 5:colcon.colcon_core.verb:set package 'srv_pkg' build argument 'catkin_skip_building_tests' from command line to 'False'
[0.902s] DEBUG:colcon.colcon_core.verb:Building package 'srv_pkg' with the following arguments: {'ament_cmake_args': None, 'build_base': '/home/omar/amrws/build/srv_pkg', 'catkin_cmake_args': None, 'catkin_skip_building_tests': False, 'cmake_args': None, 'cmake_clean_cache': False, 'cmake_clean_first': False, 'cmake_force_configure': False, 'cmake_target': None, 'cmake_target_skip_unavailable': False, 'install_base': '/home/omar/amrws/install/srv_pkg', 'merge_install': False, 'path': '/home/omar/amrws/src/MIA_training_competion2026/srv_pkg', 'symlink_install': False, 'test_result_base': None}
[0.902s] INFO:colcon.colcon_core.executor:Executing jobs using 'parallel' executor
[0.903s] DEBUG:colcon.colcon_parallel_executor.executor.parallel:run_until_complete
[0.903s] INFO:colcon.colcon_core.task.python.build:Building Python package in '/home/omar/amrws/src/amr_khaled'
[0.907s] INFO:colcon.colcon_core.plugin_system:Skipping extension 'colcon_core.shell.bat': Not used on non-Windows systems
[0.908s] INFO:colcon.colcon_core.shell:Skip shell extension 'powershell' for command environment: Not usable outside of PowerShell
[0.908s] DEBUG:colcon.colcon_core.shell:Skip shell extension 'dsv' for command environment
[0.916s] INFO:colcon.colcon_ros.task.ament_python.build:Building ROS package in '/home/omar/amrws/src/MIA_training_competion2026/camera_drivers' with build type 'ament_python'
[0.916s] Level 1:colcon.colcon_core.shell:create_environment_hook('camera_drivers', 'ament_prefix_path')
[0.917s] INFO:colcon.colcon_core.shell:Creating environment hook '/home/omar/amrws/install/camera_drivers/share/camera_drivers/hook/ament_prefix_path.ps1'
[0.918s] INFO:colcon.colcon_core.shell:Creating environment descriptor '/home/omar/amrws/install/camera_drivers/share/camera_drivers/hook/ament_prefix_path.dsv'
[0.919s] INFO:colcon.colcon_core.shell:Creating environment hook '/home/omar/amrws/install/camera_drivers/share/camera_drivers/hook/ament_prefix_path.sh'
[0.920s] INFO:colcon.colcon_core.shell:Skip shell extension 'powershell' for command environment: Not usable outside of PowerShell
[0.920s] DEBUG:colcon.colcon_core.shell:Skip shell extension 'dsv' for command environment
[0.926s] INFO:colcon.colcon_ros.task.ament_python.build:Building ROS package in '/home/omar/amrws/src/MIA_training_competion2026/competetion_bringup' with build type 'ament_python'
[0.926s] Level 1:colcon.colcon_core.shell:create_environment_hook('competetion_bringup', 'ament_prefix_path')
[0.927s] INFO:colcon.colcon_core.shell:Creating environment hook '/home/omar/amrws/install/competetion_bringup/share/competetion_bringup/hook/ament_prefix_path.ps1'
[0.928s] INFO:colcon.colcon_core.shell:Creating environment descriptor '/home/omar/amrws/install/competetion_bringup/share/competetion_bringup/hook/ament_prefix_path.dsv'
[0.929s] INFO:colcon.colcon_core.shell:Creating environment hook '/home/omar/amrws/install/competetion_bringup/share/competetion_bringup/hook/ament_prefix_path.sh'
[0.930s] INFO:colcon.colcon_core.shell:Skip shell extension 'powershell' for command environment: Not usable outside of PowerShell
[0.930s] DEBUG:colcon.colcon_core.shell:Skip shell extension 'dsv' for command environment
[0.937s] INFO:colcon.colcon_ros.task.ament_python.build:Building ROS package in '/home/omar/amrws/src/MIA_training_competion2026/robot_kinematics_pkg' with build type 'ament_python'
[0.937s] Level 1:colcon.colcon_core.shell:create_environment_hook('robot_kinematics_pkg', 'ament_prefix_path')
[0.937s] INFO:colcon.colcon_core.shell:Creating environment hook '/home/omar/amrws/install/robot_kinematics_pkg/share/robot_kinematics_pkg/hook/ament_prefix_path.ps1'
[0.938s] INFO:colcon.colcon_core.shell:Creating environment descriptor '/home/omar/amrws/install/robot_kinematics_pkg/share/robot_kinematics_pkg/hook/ament_prefix_path.dsv'
[0.939s] INFO:colcon.colcon_core.shell:Creating environment hook '/home/omar/amrws/install/robot_kinematics_pkg/share/robot_kinematics_pkg/hook/ament_prefix_path.sh'
[0.939s] INFO:colcon.colcon_core.shell:Skip shell extension 'powershell' for command environment: Not usable outside of PowerShell
[0.940s] DEBUG:colcon.colcon_core.shell:Skip shell extension 'dsv' for command environment
[1.904s] INFO:colcon.colcon_core.task.python.build:Building Python package in '/home/omar/amrws/src/MIA_training_competion2026/camera_drivers'
[1.905s] INFO:colcon.colcon_core.shell:Skip shell extension 'powershell' for command environment: Not usable outside of PowerShell
[1.905s] DEBUG:colcon.colcon_core.shell:Skip shell extension 'dsv' for command environment
[2.400s] INFO:colcon.colcon_core.task.python.build:Building Python package in '/home/omar/amrws/src/MIA_training_competion2026/competetion_bringup'
[2.401s] INFO:colcon.colcon_core.shell:Skip shell extension 'powershell' for command environment: Not usable outside of PowerShell
[2.401s] DEBUG:colcon.colcon_core.shell:Skip shell extension 'dsv' for command environment
[2.917s] INFO:colcon.colcon_core.task.python.build:Building Python package in '/home/omar/amrws/src/MIA_training_competion2026/robot_kinematics_pkg'
[2.918s] INFO:colcon.colcon_core.shell:Skip shell extension 'powershell' for command environment: Not usable outside of PowerShell
[2.918s] DEBUG:colcon.colcon_core.shell:Skip shell extension 'dsv' for command environment
[2.931s] DEBUG:colcon.colcon_core.task.python.build:Available setuptools commands: editable_wheel, saveopts, egg_info, bdist_rpm, alias, update_catalog, register, extract_messages, test, sdist, bdist_wheel, build, bdist_dumb, easy_install, check, build_ext, upload, rotate, clean, bdist, install, build_clib, init_catalog, install_headers, dist_info, bdist_egg, setopt, install_egg_info, install_data, symlink_data, upload_docs, develop, install_scripts, build_py, build_scripts, compile_catalog, install_lib
[2.937s] DEBUG:colcon.colcon_core.event_handler.log_command:Invoking command in '/home/omar/amrws/src/amr_khaled': DEBUGINFOD_URLS=https://debuginfod.ubuntu.com PYTHONPATH=/home/omar/amrws/build/amr_khaled/prefix_override:/usr/lib/python3/dist-packages/colcon_core/task/python/colcon_distutils_commands:/home/omar/amrws/install/amr_khaled/lib/python3.12/site-packages:${PYTHONPATH} /usr/bin/python3 -W ignore:setup.py install is deprecated -W ignore:easy_install command is deprecated setup.py egg_info --egg-base ../../build/amr_khaled build --build-base /home/omar/amrws/build/amr_khaled/build install --record /home/omar/amrws/build/amr_khaled/install.log --install-scripts $base/lib/amr_khaled --single-version-externally-managed install_data
[5.384s] DEBUG:colcon.colcon_core.task.python.build:Available setuptools commands: editable_wheel, saveopts, egg_info, bdist_rpm, alias, update_catalog, register, extract_messages, test, sdist, bdist_wheel, build, bdist_dumb, easy_install, check, build_ext, upload, rotate, clean, bdist, install, build_clib, init_catalog, install_headers, dist_info, bdist_egg, setopt, install_egg_info, install_data, symlink_data, upload_docs, develop, install_scripts, build_py, build_scripts, compile_catalog, install_lib
[5.387s] DEBUG:colcon.colcon_core.event_handler.log_command:Invoking command in '/home/omar/amrws/src/MIA_training_competion2026/robot_kinematics_pkg': DEBUGINFOD_URLS=https://debuginfod.ubuntu.com PYTHONPATH=/home/omar/amrws/build/robot_kinematics_pkg/prefix_override:/usr/lib/python3/dist-packages/colcon_core/task/python/colcon_distutils_commands:/home/omar/amrws/install/robot_kinematics_pkg/lib/python3.12/site-packages:${PYTHONPATH} /usr/bin/python3 -W ignore:setup.py install is deprecated -W ignore:easy_install command is deprecated setup.py egg_info --egg-base ../../../build/robot_kinematics_pkg build --build-base /home/omar/amrws/build/robot_kinematics_pkg/build install --record /home/omar/amrws/build/robot_kinematics_pkg/install.log --install-scripts $base/lib/robot_kinematics_pkg --single-version-externally-managed install_data
[5.390s] DEBUG:colcon.colcon_core.task.python.build:Available setuptools commands: editable_wheel, saveopts, egg_info, bdist_rpm, alias, update_catalog, register, extract_messages, test, sdist, bdist_wheel, build, bdist_dumb, easy_install, check, build_ext, upload, rotate, clean, bdist, install, build_clib, init_catalog, install_headers, dist_info, bdist_egg, setopt, install_egg_info, install_data, symlink_data, upload_docs, develop, install_scripts, build_py, build_scripts, compile_catalog, install_lib
[5.392s] DEBUG:colcon.colcon_core.event_handler.log_command:Invoking command in '/home/omar/amrws/src/MIA_training_competion2026/competetion_bringup': DEBUGINFOD_URLS=https://debuginfod.ubuntu.com PYTHONPATH=/home/omar/amrws/build/competetion_bringup/prefix_override:/usr/lib/python3/dist-packages/colcon_core/task/python/colcon_distutils_commands:/home/omar/amrws/install/competetion_bringup/lib/python3.12/site-packages:${PYTHONPATH} /usr/bin/python3 -W ignore:setup.py install is deprecated -W ignore:easy_install command is deprecated setup.py egg_info --egg-base ../../../build/competetion_bringup build --build-base /home/omar/amrws/build/competetion_bringup/build install --record /home/omar/amrws/build/competetion_bringup/install.log --install-scripts $base/lib/competetion_bringup --single-version-externally-managed install_data
[5.535s] DEBUG:colcon.colcon_core.task.python.build:Available setuptools commands: editable_wheel, saveopts, egg_info, bdist_rpm, alias, update_catalog, register, extract_messages, test, sdist, bdist_wheel, build, bdist_dumb, easy_install, check, build_ext, upload, rotate, clean, bdist, install, build_clib, init_catalog, install_headers, dist_info, bdist_egg, setopt, install_egg_info, install_data, symlink_data, upload_docs, develop, install_scripts, build_py, build_scripts, compile_catalog, install_lib
[5.544s] DEBUG:colcon.colcon_core.event_handler.log_command:Invoking command in '/home/omar/amrws/src/MIA_training_competion2026/camera_drivers': DEBUGINFOD_URLS=https://debuginfod.ubuntu.com PYTHONPATH=/home/omar/amrws/build/camera_drivers/prefix_override:/usr/lib/python3/dist-packages/colcon_core/task/python/colcon_distutils_commands:/home/omar/amrws/install/camera_drivers/lib/python3.12/site-packages:${PYTHONPATH} /usr/bin/python3 -W ignore:setup.py install is deprecated -W ignore:easy_install command is deprecated setup.py egg_info --egg-base ../../../build/camera_drivers build --build-base /home/omar/amrws/build/camera_drivers/build install --record /home/omar/amrws/build/camera_drivers/install.log --install-scripts $base/lib/camera_drivers --single-version-externally-managed install_data
[5.597s] DEBUG:colcon.colcon_core.event_handler.log_command:Invoked command in '/home/omar/amrws/src/amr_khaled' returned '0': DEBUGINFOD_URLS=https://debuginfod.ubuntu.com PYTHONPATH=/home/omar/amrws/build/amr_khaled/prefix_override:/usr/lib/python3/dist-packages/colcon_core/task/python/colcon_distutils_commands:/home/omar/amrws/install/amr_khaled/lib/python3.12/site-packages:${PYTHONPATH} /usr/bin/python3 -W ignore:setup.py install is deprecated -W ignore:easy_install command is deprecated setup.py egg_info --egg-base ../../build/amr_khaled build --build-base /home/omar/amrws/build/amr_khaled/build install --record /home/omar/amrws/build/amr_khaled/install.log --install-scripts $base/lib/amr_khaled --single-version-externally-managed install_data
[5.602s] Level 1:colcon.colcon_core.environment:checking '/home/omar/amrws/install/amr_khaled' for CMake module files
[5.604s] Level 1:colcon.colcon_core.environment:checking '/home/omar/amrws/install/amr_khaled' for CMake config files
[5.605s] Level 1:colcon.colcon_core.environment:checking '/home/omar/amrws/install/amr_khaled/lib'
[5.606s] Level 1:colcon.colcon_core.environment:checking '/home/omar/amrws/install/amr_khaled/bin'
[5.606s] Level 1:colcon.colcon_core.environment:checking '/home/omar/amrws/install/amr_khaled/lib/pkgconfig/amr_khaled.pc'
[5.606s] Level 1:colcon.colcon_core.environment:checking '/home/omar/amrws/install/amr_khaled/lib/python3.12/site-packages'
[5.607s] Level 1:colcon.colcon_core.shell:create_environment_hook('amr_khaled', 'pythonpath')
[5.607s] INFO:colcon.colcon_core.shell:Creating environment hook '/home/omar/amrws/install/amr_khaled/share/amr_khaled/hook/pythonpath.ps1'
[5.608s] INFO:colcon.colcon_core.shell:Creating environment descriptor '/home/omar/amrws/install/amr_khaled/share/amr_khaled/hook/pythonpath.dsv'
[5.609s] INFO:colcon.colcon_core.shell:Creating environment hook '/home/omar/amrws/install/amr_khaled/share/amr_khaled/hook/pythonpath.sh'
[5.611s] Level 1:colcon.colcon_core.environment:checking '/home/omar/amrws/install/amr_khaled/bin'
[5.611s] Level 1:colcon.colcon_core.environment:create_environment_scripts_only(amr_khaled)
[5.612s] INFO:colcon.colcon_core.shell:Creating package script '/home/omar/amrws/install/amr_khaled/share/amr_khaled/package.ps1'
[5.614s] INFO:colcon.colcon_core.shell:Creating package descriptor '/home/omar/amrws/install/amr_khaled/share/amr_khaled/package.dsv'
[5.615s] INFO:colcon.colcon_core.shell:Creating package script '/home/omar/amrws/install/amr_khaled/share/amr_khaled/package.sh'
[5.618s] INFO:colcon.colcon_core.shell:Creating package script '/home/omar/amrws/install/amr_khaled/share/amr_khaled/package.bash'
[5.620s] INFO:colcon.colcon_core.shell:Creating package script '/home/omar/amrws/install/amr_khaled/share/amr_khaled/package.zsh'
[5.621s] Level 1:colcon.colcon_core.environment:create_file_with_runtime_dependencies(/home/omar/amrws/install/amr_khaled/share/colcon-core/packages/amr_khaled)
[5.623s] INFO:colcon.colcon_ros.task.ament_cmake.build:Building ROS package in '/home/omar/amrws/src/MIA_training_competion2026/srv_pkg' with build type 'ament_cmake'
[5.623s] INFO:colcon.colcon_cmake.task.cmake.build:Building CMake package in '/home/omar/amrws/src/MIA_training_competion2026/srv_pkg'
[5.624s] INFO:colcon.colcon_core.shell:Skip shell extension 'powershell' for command environment: Not usable outside of PowerShell
[5.624s] DEBUG:colcon.colcon_core.shell:Skip shell extension 'dsv' for command environment
[5.648s] DEBUG:colcon.colcon_core.event_handler.log_command:Invoking command in '/home/omar/amrws/build/srv_pkg': CMAKE_PREFIX_PATH=${CMAKE_PREFIX_PATH}:/opt/ros/jazzy DEBUGINFOD_URLS=https://debuginfod.ubuntu.com /usr/bin/cmake --build /home/omar/amrws/build/srv_pkg -- -j4 -l4
[7.303s] DEBUG:colcon.colcon_core.event_handler.log_command:Invoked command in '/home/omar/amrws/build/srv_pkg' returned '0': CMAKE_PREFIX_PATH=${CMAKE_PREFIX_PATH}:/opt/ros/jazzy DEBUGINFOD_URLS=https://debuginfod.ubuntu.com /usr/bin/cmake --build /home/omar/amrws/build/srv_pkg -- -j4 -l4
[7.326s] DEBUG:colcon.colcon_core.event_handler.log_command:Invoking command in '/home/omar/amrws/build/srv_pkg': CMAKE_PREFIX_PATH=${CMAKE_PREFIX_PATH}:/opt/ros/jazzy DEBUGINFOD_URLS=https://debuginfod.ubuntu.com /usr/bin/cmake --install /home/omar/amrws/build/srv_pkg
[7.523s] Level 1:colcon.colcon_core.environment:create_environment_scripts_only(srv_pkg)
[7.524s] Level 1:colcon.colcon_core.environment:checking '/home/omar/amrws/install/srv_pkg' for CMake module files
[7.525s] DEBUG:colcon.colcon_core.event_handler.log_command:Invoked command in '/home/omar/amrws/build/srv_pkg' returned '0': CMAKE_PREFIX_PATH=${CMAKE_PREFIX_PATH}:/opt/ros/jazzy DEBUGINFOD_URLS=https://debuginfod.ubuntu.com /usr/bin/cmake --install /home/omar/amrws/build/srv_pkg
[7.527s] Level 1:colcon.colcon_core.environment:checking '/home/omar/amrws/install/srv_pkg' for CMake config files
[7.528s] Level 1:colcon.colcon_core.shell:create_environment_hook('srv_pkg', 'cmake_prefix_path')
[7.528s] INFO:colcon.colcon_core.shell:Creating environment hook '/home/omar/amrws/install/srv_pkg/share/srv_pkg/hook/cmake_prefix_path.ps1'
[7.529s] INFO:colcon.colcon_core.shell:Creating environment descriptor '/home/omar/amrws/install/srv_pkg/share/srv_pkg/hook/cmake_prefix_path.dsv'
[7.530s] INFO:colcon.colcon_core.shell:Creating environment hook '/home/omar/amrws/install/srv_pkg/share/srv_pkg/hook/cmake_prefix_path.sh'
[7.531s] Level 1:colcon.colcon_core.environment:checking '/home/omar/amrws/install/srv_pkg/lib'
[7.532s] Level 1:colcon.colcon_core.shell:create_environment_hook('srv_pkg', 'ld_library_path_lib')
[7.532s] INFO:colcon.colcon_core.shell:Creating environment hook '/home/omar/amrws/install/srv_pkg/share/srv_pkg/hook/ld_library_path_lib.ps1'
[7.533s] INFO:colcon.colcon_core.shell:Creating environment descriptor '/home/omar/amrws/install/srv_pkg/share/srv_pkg/hook/ld_library_path_lib.dsv'
[7.534s] INFO:colcon.colcon_core.shell:Creating environment hook '/home/omar/amrws/install/srv_pkg/share/srv_pkg/hook/ld_library_path_lib.sh'
[7.535s] Level 1:colcon.colcon_core.environment:checking '/home/omar/amrws/install/srv_pkg/bin'
[7.535s] Level 1:colcon.colcon_core.environment:checking '/home/omar/amrws/install/srv_pkg/lib/pkgconfig/srv_pkg.pc'
[7.535s] Level 1:colcon.colcon_core.environment:checking '/home/omar/amrws/install/srv_pkg/lib/python3.12/site-packages'
[7.536s] Level 1:colcon.colcon_core.shell:create_environment_hook('srv_pkg', 'pythonpath')
[7.536s] INFO:colcon.colcon_core.shell:Creating environment hook '/home/omar/amrws/install/srv_pkg/share/srv_pkg/hook/pythonpath.ps1'
[7.537s] INFO:colcon.colcon_core.shell:Creating environment descriptor '/home/omar/amrws/install/srv_pkg/share/srv_pkg/hook/pythonpath.dsv'
[7.538s] INFO:colcon.colcon_core.shell:Creating environment hook '/home/omar/amrws/install/srv_pkg/share/srv_pkg/hook/pythonpath.sh'
[7.540s] Level 1:colcon.colcon_core.environment:checking '/home/omar/amrws/install/srv_pkg/bin'
[7.540s] INFO:colcon.colcon_core.shell:Creating package script '/home/omar/amrws/install/srv_pkg/share/srv_pkg/package.ps1'
[7.544s] INFO:colcon.colcon_core.shell:Creating package descriptor '/home/omar/amrws/install/srv_pkg/share/srv_pkg/package.dsv'
[7.545s] INFO:colcon.colcon_core.shell:Creating package script '/home/omar/amrws/install/srv_pkg/share/srv_pkg/package.sh'
[7.546s] INFO:colcon.colcon_core.shell:Creating package script '/home/omar/amrws/install/srv_pkg/share/srv_pkg/package.bash'
[7.547s] INFO:colcon.colcon_core.shell:Creating package script '/home/omar/amrws/install/srv_pkg/share/srv_pkg/package.zsh'
[7.548s] Level 1:colcon.colcon_core.environment:create_file_with_runtime_dependencies(/home/omar/amrws/install/srv_pkg/share/colcon-core/packages/srv_pkg)
[7.549s] Level 1:colcon.colcon_core.environment:create_environment_scripts_only(srv_pkg)
[7.549s] Level 1:colcon.colcon_core.environment:checking '/home/omar/amrws/install/srv_pkg' for CMake module files
[7.551s] Level 1:colcon.colcon_core.environment:checking '/home/omar/amrws/install/srv_pkg' for CMake config files
[7.552s] Level 1:colcon.colcon_core.shell:create_environment_hook('srv_pkg', 'cmake_prefix_path')
[7.552s] INFO:colcon.colcon_core.shell:Creating environment hook '/home/omar/amrws/install/srv_pkg/share/srv_pkg/hook/cmake_prefix_path.ps1'
[7.553s] INFO:colcon.colcon_core.shell:Creating environment descriptor '/home/omar/amrws/install/srv_pkg/share/srv_pkg/hook/cmake_prefix_path.dsv'
[7.554s] INFO:colcon.colcon_core.shell:Creating environment hook '/home/omar/amrws/install/srv_pkg/share/srv_pkg/hook/cmake_prefix_path.sh'
[7.556s] Level 1:colcon.colcon_core.environment:checking '/home/omar/amrws/install/srv_pkg/lib'
[7.556s] Level 1:colcon.colcon_core.shell:create_environment_hook('srv_pkg', 'ld_library_path_lib')
[7.556s] INFO:colcon.colcon_core.shell:Creating environment hook '/home/omar/amrws/install/srv_pkg/share/srv_pkg/hook/ld_library_path_lib.ps1'
[7.557s] INFO:colcon.colcon_core.shell:Creating environment descriptor '/home/omar/amrws/install/srv_pkg/share/srv_pkg/hook/ld_library_path_lib.dsv'
[7.558s] INFO:colcon.colcon_core.shell:Creating environment hook '/home/omar/amrws/install/srv_pkg/share/srv_pkg/hook/ld_library_path_lib.sh'
[7.559s] Level 1:colcon.colcon_core.environment:checking '/home/omar/amrws/install/srv_pkg/bin'
[7.559s] Level 1:colcon.colcon_core.environment:checking '/home/omar/amrws/install/srv_pkg/lib/pkgconfig/srv_pkg.pc'
[7.559s] Level 1:colcon.colcon_core.environment:checking '/home/omar/amrws/install/srv_pkg/lib/python3.12/site-packages'
[7.560s] Level 1:colcon.colcon_core.shell:create_environment_hook('srv_pkg', 'pythonpath')
[7.560s] INFO:colcon.colcon_core.shell:Creating environment hook '/home/omar/amrws/install/srv_pkg/share/srv_pkg/hook/pythonpath.ps1'
[7.562s] INFO:colcon.colcon_core.shell:Creating environment descriptor '/home/omar/amrws/install/srv_pkg/share/srv_pkg/hook/pythonpath.dsv'
[7.563s] INFO:colcon.colcon_core.shell:Creating environment hook '/home/omar/amrws/install/srv_pkg/share/srv_pkg/hook/pythonpath.sh'
[7.565s] Level 1:colcon.colcon_core.environment:checking '/home/omar/amrws/install/srv_pkg/bin'
[7.565s] INFO:colcon.colcon_core.shell:Creating package script '/home/omar/amrws/install/srv_pkg/share/srv_pkg/package.ps1'
[7.567s] INFO:colcon.colcon_core.shell:Creating package descriptor '/home/omar/amrws/install/srv_pkg/share/srv_pkg/package.dsv'
[7.569s] INFO:colcon.colcon_core.shell:Creating package script '/home/omar/amrws/install/srv_pkg/share/srv_pkg/package.sh'
[7.570s] INFO:colcon.colcon_core.shell:Creating package script '/home/omar/amrws/install/srv_pkg/share/srv_pkg/package.bash'
[7.571s] INFO:colcon.colcon_core.shell:Creating package script '/home/omar/amrws/install/srv_pkg/share/srv_pkg/package.zsh'
[7.572s] Level 1:colcon.colcon_core.environment:create_file_with_runtime_dependencies(/home/omar/amrws/install/srv_pkg/share/colcon-core/packages/srv_pkg)
[7.978s] Level 1:colcon.colcon_core.environment:checking '/home/omar/amrws/install/competetion_bringup' for CMake module files
[7.979s] DEBUG:colcon.colcon_core.event_handler.log_command:Invoked command in '/home/omar/amrws/src/MIA_training_competion2026/competetion_bringup' returned '0': DEBUGINFOD_URLS=https://debuginfod.ubuntu.com PYTHONPATH=/home/omar/amrws/build/competetion_bringup/prefix_override:/usr/lib/python3/dist-packages/colcon_core/task/python/colcon_distutils_commands:/home/omar/amrws/install/competetion_bringup/lib/python3.12/site-packages:${PYTHONPATH} /usr/bin/python3 -W ignore:setup.py install is deprecated -W ignore:easy_install command is deprecated setup.py egg_info --egg-base ../../../build/competetion_bringup build --build-base /home/omar/amrws/build/competetion_bringup/build install --record /home/omar/amrws/build/competetion_bringup/install.log --install-scripts $base/lib/competetion_bringup --single-version-externally-managed install_data
[7.980s] Level 1:colcon.colcon_core.environment:checking '/home/omar/amrws/install/competetion_bringup' for CMake config files
[7.981s] Level 1:colcon.colcon_core.environment:checking '/home/omar/amrws/install/competetion_bringup/lib'
[7.981s] Level 1:colcon.colcon_core.environment:checking '/home/omar/amrws/install/competetion_bringup/bin'
[7.981s] Level 1:colcon.colcon_core.environment:checking '/home/omar/amrws/install/competetion_bringup/lib/pkgconfig/competetion_bringup.pc'
[7.982s] Level 1:colcon.colcon_core.environment:checking '/home/omar/amrws/install/competetion_bringup/lib/python3.12/site-packages'
[7.982s] Level 1:colcon.colcon_core.shell:create_environment_hook('competetion_bringup', 'pythonpath')
[7.983s] INFO:colcon.colcon_core.shell:Creating environment hook '/home/omar/amrws/install/competetion_bringup/share/competetion_bringup/hook/pythonpath.ps1'
[7.984s] INFO:colcon.colcon_core.shell:Creating environment descriptor '/home/omar/amrws/install/competetion_bringup/share/competetion_bringup/hook/pythonpath.dsv'
[7.985s] INFO:colcon.colcon_core.shell:Creating environment hook '/home/omar/amrws/install/competetion_bringup/share/competetion_bringup/hook/pythonpath.sh'
[7.986s] Level 1:colcon.colcon_core.environment:checking '/home/omar/amrws/install/competetion_bringup/bin'
[7.986s] Level 1:colcon.colcon_core.environment:create_environment_scripts_only(competetion_bringup)
[7.987s] INFO:colcon.colcon_core.shell:Creating package script '/home/omar/amrws/install/competetion_bringup/share/competetion_bringup/package.ps1'
[7.989s] INFO:colcon.colcon_core.shell:Creating package descriptor '/home/omar/amrws/install/competetion_bringup/share/competetion_bringup/package.dsv'
[7.990s] INFO:colcon.colcon_core.shell:Creating package script '/home/omar/amrws/install/competetion_bringup/share/competetion_bringup/package.sh'
[7.991s] INFO:colcon.colcon_core.shell:Creating package script '/home/omar/amrws/install/competetion_bringup/share/competetion_bringup/package.bash'
[7.992s] INFO:colcon.colcon_core.shell:Creating package script '/home/omar/amrws/install/competetion_bringup/share/competetion_bringup/package.zsh'
[7.992s] Level 1:colcon.colcon_core.environment:create_file_with_runtime_dependencies(/home/omar/amrws/install/competetion_bringup/share/colcon-core/packages/competetion_bringup)
[8.089s] Level 1:colcon.colcon_core.environment:checking '/home/omar/amrws/install/robot_kinematics_pkg' for CMake module files
[8.090s] DEBUG:colcon.colcon_core.event_handler.log_command:Invoked command in '/home/omar/amrws/src/MIA_training_competion2026/robot_kinematics_pkg' returned '0': DEBUGINFOD_URLS=https://debuginfod.ubuntu.com PYTHONPATH=/home/omar/amrws/build/robot_kinematics_pkg/prefix_override:/usr/lib/python3/dist-packages/colcon_core/task/python/colcon_distutils_commands:/home/omar/amrws/install/robot_kinematics_pkg/lib/python3.12/site-packages:${PYTHONPATH} /usr/bin/python3 -W ignore:setup.py install is deprecated -W ignore:easy_install command is deprecated setup.py egg_info --egg-base ../../../build/robot_kinematics_pkg build --build-base /home/omar/amrws/build/robot_kinematics_pkg/build install --record /home/omar/amrws/build/robot_kinematics_pkg/install.log --install-scripts $base/lib/robot_kinematics_pkg --single-version-externally-managed install_data
[8.091s] Level 1:colcon.colcon_core.environment:checking '/home/omar/amrws/install/robot_kinematics_pkg' for CMake config files
[8.093s] Level 1:colcon.colcon_core.environment:checking '/home/omar/amrws/install/robot_kinematics_pkg/lib'
[8.093s] Level 1:colcon.colcon_core.environment:checking '/home/omar/amrws/install/robot_kinematics_pkg/bin'
[8.093s] Level 1:colcon.colcon_core.environment:checking '/home/omar/amrws/install/robot_kinematics_pkg/lib/pkgconfig/robot_kinematics_pkg.pc'
[8.094s] Level 1:colcon.colcon_core.environment:checking '/home/omar/amrws/install/robot_kinematics_pkg/lib/python3.12/site-packages'
[8.094s] Level 1:colcon.colcon_core.shell:create_environment_hook('robot_kinematics_pkg', 'pythonpath')
[8.094s] INFO:colcon.colcon_core.shell:Creating environment hook '/home/omar/amrws/install/robot_kinematics_pkg/share/robot_kinematics_pkg/hook/pythonpath.ps1'
[8.095s] INFO:colcon.colcon_core.shell:Creating environment descriptor '/home/omar/amrws/install/robot_kinematics_pkg/share/robot_kinematics_pkg/hook/pythonpath.dsv'
[8.096s] INFO:colcon.colcon_core.shell:Creating environment hook '/home/omar/amrws/install/robot_kinematics_pkg/share/robot_kinematics_pkg/hook/pythonpath.sh'
[8.098s] Level 1:colcon.colcon_core.environment:checking '/home/omar/amrws/install/robot_kinematics_pkg/bin'
[8.098s] Level 1:colcon.colcon_core.environment:create_environment_scripts_only(robot_kinematics_pkg)
[8.098s] INFO:colcon.colcon_core.shell:Creating package script '/home/omar/amrws/install/robot_kinematics_pkg/share/robot_kinematics_pkg/package.ps1'
[8.100s] INFO:colcon.colcon_core.shell:Creating package descriptor '/home/omar/amrws/install/robot_kinematics_pkg/share/robot_kinematics_pkg/package.dsv'
[8.101s] INFO:colcon.colcon_core.shell:Creating package script '/home/omar/amrws/install/robot_kinematics_pkg/share/robot_kinematics_pkg/package.sh'
[8.102s] INFO:colcon.colcon_core.shell:Creating package script '/home/omar/amrws/install/robot_kinematics_pkg/share/robot_kinematics_pkg/package.bash'
[8.103s] INFO:colcon.colcon_core.shell:Creating package script '/home/omar/amrws/install/robot_kinematics_pkg/share/robot_kinematics_pkg/package.zsh'
[8.104s] Level 1:colcon.colcon_core.environment:create_file_with_runtime_dependencies(/home/omar/amrws/install/robot_kinematics_pkg/share/colcon-core/packages/robot_kinematics_pkg)
[8.248s] Level 1:colcon.colcon_core.environment:checking '/home/omar/amrws/install/camera_drivers' for CMake module files
[8.249s] DEBUG:colcon.colcon_core.event_handler.log_command:Invoked command in '/home/omar/amrws/src/MIA_training_competion2026/camera_drivers' returned '0': DEBUGINFOD_URLS=https://debuginfod.ubuntu.com PYTHONPATH=/home/omar/amrws/build/camera_drivers/prefix_override:/usr/lib/python3/dist-packages/colcon_core/task/python/colcon_distutils_commands:/home/omar/amrws/install/camera_drivers/lib/python3.12/site-packages:${PYTHONPATH} /usr/bin/python3 -W ignore:setup.py install is deprecated -W ignore:easy_install command is deprecated setup.py egg_info --egg-base ../../../build/camera_drivers build --build-base /home/omar/amrws/build/camera_drivers/build install --record /home/omar/amrws/build/camera_drivers/install.log --install-scripts $base/lib/camera_drivers --single-version-externally-managed install_data
[8.250s] Level 1:colcon.colcon_core.environment:checking '/home/omar/amrws/install/camera_drivers' for CMake config files
[8.251s] Level 1:colcon.colcon_core.environment:checking '/home/omar/amrws/install/camera_drivers/lib'
[8.251s] Level 1:colcon.colcon_core.environment:checking '/home/omar/amrws/install/camera_drivers/bin'
[8.251s] Level 1:colcon.colcon_core.environment:checking '/home/omar/amrws/install/camera_drivers/lib/pkgconfig/camera_drivers.pc'
[8.251s] Level 1:colcon.colcon_core.environment:checking '/home/omar/amrws/install/camera_drivers/lib/python3.12/site-packages'
[8.251s] Level 1:colcon.colcon_core.shell:create_environment_hook('camera_drivers', 'pythonpath')
[8.252s] INFO:colcon.colcon_core.shell:Creating environment hook '/home/omar/amrws/install/camera_drivers/share/camera_drivers/hook/pythonpath.ps1'
[8.252s] INFO:colcon.colcon_core.shell:Creating environment descriptor '/home/omar/amrws/install/camera_drivers/share/camera_drivers/hook/pythonpath.dsv'
[8.253s] INFO:colcon.colcon_core.shell:Creating environment hook '/home/omar/amrws/install/camera_drivers/share/camera_drivers/hook/pythonpath.sh'
[8.254s] Level 1:colcon.colcon_core.environment:checking '/home/omar/amrws/install/camera_drivers/bin'
[8.254s] Level 1:colcon.colcon_core.environment:create_environment_scripts_only(camera_drivers)
[8.254s] INFO:colcon.colcon_core.shell:Creating package script '/home/omar/amrws/install/camera_drivers/share/camera_drivers/package.ps1'
[8.255s] INFO:colcon.colcon_core.shell:Creating package descriptor '/home/omar/amrws/install/camera_drivers/share/camera_drivers/package.dsv'
[8.256s] INFO:colcon.colcon_core.shell:Creating package script '/home/omar/amrws/install/camera_drivers/share/camera_drivers/package.sh'
[8.256s] INFO:colcon.colcon_core.shell:Creating package script '/home/omar/amrws/install/camera_drivers/share/camera_drivers/package.bash'
[8.257s] INFO:colcon.colcon_core.shell:Creating package script '/home/omar/amrws/install/camera_drivers/share/camera_drivers/package.zsh'
[8.257s] Level 1:colcon.colcon_core.environment:create_file_with_runtime_dependencies(/home/omar/amrws/install/camera_drivers/share/colcon-core/packages/camera_drivers)
[8.258s] DEBUG:colcon.colcon_parallel_executor.executor.parallel:closing loop
[8.258s] DEBUG:colcon.colcon_parallel_executor.executor.parallel:loop closed
[8.258s] DEBUG:colcon.colcon_parallel_executor.executor.parallel:run_until_complete finished with '0'
[8.258s] DEBUG:colcon.colcon_core.event_reactor:joining thread
[8.285s] INFO:colcon.colcon_core.plugin_system:Skipping extension 'colcon_notification.desktop_notification.terminal_notifier': Not used on non-Darwin systems
[8.285s] INFO:colcon.colcon_core.plugin_system:Skipping extension 'colcon_notification.desktop_notification.win32': Not used on non-Windows systems
[8.285s] INFO:colcon.colcon_notification.desktop_notification:Sending desktop notification using 'notify2'
[8.306s] DEBUG:colcon.colcon_core.event_reactor:joined thread
[8.307s] INFO:colcon.colcon_core.shell:Creating prefix script '/home/omar/amrws/install/local_setup.ps1'
[8.309s] INFO:colcon.colcon_core.shell:Creating prefix util module '/home/omar/amrws/install/_local_setup_util_ps1.py'
[8.311s] INFO:colcon.colcon_core.shell:Creating prefix chain script '/home/omar/amrws/install/setup.ps1'
[8.312s] INFO:colcon.colcon_core.shell:Creating prefix script '/home/omar/amrws/install/local_setup.sh'
[8.313s] INFO:colcon.colcon_core.shell:Creating prefix util module '/home/omar/amrws/install/_local_setup_util_sh.py'
[8.314s] INFO:colcon.colcon_core.shell:Creating prefix chain script '/home/omar/amrws/install/setup.sh'
[8.316s] INFO:colcon.colcon_core.shell:Creating prefix script '/home/omar/amrws/install/local_setup.bash'
[8.316s] INFO:colcon.colcon_core.shell:Creating prefix chain script '/home/omar/amrws/install/setup.bash'
[8.318s] INFO:colcon.colcon_core.shell:Creating prefix script '/home/omar/amrws/install/local_setup.zsh'
[8.319s] INFO:colcon.colcon_core.shell:Creating prefix chain script '/home/omar/amrws/install/setup.zsh'
