running egg_info
creating ../../../build/robot_kinematics_pkg/robot_kinematics_pkg.egg-info
writing ../../../build/robot_kinematics_pkg/robot_kinematics_pkg.egg-info/PKG-INFO
writing dependency_links to ../../../build/robot_kinematics_pkg/robot_kinematics_pkg.egg-info/dependency_links.txt
writing entry points to ../../../build/robot_kinematics_pkg/robot_kinematics_pkg.egg-info/entry_points.txt
writing requirements to ../../../build/robot_kinematics_pkg/robot_kinematics_pkg.egg-info/requires.txt
writing top-level names to ../../../build/robot_kinematics_pkg/robot_kinematics_pkg.egg-info/top_level.txt
writing manifest file '../../../build/robot_kinematics_pkg/robot_kinematics_pkg.egg-info/SOURCES.txt'
reading manifest file '../../../build/robot_kinematics_pkg/robot_kinematics_pkg.egg-info/SOURCES.txt'
writing manifest file '../../../build/robot_kinematics_pkg/robot_kinematics_pkg.egg-info/SOURCES.txt'
running build
running build_py
creating /home/omar/amrws/build/robot_kinematics_pkg/build
creating /home/omar/amrws/build/robot_kinematics_pkg/build/lib
creating /home/omar/amrws/build/robot_kinematics_pkg/build/lib/robot_kinematics_pkg
copying robot_kinematics_pkg/__init__.py -> /home/omar/amrws/build/robot_kinematics_pkg/build/lib/robot_kinematics_pkg
creating /home/omar/amrws/build/robot_kinematics_pkg/build/lib/robot_kinematics_pkg/kinematics2
copying robot_kinematics_pkg/kinematics2/mecanum_kin.py -> /home/omar/amrws/build/robot_kinematics_pkg/build/lib/robot_kinematics_pkg/kinematics2
copying robot_kinematics_pkg/kinematics2/__init__.py -> /home/omar/amrws/build/robot_kinematics_pkg/build/lib/robot_kinematics_pkg/kinematics2
copying robot_kinematics_pkg/kinematics2/kinematics2.py -> /home/omar/amrws/build/robot_kinematics_pkg/build/lib/robot_kinematics_pkg/kinematics2
copying robot_kinematics_pkg/kinematics2/diff_kin_2wheels.py -> /home/omar/amrws/build/robot_kinematics_pkg/build/lib/robot_kinematics_pkg/kinematics2
copying robot_kinematics_pkg/kinematics2/diff_kin.py -> /home/omar/amrws/build/robot_kinematics_pkg/build/lib/robot_kinematics_pkg/kinematics2
creating /home/omar/amrws/build/robot_kinematics_pkg/build/lib/robot_kinematics_pkg/scripts
copying robot_kinematics_pkg/scripts/__init__.py -> /home/omar/amrws/build/robot_kinematics_pkg/build/lib/robot_kinematics_pkg/scripts
copying robot_kinematics_pkg/scripts/Ros_node.py -> /home/omar/amrws/build/robot_kinematics_pkg/build/lib/robot_kinematics_pkg/scripts
creating /home/omar/amrws/build/robot_kinematics_pkg/build/lib/robot_kinematics_pkg/kinematics1
copying robot_kinematics_pkg/kinematics1/__init__.py -> /home/omar/amrws/build/robot_kinematics_pkg/build/lib/robot_kinematics_pkg/kinematics1
copying robot_kinematics_pkg/kinematics1/omni6_kin.py -> /home/omar/amrws/build/robot_kinematics_pkg/build/lib/robot_kinematics_pkg/kinematics1
copying robot_kinematics_pkg/kinematics1/omni4_kin.py -> /home/omar/amrws/build/robot_kinematics_pkg/build/lib/robot_kinematics_pkg/kinematics1
copying robot_kinematics_pkg/kinematics1/omni3_kin.py -> /home/omar/amrws/build/robot_kinematics_pkg/build/lib/robot_kinematics_pkg/kinematics1
copying robot_kinematics_pkg/kinematics1/kinematics.py -> /home/omar/amrws/build/robot_kinematics_pkg/build/lib/robot_kinematics_pkg/kinematics1
creating /home/omar/amrws/build/robot_kinematics_pkg/build/lib/robot_kinematics_pkg/scripts/diff
copying robot_kinematics_pkg/scripts/diff/__init__.py -> /home/omar/amrws/build/robot_kinematics_pkg/build/lib/robot_kinematics_pkg/scripts/diff
copying robot_kinematics_pkg/scripts/diff/diff_invers_new_r1.py -> /home/omar/amrws/build/robot_kinematics_pkg/build/lib/robot_kinematics_pkg/scripts/diff
copying robot_kinematics_pkg/scripts/diff/diff_forward.py -> /home/omar/amrws/build/robot_kinematics_pkg/build/lib/robot_kinematics_pkg/scripts/diff
copying robot_kinematics_pkg/scripts/diff/diff_invers_r1.py -> /home/omar/amrws/build/robot_kinematics_pkg/build/lib/robot_kinematics_pkg/scripts/diff
copying robot_kinematics_pkg/scripts/diff/diff_invers.py -> /home/omar/amrws/build/robot_kinematics_pkg/build/lib/robot_kinematics_pkg/scripts/diff
copying robot_kinematics_pkg/scripts/diff/diff_forward_r1.py -> /home/omar/amrws/build/robot_kinematics_pkg/build/lib/robot_kinematics_pkg/scripts/diff
creating /home/omar/amrws/build/robot_kinematics_pkg/build/lib/robot_kinematics_pkg/scripts/diff_2wheels
copying robot_kinematics_pkg/scripts/diff_2wheels/__init__.py -> /home/omar/amrws/build/robot_kinematics_pkg/build/lib/robot_kinematics_pkg/scripts/diff_2wheels
copying robot_kinematics_pkg/scripts/diff_2wheels/diff_2wheels_invers.py -> /home/omar/amrws/build/robot_kinematics_pkg/build/lib/robot_kinematics_pkg/scripts/diff_2wheels
copying robot_kinematics_pkg/scripts/diff_2wheels/diff_2wheels_forward.py -> /home/omar/amrws/build/robot_kinematics_pkg/build/lib/robot_kinematics_pkg/scripts/diff_2wheels
creating /home/omar/amrws/build/robot_kinematics_pkg/build/lib/robot_kinematics_pkg/scripts/omni
copying robot_kinematics_pkg/scripts/omni/__init__.py -> /home/omar/amrws/build/robot_kinematics_pkg/build/lib/robot_kinematics_pkg/scripts/omni
copying robot_kinematics_pkg/scripts/omni/omni4_forward.py -> /home/omar/amrws/build/robot_kinematics_pkg/build/lib/robot_kinematics_pkg/scripts/omni
copying robot_kinematics_pkg/scripts/omni/diff_invers_r1.py -> /home/omar/amrws/build/robot_kinematics_pkg/build/lib/robot_kinematics_pkg/scripts/omni
copying robot_kinematics_pkg/scripts/omni/omni6_inverse.py -> /home/omar/amrws/build/robot_kinematics_pkg/build/lib/robot_kinematics_pkg/scripts/omni
copying robot_kinematics_pkg/scripts/omni/omni4_invers.py -> /home/omar/amrws/build/robot_kinematics_pkg/build/lib/robot_kinematics_pkg/scripts/omni
copying robot_kinematics_pkg/scripts/omni/omni3_invers.py -> /home/omar/amrws/build/robot_kinematics_pkg/build/lib/robot_kinematics_pkg/scripts/omni
copying robot_kinematics_pkg/scripts/omni/omni3_forward.py -> /home/omar/amrws/build/robot_kinematics_pkg/build/lib/robot_kinematics_pkg/scripts/omni
creating /home/omar/amrws/build/robot_kinematics_pkg/build/lib/robot_kinematics_pkg/scripts/mecanum
copying robot_kinematics_pkg/scripts/mecanum/mecanum_forward.py -> /home/omar/amrws/build/robot_kinematics_pkg/build/lib/robot_kinematics_pkg/scripts/mecanum
copying robot_kinematics_pkg/scripts/mecanum/__init__.py -> /home/omar/amrws/build/robot_kinematics_pkg/build/lib/robot_kinematics_pkg/scripts/mecanum
copying robot_kinematics_pkg/scripts/mecanum/mecanum_invers_r2.py -> /home/omar/amrws/build/robot_kinematics_pkg/build/lib/robot_kinematics_pkg/scripts/mecanum
copying robot_kinematics_pkg/scripts/mecanum/mecanum_invers.py -> /home/omar/amrws/build/robot_kinematics_pkg/build/lib/robot_kinematics_pkg/scripts/mecanum
running install
running install_lib
creating /home/omar/amrws/install/robot_kinematics_pkg/lib/python3.12/site-packages/robot_kinematics_pkg
copying /home/omar/amrws/build/robot_kinematics_pkg/build/lib/robot_kinematics_pkg/__init__.py -> /home/omar/amrws/install/robot_kinematics_pkg/lib/python3.12/site-packages/robot_kinematics_pkg
creating /home/omar/amrws/install/robot_kinematics_pkg/lib/python3.12/site-packages/robot_kinematics_pkg/kinematics2
copying /home/omar/amrws/build/robot_kinematics_pkg/build/lib/robot_kinematics_pkg/kinematics2/mecanum_kin.py -> /home/omar/amrws/install/robot_kinematics_pkg/lib/python3.12/site-packages/robot_kinematics_pkg/kinematics2
copying /home/omar/amrws/build/robot_kinematics_pkg/build/lib/robot_kinematics_pkg/kinematics2/__init__.py -> /home/omar/amrws/install/robot_kinematics_pkg/lib/python3.12/site-packages/robot_kinematics_pkg/kinematics2
copying /home/omar/amrws/build/robot_kinematics_pkg/build/lib/robot_kinematics_pkg/kinematics2/kinematics2.py -> /home/omar/amrws/install/robot_kinematics_pkg/lib/python3.12/site-packages/robot_kinematics_pkg/kinematics2
copying /home/omar/amrws/build/robot_kinematics_pkg/build/lib/robot_kinematics_pkg/kinematics2/diff_kin_2wheels.py -> /home/omar/amrws/install/robot_kinematics_pkg/lib/python3.12/site-packages/robot_kinematics_pkg/kinematics2
copying /home/omar/amrws/build/robot_kinematics_pkg/build/lib/robot_kinematics_pkg/kinematics2/diff_kin.py -> /home/omar/amrws/install/robot_kinematics_pkg/lib/python3.12/site-packages/robot_kinematics_pkg/kinematics2
creating /home/omar/amrws/install/robot_kinematics_pkg/lib/python3.12/site-packages/robot_kinematics_pkg/scripts
creating /home/omar/amrws/install/robot_kinematics_pkg/lib/python3.12/site-packages/robot_kinematics_pkg/scripts/diff
copying /home/omar/amrws/build/robot_kinematics_pkg/build/lib/robot_kinematics_pkg/scripts/diff/__init__.py -> /home/omar/amrws/install/robot_kinematics_pkg/lib/python3.12/site-packages/robot_kinematics_pkg/scripts/diff
copying /home/omar/amrws/build/robot_kinematics_pkg/build/lib/robot_kinematics_pkg/scripts/diff/diff_invers_new_r1.py -> /home/omar/amrws/install/robot_kinematics_pkg/lib/python3.12/site-packages/robot_kinematics_pkg/scripts/diff
copying /home/omar/amrws/build/robot_kinematics_pkg/build/lib/robot_kinematics_pkg/scripts/diff/diff_forward.py -> /home/omar/amrws/install/robot_kinematics_pkg/lib/python3.12/site-packages/robot_kinematics_pkg/scripts/diff
copying /home/omar/amrws/build/robot_kinematics_pkg/build/lib/robot_kinematics_pkg/scripts/diff/diff_invers_r1.py -> /home/omar/amrws/install/robot_kinematics_pkg/lib/python3.12/site-packages/robot_kinematics_pkg/scripts/diff
copying /home/omar/amrws/build/robot_kinematics_pkg/build/lib/robot_kinematics_pkg/scripts/diff/diff_invers.py -> /home/omar/amrws/install/robot_kinematics_pkg/lib/python3.12/site-packages/robot_kinematics_pkg/scripts/diff
copying /home/omar/amrws/build/robot_kinematics_pkg/build/lib/robot_kinematics_pkg/scripts/diff/diff_forward_r1.py -> /home/omar/amrws/install/robot_kinematics_pkg/lib/python3.12/site-packages/robot_kinematics_pkg/scripts/diff
copying /home/omar/amrws/build/robot_kinematics_pkg/build/lib/robot_kinematics_pkg/scripts/__init__.py -> /home/omar/amrws/install/robot_kinematics_pkg/lib/python3.12/site-packages/robot_kinematics_pkg/scripts
creating /home/omar/amrws/install/robot_kinematics_pkg/lib/python3.12/site-packages/robot_kinematics_pkg/scripts/diff_2wheels
copying /home/omar/amrws/build/robot_kinematics_pkg/build/lib/robot_kinematics_pkg/scripts/diff_2wheels/__init__.py -> /home/omar/amrws/install/robot_kinematics_pkg/lib/python3.12/site-packages/robot_kinematics_pkg/scripts/diff_2wheels
copying /home/omar/amrws/build/robot_kinematics_pkg/build/lib/robot_kinematics_pkg/scripts/diff_2wheels/diff_2wheels_invers.py -> /home/omar/amrws/install/robot_kinematics_pkg/lib/python3.12/site-packages/robot_kinematics_pkg/scripts/diff_2wheels
copying /home/omar/amrws/build/robot_kinematics_pkg/build/lib/robot_kinematics_pkg/scripts/diff_2wheels/diff_2wheels_forward.py -> /home/omar/amrws/install/robot_kinematics_pkg/lib/python3.12/site-packages/robot_kinematics_pkg/scripts/diff_2wheels
copying /home/omar/amrws/build/robot_kinematics_pkg/build/lib/robot_kinematics_pkg/scripts/Ros_node.py -> /home/omar/amrws/install/robot_kinematics_pkg/lib/python3.12/site-packages/robot_kinematics_pkg/scripts
creating /home/omar/amrws/install/robot_kinematics_pkg/lib/python3.12/site-packages/robot_kinematics_pkg/scripts/omni
copying /home/omar/amrws/build/robot_kinematics_pkg/build/lib/robot_kinematics_pkg/scripts/omni/__init__.py -> /home/omar/amrws/install/robot_kinematics_pkg/lib/python3.12/site-packages/robot_kinematics_pkg/scripts/omni
copying /home/omar/amrws/build/robot_kinematics_pkg/build/lib/robot_kinematics_pkg/scripts/omni/omni4_forward.py -> /home/omar/amrws/install/robot_kinematics_pkg/lib/python3.12/site-packages/robot_kinematics_pkg/scripts/omni
copying /home/omar/amrws/build/robot_kinematics_pkg/build/lib/robot_kinematics_pkg/scripts/omni/diff_invers_r1.py -> /home/omar/amrws/install/robot_kinematics_pkg/lib/python3.12/site-packages/robot_kinematics_pkg/scripts/omni
copying /home/omar/amrws/build/robot_kinematics_pkg/build/lib/robot_kinematics_pkg/scripts/omni/omni6_inverse.py -> /home/omar/amrws/install/robot_kinematics_pkg/lib/python3.12/site-packages/robot_kinematics_pkg/scripts/omni
copying /home/omar/amrws/build/robot_kinematics_pkg/build/lib/robot_kinematics_pkg/scripts/omni/omni4_invers.py -> /home/omar/amrws/install/robot_kinematics_pkg/lib/python3.12/site-packages/robot_kinematics_pkg/scripts/omni
copying /home/omar/amrws/build/robot_kinematics_pkg/build/lib/robot_kinematics_pkg/scripts/omni/omni3_invers.py -> /home/omar/amrws/install/robot_kinematics_pkg/lib/python3.12/site-packages/robot_kinematics_pkg/scripts/omni
copying /home/omar/amrws/build/robot_kinematics_pkg/build/lib/robot_kinematics_pkg/scripts/omni/omni3_forward.py -> /home/omar/amrws/install/robot_kinematics_pkg/lib/python3.12/site-packages/robot_kinematics_pkg/scripts/omni
creating /home/omar/amrws/install/robot_kinematics_pkg/lib/python3.12/site-packages/robot_kinematics_pkg/scripts/mecanum
copying /home/omar/amrws/build/robot_kinematics_pkg/build/lib/robot_kinematics_pkg/scripts/mecanum/mecanum_forward.py -> /home/omar/amrws/install/robot_kinematics_pkg/lib/python3.12/site-packages/robot_kinematics_pkg/scripts/mecanum
copying /home/omar/amrws/build/robot_kinematics_pkg/build/lib/robot_kinematics_pkg/scripts/mecanum/__init__.py -> /home/omar/amrws/install/robot_kinematics_pkg/lib/python3.12/site-packages/robot_kinematics_pkg/scripts/mecanum
copying /home/omar/amrws/build/robot_kinematics_pkg/build/lib/robot_kinematics_pkg/scripts/mecanum/mecanum_invers_r2.py -> /home/omar/amrws/install/robot_kinematics_pkg/lib/python3.12/site-packages/robot_kinematics_pkg/scripts/mecanum
copying /home/omar/amrws/build/robot_kinematics_pkg/build/lib/robot_kinematics_pkg/scripts/mecanum/mecanum_invers.py -> /home/omar/amrws/install/robot_kinematics_pkg/lib/python3.12/site-packages/robot_kinematics_pkg/scripts/mecanum
creating /home/omar/amrws/install/robot_kinematics_pkg/lib/python3.12/site-packages/robot_kinematics_pkg/kinematics1
copying /home/omar/amrws/build/robot_kinematics_pkg/build/lib/robot_kinematics_pkg/kinematics1/__init__.py -> /home/omar/amrws/install/robot_kinematics_pkg/lib/python3.12/site-packages/robot_kinematics_pkg/kinematics1
copying /home/omar/amrws/build/robot_kinematics_pkg/build/lib/robot_kinematics_pkg/kinematics1/omni6_kin.py -> /home/omar/amrws/install/robot_kinematics_pkg/lib/python3.12/site-packages/robot_kinematics_pkg/kinematics1
copying /home/omar/amrws/build/robot_kinematics_pkg/build/lib/robot_kinematics_pkg/kinematics1/omni4_kin.py -> /home/omar/amrws/install/robot_kinematics_pkg/lib/python3.12/site-packages/robot_kinematics_pkg/kinematics1
copying /home/omar/amrws/build/robot_kinematics_pkg/build/lib/robot_kinematics_pkg/kinematics1/omni3_kin.py -> /home/omar/amrws/install/robot_kinematics_pkg/lib/python3.12/site-packages/robot_kinematics_pkg/kinematics1
copying /home/omar/amrws/build/robot_kinematics_pkg/build/lib/robot_kinematics_pkg/kinematics1/kinematics.py -> /home/omar/amrws/install/robot_kinematics_pkg/lib/python3.12/site-packages/robot_kinematics_pkg/kinematics1
byte-compiling /home/omar/amrws/install/robot_kinematics_pkg/lib/python3.12/site-packages/robot_kinematics_pkg/__init__.py to __init__.cpython-312.pyc
byte-compiling /home/omar/amrws/install/robot_kinematics_pkg/lib/python3.12/site-packages/robot_kinematics_pkg/kinematics2/mecanum_kin.py to mecanum_kin.cpython-312.pyc
byte-compiling /home/omar/amrws/install/robot_kinematics_pkg/lib/python3.12/site-packages/robot_kinematics_pkg/kinematics2/__init__.py to __init__.cpython-312.pyc
byte-compiling /home/omar/amrws/install/robot_kinematics_pkg/lib/python3.12/site-packages/robot_kinematics_pkg/kinematics2/kinematics2.py to kinematics2.cpython-312.pyc
byte-compiling /home/omar/amrws/install/robot_kinematics_pkg/lib/python3.12/site-packages/robot_kinematics_pkg/kinematics2/diff_kin_2wheels.py to diff_kin_2wheels.cpython-312.pyc
byte-compiling /home/omar/amrws/install/robot_kinematics_pkg/lib/python3.12/site-packages/robot_kinematics_pkg/kinematics2/diff_kin.py to diff_kin.cpython-312.pyc
byte-compiling /home/omar/amrws/install/robot_kinematics_pkg/lib/python3.12/site-packages/robot_kinematics_pkg/scripts/diff/__init__.py to __init__.cpython-312.pyc
byte-compiling /home/omar/amrws/install/robot_kinematics_pkg/lib/python3.12/site-packages/robot_kinematics_pkg/scripts/diff/diff_invers_new_r1.py to diff_invers_new_r1.cpython-312.pyc
byte-compiling /home/omar/amrws/install/robot_kinematics_pkg/lib/python3.12/site-packages/robot_kinematics_pkg/scripts/diff/diff_forward.py to diff_forward.cpython-312.pyc
byte-compiling /home/omar/amrws/install/robot_kinematics_pkg/lib/python3.12/site-packages/robot_kinematics_pkg/scripts/diff/diff_invers_r1.py to diff_invers_r1.cpython-312.pyc
byte-compiling /home/omar/amrws/install/robot_kinematics_pkg/lib/python3.12/site-packages/robot_kinematics_pkg/scripts/diff/diff_invers.py to diff_invers.cpython-312.pyc
byte-compiling /home/omar/amrws/install/robot_kinematics_pkg/lib/python3.12/site-packages/robot_kinematics_pkg/scripts/diff/diff_forward_r1.py to diff_forward_r1.cpython-312.pyc
byte-compiling /home/omar/amrws/install/robot_kinematics_pkg/lib/python3.12/site-packages/robot_kinematics_pkg/scripts/__init__.py to __init__.cpython-312.pyc
byte-compiling /home/omar/amrws/install/robot_kinematics_pkg/lib/python3.12/site-packages/robot_kinematics_pkg/scripts/diff_2wheels/__init__.py to __init__.cpython-312.pyc
byte-compiling /home/omar/amrws/install/robot_kinematics_pkg/lib/python3.12/site-packages/robot_kinematics_pkg/scripts/diff_2wheels/diff_2wheels_invers.py to diff_2wheels_invers.cpython-312.pyc
byte-compiling /home/omar/amrws/install/robot_kinematics_pkg/lib/python3.12/site-packages/robot_kinematics_pkg/scripts/diff_2wheels/diff_2wheels_forward.py to diff_2wheels_forward.cpython-312.pyc
byte-compiling /home/omar/amrws/install/robot_kinematics_pkg/lib/python3.12/site-packages/robot_kinematics_pkg/scripts/Ros_node.py to Ros_node.cpython-312.pyc
byte-compiling /home/omar/amrws/install/robot_kinematics_pkg/lib/python3.12/site-packages/robot_kinematics_pkg/scripts/omni/__init__.py to __init__.cpython-312.pyc
byte-compiling /home/omar/amrws/install/robot_kinematics_pkg/lib/python3.12/site-packages/robot_kinematics_pkg/scripts/omni/omni4_forward.py to omni4_forward.cpython-312.pyc
byte-compiling /home/omar/amrws/install/robot_kinematics_pkg/lib/python3.12/site-packages/robot_kinematics_pkg/scripts/omni/diff_invers_r1.py to diff_invers_r1.cpython-312.pyc
byte-compiling /home/omar/amrws/install/robot_kinematics_pkg/lib/python3.12/site-packages/robot_kinematics_pkg/scripts/omni/omni6_inverse.py to omni6_inverse.cpython-312.pyc
byte-compiling /home/omar/amrws/install/robot_kinematics_pkg/lib/python3.12/site-packages/robot_kinematics_pkg/scripts/omni/omni4_invers.py to omni4_invers.cpython-312.pyc
byte-compiling /home/omar/amrws/install/robot_kinematics_pkg/lib/python3.12/site-packages/robot_kinematics_pkg/scripts/omni/omni3_invers.py to omni3_invers.cpython-312.pyc
byte-compiling /home/omar/amrws/install/robot_kinematics_pkg/lib/python3.12/site-packages/robot_kinematics_pkg/scripts/omni/omni3_forward.py to omni3_forward.cpython-312.pyc
byte-compiling /home/omar/amrws/install/robot_kinematics_pkg/lib/python3.12/site-packages/robot_kinematics_pkg/scripts/mecanum/mecanum_forward.py to mecanum_forward.cpython-312.pyc
byte-compiling /home/omar/amrws/install/robot_kinematics_pkg/lib/python3.12/site-packages/robot_kinematics_pkg/scripts/mecanum/__init__.py to __init__.cpython-312.pyc
byte-compiling /home/omar/amrws/install/robot_kinematics_pkg/lib/python3.12/site-packages/robot_kinematics_pkg/scripts/mecanum/mecanum_invers_r2.py to mecanum_invers_r2.cpython-312.pyc
byte-compiling /home/omar/amrws/install/robot_kinematics_pkg/lib/python3.12/site-packages/robot_kinematics_pkg/scripts/mecanum/mecanum_invers.py to mecanum_invers.cpython-312.pyc
byte-compiling /home/omar/amrws/install/robot_kinematics_pkg/lib/python3.12/site-packages/robot_kinematics_pkg/kinematics1/__init__.py to __init__.cpython-312.pyc
byte-compiling /home/omar/amrws/install/robot_kinematics_pkg/lib/python3.12/site-packages/robot_kinematics_pkg/kinematics1/omni6_kin.py to omni6_kin.cpython-312.pyc
byte-compiling /home/omar/amrws/install/robot_kinematics_pkg/lib/python3.12/site-packages/robot_kinematics_pkg/kinematics1/omni4_kin.py to omni4_kin.cpython-312.pyc
byte-compiling /home/omar/amrws/install/robot_kinematics_pkg/lib/python3.12/site-packages/robot_kinematics_pkg/kinematics1/omni3_kin.py to omni3_kin.cpython-312.pyc
byte-compiling /home/omar/amrws/install/robot_kinematics_pkg/lib/python3.12/site-packages/robot_kinematics_pkg/kinematics1/kinematics.py to kinematics.cpython-312.pyc
running install_data
creating /home/omar/amrws/install/robot_kinematics_pkg/share/ament_index
creating /home/omar/amrws/install/robot_kinematics_pkg/share/ament_index/resource_index
creating /home/omar/amrws/install/robot_kinematics_pkg/share/ament_index/resource_index/packages
copying resource/robot_kinematics_pkg -> /home/omar/amrws/install/robot_kinematics_pkg/share/ament_index/resource_index/packages
copying package.xml -> /home/omar/amrws/install/robot_kinematics_pkg/share/robot_kinematics_pkg
running install_egg_info
Copying ../../../build/robot_kinematics_pkg/robot_kinematics_pkg.egg-info to /home/omar/amrws/install/robot_kinematics_pkg/lib/python3.12/site-packages/robot_kinematics_pkg-0.0.0-py3.12.egg-info
running install_scripts
Installing diff_2wheels_forward script to /home/omar/amrws/install/robot_kinematics_pkg/lib/robot_kinematics_pkg
Installing diff_2wheels_invers script to /home/omar/amrws/install/robot_kinematics_pkg/lib/robot_kinematics_pkg
Installing diff_forward script to /home/omar/amrws/install/robot_kinematics_pkg/lib/robot_kinematics_pkg
Installing diff_forward_r1 script to /home/omar/amrws/install/robot_kinematics_pkg/lib/robot_kinematics_pkg
Installing diff_invers script to /home/omar/amrws/install/robot_kinematics_pkg/lib/robot_kinematics_pkg
Installing diff_invers_new_r1 script to /home/omar/amrws/install/robot_kinematics_pkg/lib/robot_kinematics_pkg
Installing diff_invers_r1 script to /home/omar/amrws/install/robot_kinematics_pkg/lib/robot_kinematics_pkg
Installing kinematics script to /home/omar/amrws/install/robot_kinematics_pkg/lib/robot_kinematics_pkg
Installing mecanum_forward script to /home/omar/amrws/install/robot_kinematics_pkg/lib/robot_kinematics_pkg
Installing mecanum_invers script to /home/omar/amrws/install/robot_kinematics_pkg/lib/robot_kinematics_pkg
Installing mecanum_invers_r2 script to /home/omar/amrws/install/robot_kinematics_pkg/lib/robot_kinematics_pkg
Installing omni3_forward script to /home/omar/amrws/install/robot_kinematics_pkg/lib/robot_kinematics_pkg
Installing omni3_invers script to /home/omar/amrws/install/robot_kinematics_pkg/lib/robot_kinematics_pkg
Installing omni4_forward script to /home/omar/amrws/install/robot_kinematics_pkg/lib/robot_kinematics_pkg
Installing omni4_invers script to /home/omar/amrws/install/robot_kinematics_pkg/lib/robot_kinematics_pkg
Installing omni6_invers script to /home/omar/amrws/install/robot_kinematics_pkg/lib/robot_kinematics_pkg
writing list of installed files to '/home/omar/amrws/build/robot_kinematics_pkg/install.log'
