[8.140s] Invoking command in '/home/omar/amrws/src/MIA_training_competion2026/robot_kinematics_pkg': DEBUGINFOD_URLS=https://debuginfod.ubuntu.com PYTHONPATH=/home/omar/amrws/build/robot_kinematics_pkg/prefix_override:/usr/lib/python3/dist-packages/colcon_core/task/python/colcon_distutils_commands:/home/omar/amrws/install/robot_kinematics_pkg/lib/python3.12/site-packages:${PYTHONPATH} /usr/bin/python3 -W ignore:setup.py install is deprecated -W ignore:easy_install command is deprecated setup.py egg_info --egg-base ../../../build/robot_kinematics_pkg build --build-base /home/omar/amrws/build/robot_kinematics_pkg/build install --record /home/omar/amrws/build/robot_kinematics_pkg/install.log --install-scripts $base/lib/robot_kinematics_pkg --single-version-externally-managed install_data
[9.244s] running egg_info
[9.244s] creating ../../../build/robot_kinematics_pkg/robot_kinematics_pkg.egg-info
[9.341s] writing ../../../build/robot_kinematics_pkg/robot_kinematics_pkg.egg-info/PKG-INFO
[9.343s] writing dependency_links to ../../../build/robot_kinematics_pkg/robot_kinematics_pkg.egg-info/dependency_links.txt
[9.343s] writing entry points to ../../../build/robot_kinematics_pkg/robot_kinematics_pkg.egg-info/entry_points.txt
[9.343s] writing requirements to ../../../build/robot_kinematics_pkg/robot_kinematics_pkg.egg-info/requires.txt
[9.344s] writing top-level names to ../../../build/robot_kinematics_pkg/robot_kinematics_pkg.egg-info/top_level.txt
[9.344s] writing manifest file '../../../build/robot_kinematics_pkg/robot_kinematics_pkg.egg-info/SOURCES.txt'
[9.546s] reading manifest file '../../../build/robot_kinematics_pkg/robot_kinematics_pkg.egg-info/SOURCES.txt'
[9.552s] writing manifest file '../../../build/robot_kinematics_pkg/robot_kinematics_pkg.egg-info/SOURCES.txt'
[9.552s] running build
[9.552s] running build_py
[9.555s] creating /home/omar/amrws/build/robot_kinematics_pkg/build
[9.555s] creating /home/omar/amrws/build/robot_kinematics_pkg/build/lib
[9.556s] creating /home/omar/amrws/build/robot_kinematics_pkg/build/lib/robot_kinematics_pkg
[9.556s] copying robot_kinematics_pkg/__init__.py -> /home/omar/amrws/build/robot_kinematics_pkg/build/lib/robot_kinematics_pkg
[9.556s] creating /home/omar/amrws/build/robot_kinematics_pkg/build/lib/robot_kinematics_pkg/kinematics2
[9.556s] copying robot_kinematics_pkg/kinematics2/mecanum_kin.py -> /home/omar/amrws/build/robot_kinematics_pkg/build/lib/robot_kinematics_pkg/kinematics2
[9.557s] copying robot_kinematics_pkg/kinematics2/__init__.py -> /home/omar/amrws/build/robot_kinematics_pkg/build/lib/robot_kinematics_pkg/kinematics2
[9.557s] copying robot_kinematics_pkg/kinematics2/kinematics2.py -> /home/omar/amrws/build/robot_kinematics_pkg/build/lib/robot_kinematics_pkg/kinematics2
[9.557s] copying robot_kinematics_pkg/kinematics2/diff_kin_2wheels.py -> /home/omar/amrws/build/robot_kinematics_pkg/build/lib/robot_kinematics_pkg/kinematics2
[9.558s] copying robot_kinematics_pkg/kinematics2/diff_kin.py -> /home/omar/amrws/build/robot_kinematics_pkg/build/lib/robot_kinematics_pkg/kinematics2
[9.561s] creating /home/omar/amrws/build/robot_kinematics_pkg/build/lib/robot_kinematics_pkg/scripts
[9.561s] copying robot_kinematics_pkg/scripts/__init__.py -> /home/omar/amrws/build/robot_kinematics_pkg/build/lib/robot_kinematics_pkg/scripts
[9.562s] copying robot_kinematics_pkg/scripts/Ros_node.py -> /home/omar/amrws/build/robot_kinematics_pkg/build/lib/robot_kinematics_pkg/scripts
[9.562s] creating /home/omar/amrws/build/robot_kinematics_pkg/build/lib/robot_kinematics_pkg/kinematics1
[9.563s] copying robot_kinematics_pkg/kinematics1/__init__.py -> /home/omar/amrws/build/robot_kinematics_pkg/build/lib/robot_kinematics_pkg/kinematics1
[9.563s] copying robot_kinematics_pkg/kinematics1/omni6_kin.py -> /home/omar/amrws/build/robot_kinematics_pkg/build/lib/robot_kinematics_pkg/kinematics1
[9.563s] copying robot_kinematics_pkg/kinematics1/omni4_kin.py -> /home/omar/amrws/build/robot_kinematics_pkg/build/lib/robot_kinematics_pkg/kinematics1
[9.563s] copying robot_kinematics_pkg/kinematics1/omni3_kin.py -> /home/omar/amrws/build/robot_kinematics_pkg/build/lib/robot_kinematics_pkg/kinematics1
[9.564s] copying robot_kinematics_pkg/kinematics1/kinematics.py -> /home/omar/amrws/build/robot_kinematics_pkg/build/lib/robot_kinematics_pkg/kinematics1
[9.564s] creating /home/omar/amrws/build/robot_kinematics_pkg/build/lib/robot_kinematics_pkg/scripts/diff
[9.564s] copying robot_kinematics_pkg/scripts/diff/__init__.py -> /home/omar/amrws/build/robot_kinematics_pkg/build/lib/robot_kinematics_pkg/scripts/diff
[9.566s] copying robot_kinematics_pkg/scripts/diff/diff_invers_new_r1.py -> /home/omar/amrws/build/robot_kinematics_pkg/build/lib/robot_kinematics_pkg/scripts/diff
[9.566s] copying robot_kinematics_pkg/scripts/diff/diff_forward.py -> /home/omar/amrws/build/robot_kinematics_pkg/build/lib/robot_kinematics_pkg/scripts/diff
[9.566s] copying robot_kinematics_pkg/scripts/diff/diff_invers_r1.py -> /home/omar/amrws/build/robot_kinematics_pkg/build/lib/robot_kinematics_pkg/scripts/diff
[9.567s] copying robot_kinematics_pkg/scripts/diff/diff_invers.py -> /home/omar/amrws/build/robot_kinematics_pkg/build/lib/robot_kinematics_pkg/scripts/diff
[9.567s] copying robot_kinematics_pkg/scripts/diff/diff_forward_r1.py -> /home/omar/amrws/build/robot_kinematics_pkg/build/lib/robot_kinematics_pkg/scripts/diff
[9.568s] creating /home/omar/amrws/build/robot_kinematics_pkg/build/lib/robot_kinematics_pkg/scripts/diff_2wheels
[9.568s] copying robot_kinematics_pkg/scripts/diff_2wheels/__init__.py -> /home/omar/amrws/build/robot_kinematics_pkg/build/lib/robot_kinematics_pkg/scripts/diff_2wheels
[9.568s] copying robot_kinematics_pkg/scripts/diff_2wheels/diff_2wheels_invers.py -> /home/omar/amrws/build/robot_kinematics_pkg/build/lib/robot_kinematics_pkg/scripts/diff_2wheels
[9.571s] copying robot_kinematics_pkg/scripts/diff_2wheels/diff_2wheels_forward.py -> /home/omar/amrws/build/robot_kinematics_pkg/build/lib/robot_kinematics_pkg/scripts/diff_2wheels
[9.571s] creating /home/omar/amrws/build/robot_kinematics_pkg/build/lib/robot_kinematics_pkg/scripts/omni
[9.572s] copying robot_kinematics_pkg/scripts/omni/__init__.py -> /home/omar/amrws/build/robot_kinematics_pkg/build/lib/robot_kinematics_pkg/scripts/omni
[9.572s] copying robot_kinematics_pkg/scripts/omni/omni4_forward.py -> /home/omar/amrws/build/robot_kinematics_pkg/build/lib/robot_kinematics_pkg/scripts/omni
[9.573s] copying robot_kinematics_pkg/scripts/omni/diff_invers_r1.py -> /home/omar/amrws/build/robot_kinematics_pkg/build/lib/robot_kinematics_pkg/scripts/omni
[9.573s] copying robot_kinematics_pkg/scripts/omni/omni6_inverse.py -> /home/omar/amrws/build/robot_kinematics_pkg/build/lib/robot_kinematics_pkg/scripts/omni
[9.573s] copying robot_kinematics_pkg/scripts/omni/omni4_invers.py -> /home/omar/amrws/build/robot_kinematics_pkg/build/lib/robot_kinematics_pkg/scripts/omni
[9.573s] copying robot_kinematics_pkg/scripts/omni/omni3_invers.py -> /home/omar/amrws/build/robot_kinematics_pkg/build/lib/robot_kinematics_pkg/scripts/omni
[9.574s] copying robot_kinematics_pkg/scripts/omni/omni3_forward.py -> /home/omar/amrws/build/robot_kinematics_pkg/build/lib/robot_kinematics_pkg/scripts/omni
[9.574s] creating /home/omar/amrws/build/robot_kinematics_pkg/build/lib/robot_kinematics_pkg/scripts/mecanum
[9.574s] copying robot_kinematics_pkg/scripts/mecanum/mecanum_forward.py -> /home/omar/amrws/build/robot_kinematics_pkg/build/lib/robot_kinematics_pkg/scripts/mecanum
[9.575s] copying robot_kinematics_pkg/scripts/mecanum/__init__.py -> /home/omar/amrws/build/robot_kinematics_pkg/build/lib/robot_kinematics_pkg/scripts/mecanum
[9.575s] copying robot_kinematics_pkg/scripts/mecanum/mecanum_invers_r2.py -> /home/omar/amrws/build/robot_kinematics_pkg/build/lib/robot_kinematics_pkg/scripts/mecanum
[9.580s] copying robot_kinematics_pkg/scripts/mecanum/mecanum_invers.py -> /home/omar/amrws/build/robot_kinematics_pkg/build/lib/robot_kinematics_pkg/scripts/mecanum
[9.587s] running install
[9.593s] running install_lib
[9.697s] creating /home/omar/amrws/install/robot_kinematics_pkg/lib/python3.12/site-packages/robot_kinematics_pkg
[9.698s] copying /home/omar/amrws/build/robot_kinematics_pkg/build/lib/robot_kinematics_pkg/__init__.py -> /home/omar/amrws/install/robot_kinematics_pkg/lib/python3.12/site-packages/robot_kinematics_pkg
[9.698s] creating /home/omar/amrws/install/robot_kinematics_pkg/lib/python3.12/site-packages/robot_kinematics_pkg/kinematics2
[9.699s] copying /home/omar/amrws/build/robot_kinematics_pkg/build/lib/robot_kinematics_pkg/kinematics2/mecanum_kin.py -> /home/omar/amrws/install/robot_kinematics_pkg/lib/python3.12/site-packages/robot_kinematics_pkg/kinematics2
[9.699s] copying /home/omar/amrws/build/robot_kinematics_pkg/build/lib/robot_kinematics_pkg/kinematics2/__init__.py -> /home/omar/amrws/install/robot_kinematics_pkg/lib/python3.12/site-packages/robot_kinematics_pkg/kinematics2
[9.699s] copying /home/omar/amrws/build/robot_kinematics_pkg/build/lib/robot_kinematics_pkg/kinematics2/kinematics2.py -> /home/omar/amrws/install/robot_kinematics_pkg/lib/python3.12/site-packages/robot_kinematics_pkg/kinematics2
[9.703s] copying /home/omar/amrws/build/robot_kinematics_pkg/build/lib/robot_kinematics_pkg/kinematics2/diff_kin_2wheels.py -> /home/omar/amrws/install/robot_kinematics_pkg/lib/python3.12/site-packages/robot_kinematics_pkg/kinematics2
[9.706s] copying /home/omar/amrws/build/robot_kinematics_pkg/build/lib/robot_kinematics_pkg/kinematics2/diff_kin.py -> /home/omar/amrws/install/robot_kinematics_pkg/lib/python3.12/site-packages/robot_kinematics_pkg/kinematics2
[9.707s] creating /home/omar/amrws/install/robot_kinematics_pkg/lib/python3.12/site-packages/robot_kinematics_pkg/scripts
[9.708s] creating /home/omar/amrws/install/robot_kinematics_pkg/lib/python3.12/site-packages/robot_kinematics_pkg/scripts/diff
[9.708s] copying /home/omar/amrws/build/robot_kinematics_pkg/build/lib/robot_kinematics_pkg/scripts/diff/__init__.py -> /home/omar/amrws/install/robot_kinematics_pkg/lib/python3.12/site-packages/robot_kinematics_pkg/scripts/diff
[9.708s] copying /home/omar/amrws/build/robot_kinematics_pkg/build/lib/robot_kinematics_pkg/scripts/diff/diff_invers_new_r1.py -> /home/omar/amrws/install/robot_kinematics_pkg/lib/python3.12/site-packages/robot_kinematics_pkg/scripts/diff
[9.709s] copying /home/omar/amrws/build/robot_kinematics_pkg/build/lib/robot_kinematics_pkg/scripts/diff/diff_forward.py -> /home/omar/amrws/install/robot_kinematics_pkg/lib/python3.12/site-packages/robot_kinematics_pkg/scripts/diff
[9.709s] copying /home/omar/amrws/build/robot_kinematics_pkg/build/lib/robot_kinematics_pkg/scripts/diff/diff_invers_r1.py -> /home/omar/amrws/install/robot_kinematics_pkg/lib/python3.12/site-packages/robot_kinematics_pkg/scripts/diff
[9.712s] copying /home/omar/amrws/build/robot_kinematics_pkg/build/lib/robot_kinematics_pkg/scripts/diff/diff_invers.py -> /home/omar/amrws/install/robot_kinematics_pkg/lib/python3.12/site-packages/robot_kinematics_pkg/scripts/diff
[9.712s] copying /home/omar/amrws/build/robot_kinematics_pkg/build/lib/robot_kinematics_pkg/scripts/diff/diff_forward_r1.py -> /home/omar/amrws/install/robot_kinematics_pkg/lib/python3.12/site-packages/robot_kinematics_pkg/scripts/diff
[9.712s] copying /home/omar/amrws/build/robot_kinematics_pkg/build/lib/robot_kinematics_pkg/scripts/__init__.py -> /home/omar/amrws/install/robot_kinematics_pkg/lib/python3.12/site-packages/robot_kinematics_pkg/scripts
[9.713s] creating /home/omar/amrws/install/robot_kinematics_pkg/lib/python3.12/site-packages/robot_kinematics_pkg/scripts/diff_2wheels
[9.713s] copying /home/omar/amrws/build/robot_kinematics_pkg/build/lib/robot_kinematics_pkg/scripts/diff_2wheels/__init__.py -> /home/omar/amrws/install/robot_kinematics_pkg/lib/python3.12/site-packages/robot_kinematics_pkg/scripts/diff_2wheels
[9.713s] copying /home/omar/amrws/build/robot_kinematics_pkg/build/lib/robot_kinematics_pkg/scripts/diff_2wheels/diff_2wheels_invers.py -> /home/omar/amrws/install/robot_kinematics_pkg/lib/python3.12/site-packages/robot_kinematics_pkg/scripts/diff_2wheels
[9.713s] copying /home/omar/amrws/build/robot_kinematics_pkg/build/lib/robot_kinematics_pkg/scripts/diff_2wheels/diff_2wheels_forward.py -> /home/omar/amrws/install/robot_kinematics_pkg/lib/python3.12/site-packages/robot_kinematics_pkg/scripts/diff_2wheels
[9.714s] copying /home/omar/amrws/build/robot_kinematics_pkg/build/lib/robot_kinematics_pkg/scripts/Ros_node.py -> /home/omar/amrws/install/robot_kinematics_pkg/lib/python3.12/site-packages/robot_kinematics_pkg/scripts
[9.714s] creating /home/omar/amrws/install/robot_kinematics_pkg/lib/python3.12/site-packages/robot_kinematics_pkg/scripts/omni
[9.714s] copying /home/omar/amrws/build/robot_kinematics_pkg/build/lib/robot_kinematics_pkg/scripts/omni/__init__.py -> /home/omar/amrws/install/robot_kinematics_pkg/lib/python3.12/site-packages/robot_kinematics_pkg/scripts/omni
[9.714s] copying /home/omar/amrws/build/robot_kinematics_pkg/build/lib/robot_kinematics_pkg/scripts/omni/omni4_forward.py -> /home/omar/amrws/install/robot_kinematics_pkg/lib/python3.12/site-packages/robot_kinematics_pkg/scripts/omni
[9.715s] copying /home/omar/amrws/build/robot_kinematics_pkg/build/lib/robot_kinematics_pkg/scripts/omni/diff_invers_r1.py -> /home/omar/amrws/install/robot_kinematics_pkg/lib/python3.12/site-packages/robot_kinematics_pkg/scripts/omni
[9.715s] copying /home/omar/amrws/build/robot_kinematics_pkg/build/lib/robot_kinematics_pkg/scripts/omni/omni6_inverse.py -> /home/omar/amrws/install/robot_kinematics_pkg/lib/python3.12/site-packages/robot_kinematics_pkg/scripts/omni
[9.718s] copying /home/omar/amrws/build/robot_kinematics_pkg/build/lib/robot_kinematics_pkg/scripts/omni/omni4_invers.py -> /home/omar/amrws/install/robot_kinematics_pkg/lib/python3.12/site-packages/robot_kinematics_pkg/scripts/omni
[9.718s] copying /home/omar/amrws/build/robot_kinematics_pkg/build/lib/robot_kinematics_pkg/scripts/omni/omni3_invers.py -> /home/omar/amrws/install/robot_kinematics_pkg/lib/python3.12/site-packages/robot_kinematics_pkg/scripts/omni
[9.718s] copying /home/omar/amrws/build/robot_kinematics_pkg/build/lib/robot_kinematics_pkg/scripts/omni/omni3_forward.py -> /home/omar/amrws/install/robot_kinematics_pkg/lib/python3.12/site-packages/robot_kinematics_pkg/scripts/omni
[9.719s] creating /home/omar/amrws/install/robot_kinematics_pkg/lib/python3.12/site-packages/robot_kinematics_pkg/scripts/mecanum
[9.719s] copying /home/omar/amrws/build/robot_kinematics_pkg/build/lib/robot_kinematics_pkg/scripts/mecanum/mecanum_forward.py -> /home/omar/amrws/install/robot_kinematics_pkg/lib/python3.12/site-packages/robot_kinematics_pkg/scripts/mecanum
[9.719s] copying /home/omar/amrws/build/robot_kinematics_pkg/build/lib/robot_kinematics_pkg/scripts/mecanum/__init__.py -> /home/omar/amrws/install/robot_kinematics_pkg/lib/python3.12/site-packages/robot_kinematics_pkg/scripts/mecanum
[9.719s] copying /home/omar/amrws/build/robot_kinematics_pkg/build/lib/robot_kinematics_pkg/scripts/mecanum/mecanum_invers_r2.py -> /home/omar/amrws/install/robot_kinematics_pkg/lib/python3.12/site-packages/robot_kinematics_pkg/scripts/mecanum
[9.720s] copying /home/omar/amrws/build/robot_kinematics_pkg/build/lib/robot_kinematics_pkg/scripts/mecanum/mecanum_invers.py -> /home/omar/amrws/install/robot_kinematics_pkg/lib/python3.12/site-packages/robot_kinematics_pkg/scripts/mecanum
[9.723s] creating /home/omar/amrws/install/robot_kinematics_pkg/lib/python3.12/site-packages/robot_kinematics_pkg/kinematics1
[9.723s] copying /home/omar/amrws/build/robot_kinematics_pkg/build/lib/robot_kinematics_pkg/kinematics1/__init__.py -> /home/omar/amrws/install/robot_kinematics_pkg/lib/python3.12/site-packages/robot_kinematics_pkg/kinematics1
[9.723s] copying /home/omar/amrws/build/robot_kinematics_pkg/build/lib/robot_kinematics_pkg/kinematics1/omni6_kin.py -> /home/omar/amrws/install/robot_kinematics_pkg/lib/python3.12/site-packages/robot_kinematics_pkg/kinematics1
[9.724s] copying /home/omar/amrws/build/robot_kinematics_pkg/build/lib/robot_kinematics_pkg/kinematics1/omni4_kin.py -> /home/omar/amrws/install/robot_kinematics_pkg/lib/python3.12/site-packages/robot_kinematics_pkg/kinematics1
[9.724s] copying /home/omar/amrws/build/robot_kinematics_pkg/build/lib/robot_kinematics_pkg/kinematics1/omni3_kin.py -> /home/omar/amrws/install/robot_kinematics_pkg/lib/python3.12/site-packages/robot_kinematics_pkg/kinematics1
[9.724s] copying /home/omar/amrws/build/robot_kinematics_pkg/build/lib/robot_kinematics_pkg/kinematics1/kinematics.py -> /home/omar/amrws/install/robot_kinematics_pkg/lib/python3.12/site-packages/robot_kinematics_pkg/kinematics1
[9.724s] byte-compiling /home/omar/amrws/install/robot_kinematics_pkg/lib/python3.12/site-packages/robot_kinematics_pkg/__init__.py to __init__.cpython-312.pyc
[9.725s] byte-compiling /home/omar/amrws/install/robot_kinematics_pkg/lib/python3.12/site-packages/robot_kinematics_pkg/kinematics2/mecanum_kin.py to mecanum_kin.cpython-312.pyc
[9.725s] byte-compiling /home/omar/amrws/install/robot_kinematics_pkg/lib/python3.12/site-packages/robot_kinematics_pkg/kinematics2/__init__.py to __init__.cpython-312.pyc
[9.725s] byte-compiling /home/omar/amrws/install/robot_kinematics_pkg/lib/python3.12/site-packages/robot_kinematics_pkg/kinematics2/kinematics2.py to kinematics2.cpython-312.pyc
[9.725s] byte-compiling /home/omar/amrws/install/robot_kinematics_pkg/lib/python3.12/site-packages/robot_kinematics_pkg/kinematics2/diff_kin_2wheels.py to diff_kin_2wheels.cpython-312.pyc
[9.726s] byte-compiling /home/omar/amrws/install/robot_kinematics_pkg/lib/python3.12/site-packages/robot_kinematics_pkg/kinematics2/diff_kin.py to diff_kin.cpython-312.pyc
[9.726s] byte-compiling /home/omar/amrws/install/robot_kinematics_pkg/lib/python3.12/site-packages/robot_kinematics_pkg/scripts/diff/__init__.py to __init__.cpython-312.pyc
[9.726s] byte-compiling /home/omar/amrws/install/robot_kinematics_pkg/lib/python3.12/site-packages/robot_kinematics_pkg/scripts/diff/diff_invers_new_r1.py to diff_invers_new_r1.cpython-312.pyc
[9.726s] byte-compiling /home/omar/amrws/install/robot_kinematics_pkg/lib/python3.12/site-packages/robot_kinematics_pkg/scripts/diff/diff_forward.py to diff_forward.cpython-312.pyc
[9.727s] byte-compiling /home/omar/amrws/install/robot_kinematics_pkg/lib/python3.12/site-packages/robot_kinematics_pkg/scripts/diff/diff_invers_r1.py to diff_invers_r1.cpython-312.pyc
[9.730s] byte-compiling /home/omar/amrws/install/robot_kinematics_pkg/lib/python3.12/site-packages/robot_kinematics_pkg/scripts/diff/diff_invers.py to diff_invers.cpython-312.pyc
[9.730s] byte-compiling /home/omar/amrws/install/robot_kinematics_pkg/lib/python3.12/site-packages/robot_kinematics_pkg/scripts/diff/diff_forward_r1.py to diff_forward_r1.cpython-312.pyc
[9.730s] byte-compiling /home/omar/amrws/install/robot_kinematics_pkg/lib/python3.12/site-packages/robot_kinematics_pkg/scripts/__init__.py to __init__.cpython-312.pyc
[9.731s] byte-compiling /home/omar/amrws/install/robot_kinematics_pkg/lib/python3.12/site-packages/robot_kinematics_pkg/scripts/diff_2wheels/__init__.py to __init__.cpython-312.pyc
[9.731s] byte-compiling /home/omar/amrws/install/robot_kinematics_pkg/lib/python3.12/site-packages/robot_kinematics_pkg/scripts/diff_2wheels/diff_2wheels_invers.py to diff_2wheels_invers.cpython-312.pyc
[9.731s] byte-compiling /home/omar/amrws/install/robot_kinematics_pkg/lib/python3.12/site-packages/robot_kinematics_pkg/scripts/diff_2wheels/diff_2wheels_forward.py to diff_2wheels_forward.cpython-312.pyc
[9.731s] byte-compiling /home/omar/amrws/install/robot_kinematics_pkg/lib/python3.12/site-packages/robot_kinematics_pkg/scripts/Ros_node.py to Ros_node.cpython-312.pyc
[9.732s] byte-compiling /home/omar/amrws/install/robot_kinematics_pkg/lib/python3.12/site-packages/robot_kinematics_pkg/scripts/omni/__init__.py to __init__.cpython-312.pyc
[9.734s] byte-compiling /home/omar/amrws/install/robot_kinematics_pkg/lib/python3.12/site-packages/robot_kinematics_pkg/scripts/omni/omni4_forward.py to omni4_forward.cpython-312.pyc
[9.734s] byte-compiling /home/omar/amrws/install/robot_kinematics_pkg/lib/python3.12/site-packages/robot_kinematics_pkg/scripts/omni/diff_invers_r1.py to diff_invers_r1.cpython-312.pyc
[9.734s] byte-compiling /home/omar/amrws/install/robot_kinematics_pkg/lib/python3.12/site-packages/robot_kinematics_pkg/scripts/omni/omni6_inverse.py to omni6_inverse.cpython-312.pyc
[9.735s] byte-compiling /home/omar/amrws/install/robot_kinematics_pkg/lib/python3.12/site-packages/robot_kinematics_pkg/scripts/omni/omni4_invers.py to omni4_invers.cpython-312.pyc
[9.735s] byte-compiling /home/omar/amrws/install/robot_kinematics_pkg/lib/python3.12/site-packages/robot_kinematics_pkg/scripts/omni/omni3_invers.py to omni3_invers.cpython-312.pyc
[9.735s] byte-compiling /home/omar/amrws/install/robot_kinematics_pkg/lib/python3.12/site-packages/robot_kinematics_pkg/scripts/omni/omni3_forward.py to omni3_forward.cpython-312.pyc
[9.736s] byte-compiling /home/omar/amrws/install/robot_kinematics_pkg/lib/python3.12/site-packages/robot_kinematics_pkg/scripts/mecanum/mecanum_forward.py to mecanum_forward.cpython-312.pyc
[9.738s] byte-compiling /home/omar/amrws/install/robot_kinematics_pkg/lib/python3.12/site-packages/robot_kinematics_pkg/scripts/mecanum/__init__.py to __init__.cpython-312.pyc
[9.739s] byte-compiling /home/omar/amrws/install/robot_kinematics_pkg/lib/python3.12/site-packages/robot_kinematics_pkg/scripts/mecanum/mecanum_invers_r2.py to mecanum_invers_r2.cpython-312.pyc
[9.739s] byte-compiling /home/omar/amrws/install/robot_kinematics_pkg/lib/python3.12/site-packages/robot_kinematics_pkg/scripts/mecanum/mecanum_invers.py to mecanum_invers.cpython-312.pyc
[9.740s] byte-compiling /home/omar/amrws/install/robot_kinematics_pkg/lib/python3.12/site-packages/robot_kinematics_pkg/kinematics1/__init__.py to __init__.cpython-312.pyc
[9.741s] byte-compiling /home/omar/amrws/install/robot_kinematics_pkg/lib/python3.12/site-packages/robot_kinematics_pkg/kinematics1/omni6_kin.py to omni6_kin.cpython-312.pyc
[9.743s] byte-compiling /home/omar/amrws/install/robot_kinematics_pkg/lib/python3.12/site-packages/robot_kinematics_pkg/kinematics1/omni4_kin.py to omni4_kin.cpython-312.pyc
[9.748s] byte-compiling /home/omar/amrws/install/robot_kinematics_pkg/lib/python3.12/site-packages/robot_kinematics_pkg/kinematics1/omni3_kin.py to omni3_kin.cpython-312.pyc
[9.748s] byte-compiling /home/omar/amrws/install/robot_kinematics_pkg/lib/python3.12/site-packages/robot_kinematics_pkg/kinematics1/kinematics.py to kinematics.cpython-312.pyc
[9.748s] running install_data
[9.751s] creating /home/omar/amrws/install/robot_kinematics_pkg/share/ament_index
[9.751s] creating /home/omar/amrws/install/robot_kinematics_pkg/share/ament_index/resource_index
[9.752s] creating /home/omar/amrws/install/robot_kinematics_pkg/share/ament_index/resource_index/packages
[9.752s] copying resource/robot_kinematics_pkg -> /home/omar/amrws/install/robot_kinematics_pkg/share/ament_index/resource_index/packages
[9.755s] copying package.xml -> /home/omar/amrws/install/robot_kinematics_pkg/share/robot_kinematics_pkg
[9.755s] running install_egg_info
[9.855s] Copying ../../../build/robot_kinematics_pkg/robot_kinematics_pkg.egg-info to /home/omar/amrws/install/robot_kinematics_pkg/lib/python3.12/site-packages/robot_kinematics_pkg-0.0.0-py3.12.egg-info
[9.857s] running install_scripts
[10.454s] Installing diff_2wheels_forward script to /home/omar/amrws/install/robot_kinematics_pkg/lib/robot_kinematics_pkg
[10.454s] Installing diff_2wheels_invers script to /home/omar/amrws/install/robot_kinematics_pkg/lib/robot_kinematics_pkg
[10.454s] Installing diff_forward script to /home/omar/amrws/install/robot_kinematics_pkg/lib/robot_kinematics_pkg
[10.455s] Installing diff_forward_r1 script to /home/omar/amrws/install/robot_kinematics_pkg/lib/robot_kinematics_pkg
[10.455s] Installing diff_invers script to /home/omar/amrws/install/robot_kinematics_pkg/lib/robot_kinematics_pkg
[10.456s] Installing diff_invers_new_r1 script to /home/omar/amrws/install/robot_kinematics_pkg/lib/robot_kinematics_pkg
[10.456s] Installing diff_invers_r1 script to /home/omar/amrws/install/robot_kinematics_pkg/lib/robot_kinematics_pkg
[10.457s] Installing kinematics script to /home/omar/amrws/install/robot_kinematics_pkg/lib/robot_kinematics_pkg
[10.457s] Installing mecanum_forward script to /home/omar/amrws/install/robot_kinematics_pkg/lib/robot_kinematics_pkg
[10.457s] Installing mecanum_invers script to /home/omar/amrws/install/robot_kinematics_pkg/lib/robot_kinematics_pkg
[10.457s] Installing mecanum_invers_r2 script to /home/omar/amrws/install/robot_kinematics_pkg/lib/robot_kinematics_pkg
[10.458s] Installing omni3_forward script to /home/omar/amrws/install/robot_kinematics_pkg/lib/robot_kinematics_pkg
[10.458s] Installing omni3_invers script to /home/omar/amrws/install/robot_kinematics_pkg/lib/robot_kinematics_pkg
[10.458s] Installing omni4_forward script to /home/omar/amrws/install/robot_kinematics_pkg/lib/robot_kinematics_pkg
[10.458s] Installing omni4_invers script to /home/omar/amrws/install/robot_kinematics_pkg/lib/robot_kinematics_pkg
[10.459s] Installing omni6_invers script to /home/omar/amrws/install/robot_kinematics_pkg/lib/robot_kinematics_pkg
[10.461s] writing list of installed files to '/home/omar/amrws/build/robot_kinematics_pkg/install.log'
[10.624s] Invoked command in '/home/omar/amrws/src/MIA_training_competion2026/robot_kinematics_pkg' returned '0': DEBUGINFOD_URLS=https://debuginfod.ubuntu.com PYTHONPATH=/home/omar/amrws/build/robot_kinematics_pkg/prefix_override:/usr/lib/python3/dist-packages/colcon_core/task/python/colcon_distutils_commands:/home/omar/amrws/install/robot_kinematics_pkg/lib/python3.12/site-packages:${PYTHONPATH} /usr/bin/python3 -W ignore:setup.py install is deprecated -W ignore:easy_install command is deprecated setup.py egg_info --egg-base ../../../build/robot_kinematics_pkg build --build-base /home/omar/amrws/build/robot_kinematics_pkg/build install --record /home/omar/amrws/build/robot_kinematics_pkg/install.log --install-scripts $base/lib/robot_kinematics_pkg --single-version-externally-managed install_data
