running egg_info
writing ../../../build/robot_kinematics_pkg/robot_kinematics_pkg.egg-info/PKG-INFO
writing dependency_links to ../../../build/robot_kinematics_pkg/robot_kinematics_pkg.egg-info/dependency_links.txt
writing entry points to ../../../build/robot_kinematics_pkg/robot_kinematics_pkg.egg-info/entry_points.txt
writing requirements to ../../../build/robot_kinematics_pkg/robot_kinematics_pkg.egg-info/requires.txt
writing top-level names to ../../../build/robot_kinematics_pkg/robot_kinematics_pkg.egg-info/top_level.txt
reading manifest file '../../../build/robot_kinematics_pkg/robot_kinematics_pkg.egg-info/SOURCES.txt'
writing manifest file '../../../build/robot_kinematics_pkg/robot_kinematics_pkg.egg-info/SOURCES.txt'
running build
running build_py
running install
running install_lib
running install_data
running install_egg_info
removing '/home/omar/amrws/install/robot_kinematics_pkg/lib/python3.12/site-packages/robot_kinematics_pkg-0.0.0-py3.12.egg-info' (and everything under it)
Copying ../../../build/robot_kinematics_pkg/robot_kinematics_pkg.egg-info to /home/omar/amrws/install/robot_kinematics_pkg/lib/python3.12/site-packages/robot_kinematics_pkg-0.0.0-py3.12.egg-info
running install_scripts
Installing diff_2wheels_forward script to /home/omar/amrws/install/robot_kinematics_pkg/lib/robot_kinematics_pkg
Installing diff_2wheels_invers script to /home/omar/amrws/install/robot_kinematics_pkg/lib/robot_kinematics_pkg
Installing diff_forward script to /home/omar/amrws/install/robot_kinematics_pkg/lib/robot_kinematics_pkg
Installing diff_forward_r1 script to /home/omar/amrws/install/robot_kinematics_pkg/lib/robot_kinematics_pkg
Installing diff_invers script to /home/omar/amrws/install/robot_kinematics_pkg/lib/robot_kinematics_pkg
Installing diff_invers_new_r1 script to /home/omar/amrws/install/robot_kinematics_pkg/lib/robot_kinematics_pkg
Installing diff_invers_r1 script to /home/omar/amrws/install/robot_kinematics_pkg/lib/robot_kinematics_pkg
Installing kinematics script to /home/omar/amrws/install/robot_kinematics_pkg/lib/robot_kinematics_pkg
Installing mecanum_forward script to /home/omar/amrws/install/robot_kinematics_pkg/lib/robot_kinematics_pkg
Installing mecanum_invers script to /home/omar/amrws/install/robot_kinematics_pkg/lib/robot_kinematics_pkg
Installing mecanum_invers_r2 script to /home/omar/amrws/install/robot_kinematics_pkg/lib/robot_kinematics_pkg
Installing omni3_forward script to /home/omar/amrws/install/robot_kinematics_pkg/lib/robot_kinematics_pkg
Installing omni3_invers script to /home/omar/amrws/install/robot_kinematics_pkg/lib/robot_kinematics_pkg
Installing omni4_forward script to /home/omar/amrws/install/robot_kinematics_pkg/lib/robot_kinematics_pkg
Installing omni4_invers script to /home/omar/amrws/install/robot_kinematics_pkg/lib/robot_kinematics_pkg
Installing omni6_invers script to /home/omar/amrws/install/robot_kinematics_pkg/lib/robot_kinematics_pkg
writing list of installed files to '/home/omar/amrws/build/robot_kinematics_pkg/install.log'
