[0.213s] DEBUG:colcon:Command line arguments: ['/usr/bin/colcon', 'build']
[0.213s] DEBUG:colcon:Parsed command line arguments: Namespace(log_base=None, log_level=None, verb_name='build', build_base='build', install_base='install', merge_install=False, symlink_install=False, test_result_base=None, continue_on_error=False, executor='parallel', parallel_workers=4, event_handlers=None, ignore_user_meta=False, metas=['./colcon.meta'], base_paths=['.'], packages_ignore=None, packages_ignore_regex=None, paths=None, packages_up_to=None, packages_up_to_regex=None, packages_above=None, packages_above_and_dependencies=None, packages_above_depth=None, packages_select_by_dep=None, packages_skip_by_dep=None, packages_skip_up_to=None, packages_select_build_failed=False, packages_skip_build_finished=False, packages_select_test_failures=False, packages_skip_test_passed=False, packages_select=None, packages_skip=None, packages_select_regex=None, packages_skip_regex=None, packages_start=None, packages_end=None, allow_overriding=[], cmake_args=None, cmake_target=None, cmake_target_skip_unavailable=False, cmake_clean_cache=False, cmake_clean_first=False, cmake_force_configure=False, ament_cmake_args=None, catkin_cmake_args=None, catkin_skip_building_tests=False, mixin_files=None, mixin=None, verb_parser=<colcon_mixin.mixin.mixin_argument.MixinArgumentDecorator object at 0x755c9c7f4b90>, verb_extension=<colcon_core.verb.build.BuildVerb object at 0x755c9c7f48c0>, main=<bound method BuildVerb.main of <colcon_core.verb.build.BuildVerb object at 0x755c9c7f48c0>>, mixin_verb=('build',))
[0.279s] Level 1:colcon.colcon_core.package_discovery:discover_packages(colcon_meta) check parameters
[0.280s] Level 1:colcon.colcon_core.package_discovery:discover_packages(recursive) check parameters
[0.280s] Level 1:colcon.colcon_core.package_discovery:discover_packages(ignore) check parameters
[0.280s] Level 1:colcon.colcon_core.package_discovery:discover_packages(path) check parameters
[0.280s] Level 1:colcon.colcon_core.package_discovery:discover_packages(colcon_meta) discover
[0.280s] Level 1:colcon.colcon_core.package_discovery:discover_packages(recursive) discover
[0.280s] INFO:colcon.colcon_core.package_discovery:Crawling recursively for packages in '/home/omar/amrws'
[0.280s] Level 1:colcon.colcon_core.package_identification:_identify(.) by extensions ['ignore', 'ignore_ament_install']
[0.280s] Level 1:colcon.colcon_core.package_identification:_identify(.) by extension 'ignore'
[0.280s] Level 1:colcon.colcon_core.package_identification:_identify(.) by extension 'ignore_ament_install'
[0.280s] Level 1:colcon.colcon_core.package_identification:_identify(.) by extensions ['colcon_pkg']
[0.280s] Level 1:colcon.colcon_core.package_identification:_identify(.) by extension 'colcon_pkg'
[0.280s] Level 1:colcon.colcon_core.package_identification:_identify(.) by extensions ['colcon_meta']
[0.280s] Level 1:colcon.colcon_core.package_identification:_identify(.) by extension 'colcon_meta'
[0.281s] Level 1:colcon.colcon_core.package_identification:_identify(.) by extensions ['ros']
[0.281s] Level 1:colcon.colcon_core.package_identification:_identify(.) by extension 'ros'
[0.322s] Level 1:colcon.colcon_core.package_identification:_identify(.) by extensions ['cmake', 'python']
[0.322s] Level 1:colcon.colcon_core.package_identification:_identify(.) by extension 'cmake'
[0.323s] Level 1:colcon.colcon_core.package_identification:_identify(.) by extension 'python'
[0.323s] Level 1:colcon.colcon_core.package_identification:_identify(.) by extensions ['python_setup_py']
[0.323s] Level 1:colcon.colcon_core.package_identification:_identify(.) by extension 'python_setup_py'
[0.323s] Level 1:colcon.colcon_core.package_identification:_identify(build) by extensions ['ignore', 'ignore_ament_install']
[0.323s] Level 1:colcon.colcon_core.package_identification:_identify(build) by extension 'ignore'
[0.323s] Level 1:colcon.colcon_core.package_identification:_identify(build) ignored
[0.323s] Level 1:colcon.colcon_core.package_identification:_identify(install) by extensions ['ignore', 'ignore_ament_install']
[0.323s] Level 1:colcon.colcon_core.package_identification:_identify(install) by extension 'ignore'
[0.324s] Level 1:colcon.colcon_core.package_identification:_identify(install) ignored
[0.324s] Level 1:colcon.colcon_core.package_identification:_identify(log) by extensions ['ignore', 'ignore_ament_install']
[0.324s] Level 1:colcon.colcon_core.package_identification:_identify(log) by extension 'ignore'
[0.324s] Level 1:colcon.colcon_core.package_identification:_identify(log) ignored
[0.324s] Level 1:colcon.colcon_core.package_identification:_identify(src) by extensions ['ignore', 'ignore_ament_install']
[0.324s] Level 1:colcon.colcon_core.package_identification:_identify(src) by extension 'ignore'
[0.324s] Level 1:colcon.colcon_core.package_identification:_identify(src) by extension 'ignore_ament_install'
[0.325s] Level 1:colcon.colcon_core.package_identification:_identify(src) by extensions ['colcon_pkg']
[0.325s] Level 1:colcon.colcon_core.package_identification:_identify(src) by extension 'colcon_pkg'
[0.325s] Level 1:colcon.colcon_core.package_identification:_identify(src) by extensions ['colcon_meta']
[0.325s] Level 1:colcon.colcon_core.package_identification:_identify(src) by extension 'colcon_meta'
[0.325s] Level 1:colcon.colcon_core.package_identification:_identify(src) by extensions ['ros']
[0.325s] Level 1:colcon.colcon_core.package_identification:_identify(src) by extension 'ros'
[0.325s] Level 1:colcon.colcon_core.package_identification:_identify(src) by extensions ['cmake', 'python']
[0.325s] Level 1:colcon.colcon_core.package_identification:_identify(src) by extension 'cmake'
[0.325s] Level 1:colcon.colcon_core.package_identification:_identify(src) by extension 'python'
[0.325s] Level 1:colcon.colcon_core.package_identification:_identify(src) by extensions ['python_setup_py']
[0.325s] Level 1:colcon.colcon_core.package_identification:_identify(src) by extension 'python_setup_py'
[0.325s] Level 1:colcon.colcon_core.package_identification:_identify(src/MIA_training_competion2026) by extensions ['ignore', 'ignore_ament_install']
[0.326s] Level 1:colcon.colcon_core.package_identification:_identify(src/MIA_training_competion2026) by extension 'ignore'
[0.326s] Level 1:colcon.colcon_core.package_identification:_identify(src/MIA_training_competion2026) by extension 'ignore_ament_install'
[0.326s] Level 1:colcon.colcon_core.package_identification:_identify(src/MIA_training_competion2026) by extensions ['colcon_pkg']
[0.326s] Level 1:colcon.colcon_core.package_identification:_identify(src/MIA_training_competion2026) by extension 'colcon_pkg'
[0.326s] Level 1:colcon.colcon_core.package_identification:_identify(src/MIA_training_competion2026) by extensions ['colcon_meta']
[0.326s] Level 1:colcon.colcon_core.package_identification:_identify(src/MIA_training_competion2026) by extension 'colcon_meta'
[0.326s] Level 1:colcon.colcon_core.package_identification:_identify(src/MIA_training_competion2026) by extensions ['ros']
[0.326s] Level 1:colcon.colcon_core.package_identification:_identify(src/MIA_training_competion2026) by extension 'ros'
[0.326s] Level 1:colcon.colcon_core.package_identification:_identify(src/MIA_training_competion2026) by extensions ['cmake', 'python']
[0.326s] Level 1:colcon.colcon_core.package_identification:_identify(src/MIA_training_competion2026) by extension 'cmake'
[0.326s] Level 1:colcon.colcon_core.package_identification:_identify(src/MIA_training_competion2026) by extension 'python'
[0.326s] Level 1:colcon.colcon_core.package_identification:_identify(src/MIA_training_competion2026) by extensions ['python_setup_py']
[0.326s] Level 1:colcon.colcon_core.package_identification:_identify(src/MIA_training_competion2026) by extension 'python_setup_py'
[0.327s] Level 1:colcon.colcon_core.package_identification:_identify(src/MIA_training_competion2026/camera_drivers) by extensions ['ignore', 'ignore_ament_install']
[0.327s] Level 1:colcon.colcon_core.package_identification:_identify(src/MIA_training_competion2026/camera_drivers) by extension 'ignore'
[0.327s] Level 1:colcon.colcon_core.package_identification:_identify(src/MIA_training_competion2026/camera_drivers) by extension 'ignore_ament_install'
[0.327s] Level 1:colcon.colcon_core.package_identification:_identify(src/MIA_training_competion2026/camera_drivers) by extensions ['colcon_pkg']
[0.327s] Level 1:colcon.colcon_core.package_identification:_identify(src/MIA_training_competion2026/camera_drivers) by extension 'colcon_pkg'
[0.327s] Level 1:colcon.colcon_core.package_identification:_identify(src/MIA_training_competion2026/camera_drivers) by extensions ['colcon_meta']
[0.327s] Level 1:colcon.colcon_core.package_identification:_identify(src/MIA_training_competion2026/camera_drivers) by extension 'colcon_meta'
[0.327s] Level 1:colcon.colcon_core.package_identification:_identify(src/MIA_training_competion2026/camera_drivers) by extensions ['ros']
[0.327s] Level 1:colcon.colcon_core.package_identification:_identify(src/MIA_training_competion2026/camera_drivers) by extension 'ros'
[0.331s] DEBUG:colcon.colcon_core.package_identification:Package 'src/MIA_training_competion2026/camera_drivers' with type 'ros.ament_python' and name 'camera_drivers'
[0.331s] Level 1:colcon.colcon_core.package_identification:_identify(src/MIA_training_competion2026/competetion_bringup) by extensions ['ignore', 'ignore_ament_install']
[0.331s] Level 1:colcon.colcon_core.package_identification:_identify(src/MIA_training_competion2026/competetion_bringup) by extension 'ignore'
[0.331s] Level 1:colcon.colcon_core.package_identification:_identify(src/MIA_training_competion2026/competetion_bringup) by extension 'ignore_ament_install'
[0.331s] Level 1:colcon.colcon_core.package_identification:_identify(src/MIA_training_competion2026/competetion_bringup) by extensions ['colcon_pkg']
[0.332s] Level 1:colcon.colcon_core.package_identification:_identify(src/MIA_training_competion2026/competetion_bringup) by extension 'colcon_pkg'
[0.332s] Level 1:colcon.colcon_core.package_identification:_identify(src/MIA_training_competion2026/competetion_bringup) by extensions ['colcon_meta']
[0.332s] Level 1:colcon.colcon_core.package_identification:_identify(src/MIA_training_competion2026/competetion_bringup) by extension 'colcon_meta'
[0.332s] Level 1:colcon.colcon_core.package_identification:_identify(src/MIA_training_competion2026/competetion_bringup) by extensions ['ros']
[0.332s] Level 1:colcon.colcon_core.package_identification:_identify(src/MIA_training_competion2026/competetion_bringup) by extension 'ros'
[0.332s] DEBUG:colcon.colcon_core.package_identification:Package 'src/MIA_training_competion2026/competetion_bringup' with type 'ros.ament_python' and name 'competetion_bringup'
[0.333s] Level 1:colcon.colcon_core.package_identification:_identify(src/MIA_training_competion2026/robot_kinematics_pkg) by extensions ['ignore', 'ignore_ament_install']
[0.333s] Level 1:colcon.colcon_core.package_identification:_identify(src/MIA_training_competion2026/robot_kinematics_pkg) by extension 'ignore'
[0.333s] Level 1:colcon.colcon_core.package_identification:_identify(src/MIA_training_competion2026/robot_kinematics_pkg) by extension 'ignore_ament_install'
[0.333s] Level 1:colcon.colcon_core.package_identification:_identify(src/MIA_training_competion2026/robot_kinematics_pkg) by extensions ['colcon_pkg']
[0.333s] Level 1:colcon.colcon_core.package_identification:_identify(src/MIA_training_competion2026/robot_kinematics_pkg) by extension 'colcon_pkg'
[0.333s] Level 1:colcon.colcon_core.package_identification:_identify(src/MIA_training_competion2026/robot_kinematics_pkg) by extensions ['colcon_meta']
[0.333s] Level 1:colcon.colcon_core.package_identification:_identify(src/MIA_training_competion2026/robot_kinematics_pkg) by extension 'colcon_meta'
[0.333s] Level 1:colcon.colcon_core.package_identification:_identify(src/MIA_training_competion2026/robot_kinematics_pkg) by extensions ['ros']
[0.333s] Level 1:colcon.colcon_core.package_identification:_identify(src/MIA_training_competion2026/robot_kinematics_pkg) by extension 'ros'
[0.334s] DEBUG:colcon.colcon_core.package_identification:Package 'src/MIA_training_competion2026/robot_kinematics_pkg' with type 'ros.ament_python' and name 'robot_kinematics_pkg'
[0.334s] Level 1:colcon.colcon_core.package_identification:_identify(src/MIA_training_competion2026/srv_pkg) by extensions ['ignore', 'ignore_ament_install']
[0.334s] Level 1:colcon.colcon_core.package_identification:_identify(src/MIA_training_competion2026/srv_pkg) by extension 'ignore'
[0.335s] Level 1:colcon.colcon_core.package_identification:_identify(src/MIA_training_competion2026/srv_pkg) by extension 'ignore_ament_install'
[0.335s] Level 1:colcon.colcon_core.package_identification:_identify(src/MIA_training_competion2026/srv_pkg) by extensions ['colcon_pkg']
[0.335s] Level 1:colcon.colcon_core.package_identification:_identify(src/MIA_training_competion2026/srv_pkg) by extension 'colcon_pkg'
[0.335s] Level 1:colcon.colcon_core.package_identification:_identify(src/MIA_training_competion2026/srv_pkg) by extensions ['colcon_meta']
[0.335s] Level 1:colcon.colcon_core.package_identification:_identify(src/MIA_training_competion2026/srv_pkg) by extension 'colcon_meta'
[0.335s] Level 1:colcon.colcon_core.package_identification:_identify(src/MIA_training_competion2026/srv_pkg) by extensions ['ros']
[0.335s] Level 1:colcon.colcon_core.package_identification:_identify(src/MIA_training_competion2026/srv_pkg) by extension 'ros'
[0.336s] DEBUG:colcon.colcon_core.package_identification:Package 'src/MIA_training_competion2026/srv_pkg' with type 'ros.ament_cmake' and name 'srv_pkg'
[0.336s] Level 1:colcon.colcon_core.package_identification:_identify(src/amr_khaled) by extensions ['ignore', 'ignore_ament_install']
[0.336s] Level 1:colcon.colcon_core.package_identification:_identify(src/amr_khaled) by extension 'ignore'
[0.336s] Level 1:colcon.colcon_core.package_identification:_identify(src/amr_khaled) by extension 'ignore_ament_install'
[0.336s] Level 1:colcon.colcon_core.package_identification:_identify(src/amr_khaled) by extensions ['colcon_pkg']
[0.336s] Level 1:colcon.colcon_core.package_identification:_identify(src/amr_khaled) by extension 'colcon_pkg'
[0.336s] Level 1:colcon.colcon_core.package_identification:_identify(src/amr_khaled) by extensions ['colcon_meta']
[0.336s] Level 1:colcon.colcon_core.package_identification:_identify(src/amr_khaled) by extension 'colcon_meta'
[0.336s] Level 1:colcon.colcon_core.package_identification:_identify(src/amr_khaled) by extensions ['ros']
[0.336s] Level 1:colcon.colcon_core.package_identification:_identify(src/amr_khaled) by extension 'ros'
[0.337s] DEBUG:colcon.colcon_core.package_identification:Package 'src/amr_khaled' with type 'ros.ament_python' and name 'amr_khaled'
[0.337s] Level 1:colcon.colcon_core.package_discovery:discover_packages(recursive) using defaults
[0.337s] Level 1:colcon.colcon_core.package_discovery:discover_packages(ignore) discover
[0.337s] Level 1:colcon.colcon_core.package_discovery:discover_packages(ignore) using defaults
[0.337s] Level 1:colcon.colcon_core.package_discovery:discover_packages(path) discover
[0.338s] Level 1:colcon.colcon_core.package_discovery:discover_packages(path) using defaults
[0.369s] Level 1:colcon.colcon_core.package_discovery:discover_packages(prefix_path) check parameters
[0.369s] Level 1:colcon.colcon_core.package_discovery:discover_packages(prefix_path) discover
[0.373s] DEBUG:colcon.colcon_installed_package_information.package_discovery:Found 5 installed packages in /home/omar/amrws/install
[0.373s] DEBUG:colcon.colcon_installed_package_information.package_discovery:Found 3 installed packages in /home/omar/microros_ws/install
[0.377s] DEBUG:colcon.colcon_installed_package_information.package_discovery:Found 405 installed packages in /opt/ros/jazzy
[0.378s] Level 1:colcon.colcon_core.package_discovery:discover_packages(prefix_path) using defaults
[0.496s] Level 5:colcon.colcon_core.verb:set package 'amr_khaled' build argument 'cmake_args' from command line to 'None'
[0.496s] Level 5:colcon.colcon_core.verb:set package 'amr_khaled' build argument 'cmake_target' from command line to 'None'
[0.496s] Level 5:colcon.colcon_core.verb:set package 'amr_khaled' build argument 'cmake_target_skip_unavailable' from command line to 'False'
[0.497s] Level 5:colcon.colcon_core.verb:set package 'amr_khaled' build argument 'cmake_clean_cache' from command line to 'False'
[0.497s] Level 5:colcon.colcon_core.verb:set package 'amr_khaled' build argument 'cmake_clean_first' from command line to 'False'
[0.497s] Level 5:colcon.colcon_core.verb:set package 'amr_khaled' build argument 'cmake_force_configure' from command line to 'False'
[0.497s] Level 5:colcon.colcon_core.verb:set package 'amr_khaled' build argument 'ament_cmake_args' from command line to 'None'
[0.497s] Level 5:colcon.colcon_core.verb:set package 'amr_khaled' build argument 'catkin_cmake_args' from command line to 'None'
[0.497s] Level 5:colcon.colcon_core.verb:set package 'amr_khaled' build argument 'catkin_skip_building_tests' from command line to 'False'
[0.497s] DEBUG:colcon.colcon_core.verb:Building package 'amr_khaled' with the following arguments: {'ament_cmake_args': None, 'build_base': '/home/omar/amrws/build/amr_khaled', 'catkin_cmake_args': None, 'catkin_skip_building_tests': False, 'cmake_args': None, 'cmake_clean_cache': False, 'cmake_clean_first': False, 'cmake_force_configure': False, 'cmake_target': None, 'cmake_target_skip_unavailable': False, 'install_base': '/home/omar/amrws/install/amr_khaled', 'merge_install': False, 'path': '/home/omar/amrws/src/amr_khaled', 'symlink_install': False, 'test_result_base': None}
[0.497s] Level 5:colcon.colcon_core.verb:set package 'camera_drivers' build argument 'cmake_args' from command line to 'None'
[0.497s] Level 5:colcon.colcon_core.verb:set package 'camera_drivers' build argument 'cmake_target' from command line to 'None'
[0.497s] Level 5:colcon.colcon_core.verb:set package 'camera_drivers' build argument 'cmake_target_skip_unavailable' from command line to 'False'
[0.497s] Level 5:colcon.colcon_core.verb:set package 'camera_drivers' build argument 'cmake_clean_cache' from command line to 'False'
[0.497s] Level 5:colcon.colcon_core.verb:set package 'camera_drivers' build argument 'cmake_clean_first' from command line to 'False'
[0.497s] Level 5:colcon.colcon_core.verb:set package 'camera_drivers' build argument 'cmake_force_configure' from command line to 'False'
[0.497s] Level 5:colcon.colcon_core.verb:set package 'camera_drivers' build argument 'ament_cmake_args' from command line to 'None'
[0.497s] Level 5:colcon.colcon_core.verb:set package 'camera_drivers' build argument 'catkin_cmake_args' from command line to 'None'
[0.498s] Level 5:colcon.colcon_core.verb:set package 'camera_drivers' build argument 'catkin_skip_building_tests' from command line to 'False'
[0.498s] DEBUG:colcon.colcon_core.verb:Building package 'camera_drivers' with the following arguments: {'ament_cmake_args': None, 'build_base': '/home/omar/amrws/build/camera_drivers', 'catkin_cmake_args': None, 'catkin_skip_building_tests': False, 'cmake_args': None, 'cmake_clean_cache': False, 'cmake_clean_first': False, 'cmake_force_configure': False, 'cmake_target': None, 'cmake_target_skip_unavailable': False, 'install_base': '/home/omar/amrws/install/camera_drivers', 'merge_install': False, 'path': '/home/omar/amrws/src/MIA_training_competion2026/camera_drivers', 'symlink_install': False, 'test_result_base': None}
[0.498s] Level 5:colcon.colcon_core.verb:set package 'competetion_bringup' build argument 'cmake_args' from command line to 'None'
[0.498s] Level 5:colcon.colcon_core.verb:set package 'competetion_bringup' build argument 'cmake_target' from command line to 'None'
[0.498s] Level 5:colcon.colcon_core.verb:set package 'competetion_bringup' build argument 'cmake_target_skip_unavailable' from command line to 'False'
[0.498s] Level 5:colcon.colcon_core.verb:set package 'competetion_bringup' build argument 'cmake_clean_cache' from command line to 'False'
[0.498s] Level 5:colcon.colcon_core.verb:set package 'competetion_bringup' build argument 'cmake_clean_first' from command line to 'False'
[0.498s] Level 5:colcon.colcon_core.verb:set package 'competetion_bringup' build argument 'cmake_force_configure' from command line to 'False'
[0.498s] Level 5:colcon.colcon_core.verb:set package 'competetion_bringup' build argument 'ament_cmake_args' from command line to 'None'
[0.498s] Level 5:colcon.colcon_core.verb:set package 'competetion_bringup' build argument 'catkin_cmake_args' from command line to 'None'
[0.498s] Level 5:colcon.colcon_core.verb:set package 'competetion_bringup' build argument 'catkin_skip_building_tests' from command line to 'False'
[0.498s] DEBUG:colcon.colcon_core.verb:Building package 'competetion_bringup' with the following arguments: {'ament_cmake_args': None, 'build_base': '/home/omar/amrws/build/competetion_bringup', 'catkin_cmake_args': None, 'catkin_skip_building_tests': False, 'cmake_args': None, 'cmake_clean_cache': False, 'cmake_clean_first': False, 'cmake_force_configure': False, 'cmake_target': None, 'cmake_target_skip_unavailable': False, 'install_base': '/home/omar/amrws/install/competetion_bringup', 'merge_install': False, 'path': '/home/omar/amrws/src/MIA_training_competion2026/competetion_bringup', 'symlink_install': False, 'test_result_base': None}
[0.499s] Level 5:colcon.colcon_core.verb:set package 'robot_kinematics_pkg' build argument 'cmake_args' from command line to 'None'
[0.499s] Level 5:colcon.colcon_core.verb:set package 'robot_kinematics_pkg' build argument 'cmake_target' from command line to 'None'
[0.499s] Level 5:colcon.colcon_core.verb:set package 'robot_kinematics_pkg' build argument 'cmake_target_skip_unavailable' from command line to 'False'
[0.499s] Level 5:colcon.colcon_core.verb:set package 'robot_kinematics_pkg' build argument 'cmake_clean_cache' from command line to 'False'
[0.499s] Level 5:colcon.colcon_core.verb:set package 'robot_kinematics_pkg' build argument 'cmake_clean_first' from command line to 'False'
[0.499s] Level 5:colcon.colcon_core.verb:set package 'robot_kinematics_pkg' build argument 'cmake_force_configure' from command line to 'False'
[0.499s] Level 5:colcon.colcon_core.verb:set package 'robot_kinematics_pkg' build argument 'ament_cmake_args' from command line to 'None'
[0.499s] Level 5:colcon.colcon_core.verb:set package 'robot_kinematics_pkg' build argument 'catkin_cmake_args' from command line to 'None'
[0.499s] Level 5:colcon.colcon_core.verb:set package 'robot_kinematics_pkg' build argument 'catkin_skip_building_tests' from command line to 'False'
[0.499s] DEBUG:colcon.colcon_core.verb:Building package 'robot_kinematics_pkg' with the following arguments: {'ament_cmake_args': None, 'build_base': '/home/omar/amrws/build/robot_kinematics_pkg', 'catkin_cmake_args': None, 'catkin_skip_building_tests': False, 'cmake_args': None, 'cmake_clean_cache': False, 'cmake_clean_first': False, 'cmake_force_configure': False, 'cmake_target': None, 'cmake_target_skip_unavailable': False, 'install_base': '/home/omar/amrws/install/robot_kinematics_pkg', 'merge_install': False, 'path': '/home/omar/amrws/src/MIA_training_competion2026/robot_kinematics_pkg', 'symlink_install': False, 'test_result_base': None}
[0.500s] Level 5:colcon.colcon_core.verb:set package 'srv_pkg' build argument 'cmake_args' from command line to 'None'
[0.500s] Level 5:colcon.colcon_core.verb:set package 'srv_pkg' build argument 'cmake_target' from command line to 'None'
[0.500s] Level 5:colcon.colcon_core.verb:set package 'srv_pkg' build argument 'cmake_target_skip_unavailable' from command line to 'False'
[0.500s] Level 5:colcon.colcon_core.verb:set package 'srv_pkg' build argument 'cmake_clean_cache' from command line to 'False'
[0.500s] Level 5:colcon.colcon_core.verb:set package 'srv_pkg' build argument 'cmake_clean_first' from command line to 'False'
[0.500s] Level 5:colcon.colcon_core.verb:set package 'srv_pkg' build argument 'cmake_force_configure' from command line to 'False'
[0.500s] Level 5:colcon.colcon_core.verb:set package 'srv_pkg' build argument 'ament_cmake_args' from command line to 'None'
[0.500s] Level 5:colcon.colcon_core.verb:set package 'srv_pkg' build argument 'catkin_cmake_args' from command line to 'None'
[0.500s] Level 5:colcon.colcon_core.verb:set package 'srv_pkg' build argument 'catkin_skip_building_tests' from command line to 'False'
[0.500s] DEBUG:colcon.colcon_core.verb:Building package 'srv_pkg' with the following arguments: {'ament_cmake_args': None, 'build_base': '/home/omar/amrws/build/srv_pkg', 'catkin_cmake_args': None, 'catkin_skip_building_tests': False, 'cmake_args': None, 'cmake_clean_cache': False, 'cmake_clean_first': False, 'cmake_force_configure': False, 'cmake_target': None, 'cmake_target_skip_unavailable': False, 'install_base': '/home/omar/amrws/install/srv_pkg', 'merge_install': False, 'path': '/home/omar/amrws/src/MIA_training_competion2026/srv_pkg', 'symlink_install': False, 'test_result_base': None}
[0.500s] INFO:colcon.colcon_core.executor:Executing jobs using 'parallel' executor
[0.501s] DEBUG:colcon.colcon_parallel_executor.executor.parallel:run_until_complete
[0.501s] INFO:colcon.colcon_ros.task.ament_python.build:Building ROS package in '/home/omar/amrws/src/amr_khaled' with build type 'ament_python'
[0.502s] Level 1:colcon.colcon_core.shell:create_environment_hook('amr_khaled', 'ament_prefix_path')
[0.506s] INFO:colcon.colcon_core.plugin_system:Skipping extension 'colcon_core.shell.bat': Not used on non-Windows systems
[0.506s] INFO:colcon.colcon_core.shell:Creating environment hook '/home/omar/amrws/install/amr_khaled/share/amr_khaled/hook/ament_prefix_path.ps1'
[0.508s] INFO:colcon.colcon_core.shell:Creating environment descriptor '/home/omar/amrws/install/amr_khaled/share/amr_khaled/hook/ament_prefix_path.dsv'
[0.509s] INFO:colcon.colcon_core.shell:Creating environment hook '/home/omar/amrws/install/amr_khaled/share/amr_khaled/hook/ament_prefix_path.sh'
[0.510s] INFO:colcon.colcon_core.shell:Skip shell extension 'powershell' for command environment: Not usable outside of PowerShell
[0.510s] DEBUG:colcon.colcon_core.shell:Skip shell extension 'dsv' for command environment
[0.517s] INFO:colcon.colcon_ros.task.ament_python.build:Building ROS package in '/home/omar/amrws/src/MIA_training_competion2026/camera_drivers' with build type 'ament_python'
[0.518s] Level 1:colcon.colcon_core.shell:create_environment_hook('camera_drivers', 'ament_prefix_path')
[0.518s] INFO:colcon.colcon_core.shell:Creating environment hook '/home/omar/amrws/install/camera_drivers/share/camera_drivers/hook/ament_prefix_path.ps1'
[0.519s] INFO:colcon.colcon_core.shell:Creating environment descriptor '/home/omar/amrws/install/camera_drivers/share/camera_drivers/hook/ament_prefix_path.dsv'
[0.520s] INFO:colcon.colcon_core.shell:Creating environment hook '/home/omar/amrws/install/camera_drivers/share/camera_drivers/hook/ament_prefix_path.sh'
[0.520s] INFO:colcon.colcon_core.shell:Skip shell extension 'powershell' for command environment: Not usable outside of PowerShell
[0.520s] DEBUG:colcon.colcon_core.shell:Skip shell extension 'dsv' for command environment
[0.529s] INFO:colcon.colcon_ros.task.ament_python.build:Building ROS package in '/home/omar/amrws/src/MIA_training_competion2026/competetion_bringup' with build type 'ament_python'
[0.529s] Level 1:colcon.colcon_core.shell:create_environment_hook('competetion_bringup', 'ament_prefix_path')
[0.529s] INFO:colcon.colcon_core.shell:Creating environment hook '/home/omar/amrws/install/competetion_bringup/share/competetion_bringup/hook/ament_prefix_path.ps1'
[0.531s] INFO:colcon.colcon_core.shell:Creating environment descriptor '/home/omar/amrws/install/competetion_bringup/share/competetion_bringup/hook/ament_prefix_path.dsv'
[0.531s] INFO:colcon.colcon_core.shell:Creating environment hook '/home/omar/amrws/install/competetion_bringup/share/competetion_bringup/hook/ament_prefix_path.sh'
[0.533s] INFO:colcon.colcon_core.shell:Skip shell extension 'powershell' for command environment: Not usable outside of PowerShell
[0.533s] DEBUG:colcon.colcon_core.shell:Skip shell extension 'dsv' for command environment
[0.540s] INFO:colcon.colcon_ros.task.ament_python.build:Building ROS package in '/home/omar/amrws/src/MIA_training_competion2026/robot_kinematics_pkg' with build type 'ament_python'
[0.540s] Level 1:colcon.colcon_core.shell:create_environment_hook('robot_kinematics_pkg', 'ament_prefix_path')
[0.541s] INFO:colcon.colcon_core.shell:Creating environment hook '/home/omar/amrws/install/robot_kinematics_pkg/share/robot_kinematics_pkg/hook/ament_prefix_path.ps1'
[0.542s] INFO:colcon.colcon_core.shell:Creating environment descriptor '/home/omar/amrws/install/robot_kinematics_pkg/share/robot_kinematics_pkg/hook/ament_prefix_path.dsv'
[0.543s] INFO:colcon.colcon_core.shell:Creating environment hook '/home/omar/amrws/install/robot_kinematics_pkg/share/robot_kinematics_pkg/hook/ament_prefix_path.sh'
[0.544s] INFO:colcon.colcon_core.shell:Skip shell extension 'powershell' for command environment: Not usable outside of PowerShell
[0.544s] DEBUG:colcon.colcon_core.shell:Skip shell extension 'dsv' for command environment
[1.086s] INFO:colcon.colcon_core.task.python.build:Building Python package in '/home/omar/amrws/src/amr_khaled'
[1.086s] INFO:colcon.colcon_core.shell:Skip shell extension 'powershell' for command environment: Not usable outside of PowerShell
[1.086s] DEBUG:colcon.colcon_core.shell:Skip shell extension 'dsv' for command environment
[1.558s] INFO:colcon.colcon_core.task.python.build:Building Python package in '/home/omar/amrws/src/MIA_training_competion2026/camera_drivers'
[1.559s] INFO:colcon.colcon_core.shell:Skip shell extension 'powershell' for command environment: Not usable outside of PowerShell
[1.559s] DEBUG:colcon.colcon_core.shell:Skip shell extension 'dsv' for command environment
[2.022s] INFO:colcon.colcon_core.task.python.build:Building Python package in '/home/omar/amrws/src/MIA_training_competion2026/competetion_bringup'
[2.023s] INFO:colcon.colcon_core.shell:Skip shell extension 'powershell' for command environment: Not usable outside of PowerShell
[2.023s] DEBUG:colcon.colcon_core.shell:Skip shell extension 'dsv' for command environment
[2.491s] INFO:colcon.colcon_core.task.python.build:Building Python package in '/home/omar/amrws/src/MIA_training_competion2026/robot_kinematics_pkg'
[2.492s] INFO:colcon.colcon_core.shell:Skip shell extension 'powershell' for command environment: Not usable outside of PowerShell
[2.492s] DEBUG:colcon.colcon_core.shell:Skip shell extension 'dsv' for command environment
[4.879s] DEBUG:colcon.colcon_core.task.python.build:Available setuptools commands: register, build_clib, check, upload_docs, build, bdist_egg, install_egg_info, bdist_dumb, develop, build_scripts, install_data, egg_info, install_scripts, bdist_wheel, editable_wheel, saveopts, symlink_data, bdist_rpm, build_ext, extract_messages, install, compile_catalog, install_headers, bdist, setopt, build_py, rotate, update_catalog, easy_install, alias, install_lib, test, sdist, dist_info, clean, upload, init_catalog
[4.886s] DEBUG:colcon.colcon_core.event_handler.log_command:Invoking command in '/home/omar/amrws/src/amr_khaled': DEBUGINFOD_URLS=https://debuginfod.ubuntu.com PYTHONPATH=/home/omar/amrws/build/amr_khaled/prefix_override:/usr/lib/python3/dist-packages/colcon_core/task/python/colcon_distutils_commands:/home/omar/amrws/install/amr_khaled/lib/python3.12/site-packages:${PYTHONPATH} /usr/bin/python3 -W ignore:setup.py install is deprecated -W ignore:easy_install command is deprecated setup.py egg_info --egg-base ../../build/amr_khaled build --build-base /home/omar/amrws/build/amr_khaled/build install --record /home/omar/amrws/build/amr_khaled/install.log --install-scripts $base/lib/amr_khaled --single-version-externally-managed install_data
[4.926s] DEBUG:colcon.colcon_core.task.python.build:Available setuptools commands: register, build_clib, check, upload_docs, build, bdist_egg, install_egg_info, bdist_dumb, develop, build_scripts, install_data, egg_info, install_scripts, bdist_wheel, editable_wheel, saveopts, symlink_data, bdist_rpm, build_ext, extract_messages, install, compile_catalog, install_headers, bdist, setopt, build_py, rotate, update_catalog, easy_install, alias, install_lib, test, sdist, dist_info, clean, upload, init_catalog
[4.929s] DEBUG:colcon.colcon_core.event_handler.log_command:Invoking command in '/home/omar/amrws/src/MIA_training_competion2026/camera_drivers': DEBUGINFOD_URLS=https://debuginfod.ubuntu.com PYTHONPATH=/home/omar/amrws/build/camera_drivers/prefix_override:/usr/lib/python3/dist-packages/colcon_core/task/python/colcon_distutils_commands:/home/omar/amrws/install/camera_drivers/lib/python3.12/site-packages:${PYTHONPATH} /usr/bin/python3 -W ignore:setup.py install is deprecated -W ignore:easy_install command is deprecated setup.py egg_info --egg-base ../../../build/camera_drivers build --build-base /home/omar/amrws/build/camera_drivers/build install --record /home/omar/amrws/build/camera_drivers/install.log --install-scripts $base/lib/camera_drivers --single-version-externally-managed install_data
[4.994s] DEBUG:colcon.colcon_core.task.python.build:Available setuptools commands: register, build_clib, check, upload_docs, build, bdist_egg, install_egg_info, bdist_dumb, develop, build_scripts, install_data, egg_info, install_scripts, bdist_wheel, editable_wheel, saveopts, symlink_data, bdist_rpm, build_ext, extract_messages, install, compile_catalog, install_headers, bdist, setopt, build_py, rotate, update_catalog, easy_install, alias, install_lib, test, sdist, dist_info, clean, upload, init_catalog
[4.999s] DEBUG:colcon.colcon_core.event_handler.log_command:Invoking command in '/home/omar/amrws/src/MIA_training_competion2026/competetion_bringup': DEBUGINFOD_URLS=https://debuginfod.ubuntu.com PYTHONPATH=/home/omar/amrws/build/competetion_bringup/prefix_override:/usr/lib/python3/dist-packages/colcon_core/task/python/colcon_distutils_commands:/home/omar/amrws/install/competetion_bringup/lib/python3.12/site-packages:${PYTHONPATH} /usr/bin/python3 -W ignore:setup.py install is deprecated -W ignore:easy_install command is deprecated setup.py egg_info --egg-base ../../../build/competetion_bringup build --build-base /home/omar/amrws/build/competetion_bringup/build install --record /home/omar/amrws/build/competetion_bringup/install.log --install-scripts $base/lib/competetion_bringup --single-version-externally-managed install_data
[5.002s] DEBUG:colcon.colcon_core.task.python.build:Available setuptools commands: register, build_clib, check, upload_docs, build, bdist_egg, install_egg_info, bdist_dumb, develop, build_scripts, install_data, egg_info, install_scripts, bdist_wheel, editable_wheel, saveopts, symlink_data, bdist_rpm, build_ext, extract_messages, install, compile_catalog, install_headers, bdist, setopt, build_py, rotate, update_catalog, easy_install, alias, install_lib, test, sdist, dist_info, clean, upload, init_catalog
[5.006s] DEBUG:colcon.colcon_core.event_handler.log_command:Invoking command in '/home/omar/amrws/src/MIA_training_competion2026/robot_kinematics_pkg': DEBUGINFOD_URLS=https://debuginfod.ubuntu.com PYTHONPATH=/home/omar/amrws/build/robot_kinematics_pkg/prefix_override:/usr/lib/python3/dist-packages/colcon_core/task/python/colcon_distutils_commands:/home/omar/amrws/install/robot_kinematics_pkg/lib/python3.12/site-packages:${PYTHONPATH} /usr/bin/python3 -W ignore:setup.py install is deprecated -W ignore:easy_install command is deprecated setup.py egg_info --egg-base ../../../build/robot_kinematics_pkg build --build-base /home/omar/amrws/build/robot_kinematics_pkg/build install --record /home/omar/amrws/build/robot_kinematics_pkg/install.log --install-scripts $base/lib/robot_kinematics_pkg --single-version-externally-managed install_data
[7.338s] DEBUG:colcon.colcon_core.event_handler.log_command:Invoked command in '/home/omar/amrws/src/MIA_training_competion2026/camera_drivers' returned '0': DEBUGINFOD_URLS=https://debuginfod.ubuntu.com PYTHONPATH=/home/omar/amrws/build/camera_drivers/prefix_override:/usr/lib/python3/dist-packages/colcon_core/task/python/colcon_distutils_commands:/home/omar/amrws/install/camera_drivers/lib/python3.12/site-packages:${PYTHONPATH} /usr/bin/python3 -W ignore:setup.py install is deprecated -W ignore:easy_install command is deprecated setup.py egg_info --egg-base ../../../build/camera_drivers build --build-base /home/omar/amrws/build/camera_drivers/build install --record /home/omar/amrws/build/camera_drivers/install.log --install-scripts $base/lib/camera_drivers --single-version-externally-managed install_data
[7.345s] Level 1:colcon.colcon_core.environment:checking '/home/omar/amrws/install/camera_drivers' for CMake module files
[7.348s] Level 1:colcon.colcon_core.environment:checking '/home/omar/amrws/install/camera_drivers' for CMake config files
[7.350s] Level 1:colcon.colcon_core.environment:checking '/home/omar/amrws/install/camera_drivers/lib'
[7.351s] Level 1:colcon.colcon_core.environment:checking '/home/omar/amrws/install/camera_drivers/bin'
[7.351s] Level 1:colcon.colcon_core.environment:checking '/home/omar/amrws/install/camera_drivers/lib/pkgconfig/camera_drivers.pc'
[7.352s] Level 1:colcon.colcon_core.environment:checking '/home/omar/amrws/install/camera_drivers/lib/python3.12/site-packages'
[7.352s] Level 1:colcon.colcon_core.shell:create_environment_hook('camera_drivers', 'pythonpath')
[7.353s] INFO:colcon.colcon_core.shell:Creating environment hook '/home/omar/amrws/install/camera_drivers/share/camera_drivers/hook/pythonpath.ps1'
[7.354s] INFO:colcon.colcon_core.shell:Creating environment descriptor '/home/omar/amrws/install/camera_drivers/share/camera_drivers/hook/pythonpath.dsv'
[7.355s] INFO:colcon.colcon_core.shell:Creating environment hook '/home/omar/amrws/install/camera_drivers/share/camera_drivers/hook/pythonpath.sh'
[7.358s] Level 1:colcon.colcon_core.environment:checking '/home/omar/amrws/install/camera_drivers/bin'
[7.358s] Level 1:colcon.colcon_core.environment:create_environment_scripts_only(camera_drivers)
[7.359s] INFO:colcon.colcon_core.shell:Creating package script '/home/omar/amrws/install/camera_drivers/share/camera_drivers/package.ps1'
[7.362s] INFO:colcon.colcon_core.shell:Creating package descriptor '/home/omar/amrws/install/camera_drivers/share/camera_drivers/package.dsv'
[7.364s] INFO:colcon.colcon_core.shell:Creating package script '/home/omar/amrws/install/camera_drivers/share/camera_drivers/package.sh'
[7.366s] INFO:colcon.colcon_core.shell:Creating package script '/home/omar/amrws/install/camera_drivers/share/camera_drivers/package.bash'
[7.387s] INFO:colcon.colcon_core.shell:Creating package script '/home/omar/amrws/install/camera_drivers/share/camera_drivers/package.zsh'
[7.388s] Level 1:colcon.colcon_core.environment:create_file_with_runtime_dependencies(/home/omar/amrws/install/camera_drivers/share/colcon-core/packages/camera_drivers)
[7.390s] INFO:colcon.colcon_ros.task.ament_cmake.build:Building ROS package in '/home/omar/amrws/src/MIA_training_competion2026/srv_pkg' with build type 'ament_cmake'
[7.390s] INFO:colcon.colcon_cmake.task.cmake.build:Building CMake package in '/home/omar/amrws/src/MIA_training_competion2026/srv_pkg'
[7.390s] INFO:colcon.colcon_core.shell:Skip shell extension 'powershell' for command environment: Not usable outside of PowerShell
[7.390s] DEBUG:colcon.colcon_core.shell:Skip shell extension 'dsv' for command environment
[7.405s] Level 1:colcon.colcon_core.environment:checking '/home/omar/amrws/install/robot_kinematics_pkg' for CMake module files
[7.407s] DEBUG:colcon.colcon_core.event_handler.log_command:Invoked command in '/home/omar/amrws/src/MIA_training_competion2026/robot_kinematics_pkg' returned '0': DEBUGINFOD_URLS=https://debuginfod.ubuntu.com PYTHONPATH=/home/omar/amrws/build/robot_kinematics_pkg/prefix_override:/usr/lib/python3/dist-packages/colcon_core/task/python/colcon_distutils_commands:/home/omar/amrws/install/robot_kinematics_pkg/lib/python3.12/site-packages:${PYTHONPATH} /usr/bin/python3 -W ignore:setup.py install is deprecated -W ignore:easy_install command is deprecated setup.py egg_info --egg-base ../../../build/robot_kinematics_pkg build --build-base /home/omar/amrws/build/robot_kinematics_pkg/build install --record /home/omar/amrws/build/robot_kinematics_pkg/install.log --install-scripts $base/lib/robot_kinematics_pkg --single-version-externally-managed install_data
[7.408s] Level 1:colcon.colcon_core.environment:checking '/home/omar/amrws/install/robot_kinematics_pkg' for CMake config files
[7.409s] Level 1:colcon.colcon_core.environment:checking '/home/omar/amrws/install/robot_kinematics_pkg/lib'
[7.410s] Level 1:colcon.colcon_core.environment:checking '/home/omar/amrws/install/robot_kinematics_pkg/bin'
[7.410s] Level 1:colcon.colcon_core.environment:checking '/home/omar/amrws/install/robot_kinematics_pkg/lib/pkgconfig/robot_kinematics_pkg.pc'
[7.410s] Level 1:colcon.colcon_core.environment:checking '/home/omar/amrws/install/robot_kinematics_pkg/lib/python3.12/site-packages'
[7.410s] Level 1:colcon.colcon_core.shell:create_environment_hook('robot_kinematics_pkg', 'pythonpath')
[7.411s] INFO:colcon.colcon_core.shell:Creating environment hook '/home/omar/amrws/install/robot_kinematics_pkg/share/robot_kinematics_pkg/hook/pythonpath.ps1'
[7.411s] INFO:colcon.colcon_core.shell:Creating environment descriptor '/home/omar/amrws/install/robot_kinematics_pkg/share/robot_kinematics_pkg/hook/pythonpath.dsv'
[7.412s] INFO:colcon.colcon_core.shell:Creating environment hook '/home/omar/amrws/install/robot_kinematics_pkg/share/robot_kinematics_pkg/hook/pythonpath.sh'
[7.413s] Level 1:colcon.colcon_core.environment:checking '/home/omar/amrws/install/robot_kinematics_pkg/bin'
[7.413s] Level 1:colcon.colcon_core.environment:create_environment_scripts_only(robot_kinematics_pkg)
[7.414s] INFO:colcon.colcon_core.shell:Creating package script '/home/omar/amrws/install/robot_kinematics_pkg/share/robot_kinematics_pkg/package.ps1'
[7.415s] INFO:colcon.colcon_core.shell:Creating package descriptor '/home/omar/amrws/install/robot_kinematics_pkg/share/robot_kinematics_pkg/package.dsv'
[7.416s] INFO:colcon.colcon_core.shell:Creating package script '/home/omar/amrws/install/robot_kinematics_pkg/share/robot_kinematics_pkg/package.sh'
[7.417s] INFO:colcon.colcon_core.shell:Creating package script '/home/omar/amrws/install/robot_kinematics_pkg/share/robot_kinematics_pkg/package.bash'
[7.417s] INFO:colcon.colcon_core.shell:Creating package script '/home/omar/amrws/install/robot_kinematics_pkg/share/robot_kinematics_pkg/package.zsh'
[7.418s] Level 1:colcon.colcon_core.environment:create_file_with_runtime_dependencies(/home/omar/amrws/install/robot_kinematics_pkg/share/colcon-core/packages/robot_kinematics_pkg)
[7.420s] Level 1:colcon.colcon_core.environment:checking '/home/omar/amrws/install/amr_khaled' for CMake module files
[7.421s] Level 1:colcon.colcon_core.environment:checking '/home/omar/amrws/install/amr_khaled' for CMake config files
[7.422s] DEBUG:colcon.colcon_core.event_handler.log_command:Invoked command in '/home/omar/amrws/src/amr_khaled' returned '0': DEBUGINFOD_URLS=https://debuginfod.ubuntu.com PYTHONPATH=/home/omar/amrws/build/amr_khaled/prefix_override:/usr/lib/python3/dist-packages/colcon_core/task/python/colcon_distutils_commands:/home/omar/amrws/install/amr_khaled/lib/python3.12/site-packages:${PYTHONPATH} /usr/bin/python3 -W ignore:setup.py install is deprecated -W ignore:easy_install command is deprecated setup.py egg_info --egg-base ../../build/amr_khaled build --build-base /home/omar/amrws/build/amr_khaled/build install --record /home/omar/amrws/build/amr_khaled/install.log --install-scripts $base/lib/amr_khaled --single-version-externally-managed install_data
[7.423s] Level 1:colcon.colcon_core.environment:checking '/home/omar/amrws/install/amr_khaled/lib'
[7.423s] Level 1:colcon.colcon_core.environment:checking '/home/omar/amrws/install/amr_khaled/bin'
[7.423s] Level 1:colcon.colcon_core.environment:checking '/home/omar/amrws/install/amr_khaled/lib/pkgconfig/amr_khaled.pc'
[7.424s] Level 1:colcon.colcon_core.environment:checking '/home/omar/amrws/install/amr_khaled/lib/python3.12/site-packages'
[7.424s] Level 1:colcon.colcon_core.shell:create_environment_hook('amr_khaled', 'pythonpath')
[7.424s] INFO:colcon.colcon_core.shell:Creating environment hook '/home/omar/amrws/install/amr_khaled/share/amr_khaled/hook/pythonpath.ps1'
[7.425s] INFO:colcon.colcon_core.shell:Creating environment descriptor '/home/omar/amrws/install/amr_khaled/share/amr_khaled/hook/pythonpath.dsv'
[7.426s] INFO:colcon.colcon_core.shell:Creating environment hook '/home/omar/amrws/install/amr_khaled/share/amr_khaled/hook/pythonpath.sh'
[7.427s] Level 1:colcon.colcon_core.environment:checking '/home/omar/amrws/install/amr_khaled/bin'
[7.427s] Level 1:colcon.colcon_core.environment:create_environment_scripts_only(amr_khaled)
[7.428s] INFO:colcon.colcon_core.shell:Creating package script '/home/omar/amrws/install/amr_khaled/share/amr_khaled/package.ps1'
[7.429s] INFO:colcon.colcon_core.shell:Creating package descriptor '/home/omar/amrws/install/amr_khaled/share/amr_khaled/package.dsv'
[7.430s] INFO:colcon.colcon_core.shell:Creating package script '/home/omar/amrws/install/amr_khaled/share/amr_khaled/package.sh'
[7.430s] INFO:colcon.colcon_core.shell:Creating package script '/home/omar/amrws/install/amr_khaled/share/amr_khaled/package.bash'
[7.431s] INFO:colcon.colcon_core.shell:Creating package script '/home/omar/amrws/install/amr_khaled/share/amr_khaled/package.zsh'
[7.432s] Level 1:colcon.colcon_core.environment:create_file_with_runtime_dependencies(/home/omar/amrws/install/amr_khaled/share/colcon-core/packages/amr_khaled)
[7.432s] Level 1:colcon.colcon_core.environment:checking '/home/omar/amrws/install/competetion_bringup' for CMake module files
[7.434s] Level 1:colcon.colcon_core.environment:checking '/home/omar/amrws/install/competetion_bringup' for CMake config files
[7.434s] DEBUG:colcon.colcon_core.event_handler.log_command:Invoked command in '/home/omar/amrws/src/MIA_training_competion2026/competetion_bringup' returned '0': DEBUGINFOD_URLS=https://debuginfod.ubuntu.com PYTHONPATH=/home/omar/amrws/build/competetion_bringup/prefix_override:/usr/lib/python3/dist-packages/colcon_core/task/python/colcon_distutils_commands:/home/omar/amrws/install/competetion_bringup/lib/python3.12/site-packages:${PYTHONPATH} /usr/bin/python3 -W ignore:setup.py install is deprecated -W ignore:easy_install command is deprecated setup.py egg_info --egg-base ../../../build/competetion_bringup build --build-base /home/omar/amrws/build/competetion_bringup/build install --record /home/omar/amrws/build/competetion_bringup/install.log --install-scripts $base/lib/competetion_bringup --single-version-externally-managed install_data
[7.435s] Level 1:colcon.colcon_core.environment:checking '/home/omar/amrws/install/competetion_bringup/lib'
[7.435s] Level 1:colcon.colcon_core.environment:checking '/home/omar/amrws/install/competetion_bringup/bin'
[7.435s] Level 1:colcon.colcon_core.environment:checking '/home/omar/amrws/install/competetion_bringup/lib/pkgconfig/competetion_bringup.pc'
[7.436s] Level 1:colcon.colcon_core.environment:checking '/home/omar/amrws/install/competetion_bringup/lib/python3.12/site-packages'
[7.436s] Level 1:colcon.colcon_core.shell:create_environment_hook('competetion_bringup', 'pythonpath')
[7.436s] INFO:colcon.colcon_core.shell:Creating environment hook '/home/omar/amrws/install/competetion_bringup/share/competetion_bringup/hook/pythonpath.ps1'
[7.437s] INFO:colcon.colcon_core.shell:Creating environment descriptor '/home/omar/amrws/install/competetion_bringup/share/competetion_bringup/hook/pythonpath.dsv'
[7.438s] INFO:colcon.colcon_core.shell:Creating environment hook '/home/omar/amrws/install/competetion_bringup/share/competetion_bringup/hook/pythonpath.sh'
[7.439s] Level 1:colcon.colcon_core.environment:checking '/home/omar/amrws/install/competetion_bringup/bin'
[7.439s] Level 1:colcon.colcon_core.environment:create_environment_scripts_only(competetion_bringup)
[7.439s] INFO:colcon.colcon_core.shell:Creating package script '/home/omar/amrws/install/competetion_bringup/share/competetion_bringup/package.ps1'
[7.440s] INFO:colcon.colcon_core.shell:Creating package descriptor '/home/omar/amrws/install/competetion_bringup/share/competetion_bringup/package.dsv'
[7.441s] INFO:colcon.colcon_core.shell:Creating package script '/home/omar/amrws/install/competetion_bringup/share/competetion_bringup/package.sh'
[7.442s] INFO:colcon.colcon_core.shell:Creating package script '/home/omar/amrws/install/competetion_bringup/share/competetion_bringup/package.bash'
[7.443s] INFO:colcon.colcon_core.shell:Creating package script '/home/omar/amrws/install/competetion_bringup/share/competetion_bringup/package.zsh'
[7.444s] Level 1:colcon.colcon_core.environment:create_file_with_runtime_dependencies(/home/omar/amrws/install/competetion_bringup/share/colcon-core/packages/competetion_bringup)
[7.452s] DEBUG:colcon.colcon_core.event_handler.log_command:Invoking command in '/home/omar/amrws/build/srv_pkg': CMAKE_PREFIX_PATH=${CMAKE_PREFIX_PATH}:/home/omar/amrws/install/robot_kinematics_pkg:/home/omar/amrws/install/competetion_bringup:/home/omar/amrws/install/camera_drivers:/opt/ros/jazzy DEBUGINFOD_URLS=https://debuginfod.ubuntu.com /usr/bin/cmake --build /home/omar/amrws/build/srv_pkg -- -j4 -l4
[8.498s] DEBUG:colcon.colcon_core.event_handler.log_command:Invoked command in '/home/omar/amrws/build/srv_pkg' returned '0': CMAKE_PREFIX_PATH=${CMAKE_PREFIX_PATH}:/home/omar/amrws/install/robot_kinematics_pkg:/home/omar/amrws/install/competetion_bringup:/home/omar/amrws/install/camera_drivers:/opt/ros/jazzy DEBUGINFOD_URLS=https://debuginfod.ubuntu.com /usr/bin/cmake --build /home/omar/amrws/build/srv_pkg -- -j4 -l4
[8.515s] DEBUG:colcon.colcon_core.event_handler.log_command:Invoking command in '/home/omar/amrws/build/srv_pkg': CMAKE_PREFIX_PATH=${CMAKE_PREFIX_PATH}:/home/omar/amrws/install/robot_kinematics_pkg:/home/omar/amrws/install/competetion_bringup:/home/omar/amrws/install/camera_drivers:/opt/ros/jazzy DEBUGINFOD_URLS=https://debuginfod.ubuntu.com /usr/bin/cmake --install /home/omar/amrws/build/srv_pkg
[8.622s] Level 1:colcon.colcon_core.environment:create_environment_scripts_only(srv_pkg)
[8.623s] Level 1:colcon.colcon_core.environment:checking '/home/omar/amrws/install/srv_pkg' for CMake module files
[8.623s] DEBUG:colcon.colcon_core.event_handler.log_command:Invoked command in '/home/omar/amrws/build/srv_pkg' returned '0': CMAKE_PREFIX_PATH=${CMAKE_PREFIX_PATH}:/home/omar/amrws/install/robot_kinematics_pkg:/home/omar/amrws/install/competetion_bringup:/home/omar/amrws/install/camera_drivers:/opt/ros/jazzy DEBUGINFOD_URLS=https://debuginfod.ubuntu.com /usr/bin/cmake --install /home/omar/amrws/build/srv_pkg
[8.624s] Level 1:colcon.colcon_core.environment:checking '/home/omar/amrws/install/srv_pkg' for CMake config files
[8.625s] Level 1:colcon.colcon_core.shell:create_environment_hook('srv_pkg', 'cmake_prefix_path')
[8.625s] INFO:colcon.colcon_core.shell:Creating environment hook '/home/omar/amrws/install/srv_pkg/share/srv_pkg/hook/cmake_prefix_path.ps1'
[8.626s] INFO:colcon.colcon_core.shell:Creating environment descriptor '/home/omar/amrws/install/srv_pkg/share/srv_pkg/hook/cmake_prefix_path.dsv'
[8.626s] INFO:colcon.colcon_core.shell:Creating environment hook '/home/omar/amrws/install/srv_pkg/share/srv_pkg/hook/cmake_prefix_path.sh'
[8.627s] Level 1:colcon.colcon_core.environment:checking '/home/omar/amrws/install/srv_pkg/lib'
[8.627s] Level 1:colcon.colcon_core.shell:create_environment_hook('srv_pkg', 'ld_library_path_lib')
[8.627s] INFO:colcon.colcon_core.shell:Creating environment hook '/home/omar/amrws/install/srv_pkg/share/srv_pkg/hook/ld_library_path_lib.ps1'
[8.628s] INFO:colcon.colcon_core.shell:Creating environment descriptor '/home/omar/amrws/install/srv_pkg/share/srv_pkg/hook/ld_library_path_lib.dsv'
[8.628s] INFO:colcon.colcon_core.shell:Creating environment hook '/home/omar/amrws/install/srv_pkg/share/srv_pkg/hook/ld_library_path_lib.sh'
[8.629s] Level 1:colcon.colcon_core.environment:checking '/home/omar/amrws/install/srv_pkg/bin'
[8.629s] Level 1:colcon.colcon_core.environment:checking '/home/omar/amrws/install/srv_pkg/lib/pkgconfig/srv_pkg.pc'
[8.629s] Level 1:colcon.colcon_core.environment:checking '/home/omar/amrws/install/srv_pkg/lib/python3.12/site-packages'
[8.630s] Level 1:colcon.colcon_core.shell:create_environment_hook('srv_pkg', 'pythonpath')
[8.630s] INFO:colcon.colcon_core.shell:Creating environment hook '/home/omar/amrws/install/srv_pkg/share/srv_pkg/hook/pythonpath.ps1'
[8.630s] INFO:colcon.colcon_core.shell:Creating environment descriptor '/home/omar/amrws/install/srv_pkg/share/srv_pkg/hook/pythonpath.dsv'
[8.631s] INFO:colcon.colcon_core.shell:Creating environment hook '/home/omar/amrws/install/srv_pkg/share/srv_pkg/hook/pythonpath.sh'
[8.632s] Level 1:colcon.colcon_core.environment:checking '/home/omar/amrws/install/srv_pkg/bin'
[8.632s] INFO:colcon.colcon_core.shell:Creating package script '/home/omar/amrws/install/srv_pkg/share/srv_pkg/package.ps1'
[8.633s] INFO:colcon.colcon_core.shell:Creating package descriptor '/home/omar/amrws/install/srv_pkg/share/srv_pkg/package.dsv'
[8.634s] INFO:colcon.colcon_core.shell:Creating package script '/home/omar/amrws/install/srv_pkg/share/srv_pkg/package.sh'
[8.635s] INFO:colcon.colcon_core.shell:Creating package script '/home/omar/amrws/install/srv_pkg/share/srv_pkg/package.bash'
[8.635s] INFO:colcon.colcon_core.shell:Creating package script '/home/omar/amrws/install/srv_pkg/share/srv_pkg/package.zsh'
[8.636s] Level 1:colcon.colcon_core.environment:create_file_with_runtime_dependencies(/home/omar/amrws/install/srv_pkg/share/colcon-core/packages/srv_pkg)
[8.637s] Level 1:colcon.colcon_core.environment:create_environment_scripts_only(srv_pkg)
[8.637s] Level 1:colcon.colcon_core.environment:checking '/home/omar/amrws/install/srv_pkg' for CMake module files
[8.638s] Level 1:colcon.colcon_core.environment:checking '/home/omar/amrws/install/srv_pkg' for CMake config files
[8.639s] Level 1:colcon.colcon_core.shell:create_environment_hook('srv_pkg', 'cmake_prefix_path')
[8.639s] INFO:colcon.colcon_core.shell:Creating environment hook '/home/omar/amrws/install/srv_pkg/share/srv_pkg/hook/cmake_prefix_path.ps1'
[8.639s] INFO:colcon.colcon_core.shell:Creating environment descriptor '/home/omar/amrws/install/srv_pkg/share/srv_pkg/hook/cmake_prefix_path.dsv'
[8.640s] INFO:colcon.colcon_core.shell:Creating environment hook '/home/omar/amrws/install/srv_pkg/share/srv_pkg/hook/cmake_prefix_path.sh'
[8.641s] Level 1:colcon.colcon_core.environment:checking '/home/omar/amrws/install/srv_pkg/lib'
[8.641s] Level 1:colcon.colcon_core.shell:create_environment_hook('srv_pkg', 'ld_library_path_lib')
[8.641s] INFO:colcon.colcon_core.shell:Creating environment hook '/home/omar/amrws/install/srv_pkg/share/srv_pkg/hook/ld_library_path_lib.ps1'
[8.642s] INFO:colcon.colcon_core.shell:Creating environment descriptor '/home/omar/amrws/install/srv_pkg/share/srv_pkg/hook/ld_library_path_lib.dsv'
[8.642s] INFO:colcon.colcon_core.shell:Creating environment hook '/home/omar/amrws/install/srv_pkg/share/srv_pkg/hook/ld_library_path_lib.sh'
[8.643s] Level 1:colcon.colcon_core.environment:checking '/home/omar/amrws/install/srv_pkg/bin'
[8.643s] Level 1:colcon.colcon_core.environment:checking '/home/omar/amrws/install/srv_pkg/lib/pkgconfig/srv_pkg.pc'
[8.643s] Level 1:colcon.colcon_core.environment:checking '/home/omar/amrws/install/srv_pkg/lib/python3.12/site-packages'
[8.643s] Level 1:colcon.colcon_core.shell:create_environment_hook('srv_pkg', 'pythonpath')
[8.644s] INFO:colcon.colcon_core.shell:Creating environment hook '/home/omar/amrws/install/srv_pkg/share/srv_pkg/hook/pythonpath.ps1'
[8.644s] INFO:colcon.colcon_core.shell:Creating environment descriptor '/home/omar/amrws/install/srv_pkg/share/srv_pkg/hook/pythonpath.dsv'
[8.645s] INFO:colcon.colcon_core.shell:Creating environment hook '/home/omar/amrws/install/srv_pkg/share/srv_pkg/hook/pythonpath.sh'
[8.646s] Level 1:colcon.colcon_core.environment:checking '/home/omar/amrws/install/srv_pkg/bin'
[8.646s] INFO:colcon.colcon_core.shell:Creating package script '/home/omar/amrws/install/srv_pkg/share/srv_pkg/package.ps1'
[8.647s] INFO:colcon.colcon_core.shell:Creating package descriptor '/home/omar/amrws/install/srv_pkg/share/srv_pkg/package.dsv'
[8.648s] INFO:colcon.colcon_core.shell:Creating package script '/home/omar/amrws/install/srv_pkg/share/srv_pkg/package.sh'
[8.649s] INFO:colcon.colcon_core.shell:Creating package script '/home/omar/amrws/install/srv_pkg/share/srv_pkg/package.bash'
[8.650s] INFO:colcon.colcon_core.shell:Creating package script '/home/omar/amrws/install/srv_pkg/share/srv_pkg/package.zsh'
[8.651s] Level 1:colcon.colcon_core.environment:create_file_with_runtime_dependencies(/home/omar/amrws/install/srv_pkg/share/colcon-core/packages/srv_pkg)
[8.652s] DEBUG:colcon.colcon_parallel_executor.executor.parallel:closing loop
[8.652s] DEBUG:colcon.colcon_parallel_executor.executor.parallel:loop closed
[8.653s] DEBUG:colcon.colcon_parallel_executor.executor.parallel:run_until_complete finished with '0'
[8.653s] DEBUG:colcon.colcon_core.event_reactor:joining thread
[8.664s] INFO:colcon.colcon_core.plugin_system:Skipping extension 'colcon_notification.desktop_notification.terminal_notifier': Not used on non-Darwin systems
[8.664s] INFO:colcon.colcon_core.plugin_system:Skipping extension 'colcon_notification.desktop_notification.win32': Not used on non-Windows systems
[8.664s] INFO:colcon.colcon_notification.desktop_notification:Sending desktop notification using 'notify2'
[8.686s] DEBUG:colcon.colcon_core.event_reactor:joined thread
[8.686s] INFO:colcon.colcon_core.shell:Creating prefix script '/home/omar/amrws/install/local_setup.ps1'
[8.688s] INFO:colcon.colcon_core.shell:Creating prefix util module '/home/omar/amrws/install/_local_setup_util_ps1.py'
[8.689s] INFO:colcon.colcon_core.shell:Creating prefix chain script '/home/omar/amrws/install/setup.ps1'
[8.691s] INFO:colcon.colcon_core.shell:Creating prefix script '/home/omar/amrws/install/local_setup.sh'
[8.692s] INFO:colcon.colcon_core.shell:Creating prefix util module '/home/omar/amrws/install/_local_setup_util_sh.py'
[8.693s] INFO:colcon.colcon_core.shell:Creating prefix chain script '/home/omar/amrws/install/setup.sh'
[8.695s] INFO:colcon.colcon_core.shell:Creating prefix script '/home/omar/amrws/install/local_setup.bash'
[8.696s] INFO:colcon.colcon_core.shell:Creating prefix chain script '/home/omar/amrws/install/setup.bash'
[8.699s] INFO:colcon.colcon_core.shell:Creating prefix script '/home/omar/amrws/install/local_setup.zsh'
[8.699s] INFO:colcon.colcon_core.shell:Creating prefix chain script '/home/omar/amrws/install/setup.zsh'
