[0.061s] Invoking command in '/home/omar/amrws/build/srv_pkg': CMAKE_PREFIX_PATH=${CMAKE_PREFIX_PATH}:/home/omar/amrws/install/robot_kinematics_pkg:/home/omar/amrws/install/competetion_bringup:/home/omar/amrws/install/camera_drivers:/opt/ros/jazzy DEBUGINFOD_URLS=https://debuginfod.ubuntu.com /usr/bin/cmake --build /home/omar/amrws/build/srv_pkg -- -j4 -l4
[0.167s] [  2%] Built target srv_pkg__rosidl_generator_type_description
[0.182s] [  5%] Built target srv_pkg__rs
[0.194s] [  5%] Built target ament_cmake_python_copy_srv_pkg
[0.222s] [  8%] Built target srv_pkg__cpp
[0.228s] [ 22%] Built target srv_pkg__rosidl_generator_c
[0.294s] [ 31%] Built target srv_pkg__rosidl_typesupport_c
[0.296s] [ 40%] Built target srv_pkg__rosidl_typesupport_introspection_c
[0.301s] [ 48%] Built target srv_pkg__rosidl_typesupport_fastrtps_c
[0.354s] [ 57%] Built target srv_pkg__rosidl_typesupport_introspection_cpp
[0.357s] [ 65%] Built target srv_pkg__rosidl_typesupport_fastrtps_cpp
[0.360s] [ 74%] Built target srv_pkg__rosidl_typesupport_cpp
[0.396s] [ 74%] Built target srv_pkg
[0.432s] [ 77%] Built target srv_pkg__py
[0.472s] [ 82%] Built target srv_pkg__rosidl_generator_py
[0.530s] [ 88%] Built target srv_pkg_s__rosidl_typesupport_fastrtps_c
[0.530s] [ 94%] Built target srv_pkg_s__rosidl_typesupport_c
[0.530s] [100%] Built target srv_pkg_s__rosidl_typesupport_introspection_c
[0.802s] running egg_info
[0.862s] writing srv_pkg.egg-info/PKG-INFO
[0.863s] writing dependency_links to srv_pkg.egg-info/dependency_links.txt
[0.863s] writing top-level names to srv_pkg.egg-info/top_level.txt
[1.035s] reading manifest file 'srv_pkg.egg-info/SOURCES.txt'
[1.036s] writing manifest file 'srv_pkg.egg-info/SOURCES.txt'
[1.087s] [100%] Built target ament_cmake_python_build_srv_pkg_egg
[1.107s] Invoked command in '/home/omar/amrws/build/srv_pkg' returned '0': CMAKE_PREFIX_PATH=${CMAKE_PREFIX_PATH}:/home/omar/amrws/install/robot_kinematics_pkg:/home/omar/amrws/install/competetion_bringup:/home/omar/amrws/install/camera_drivers:/opt/ros/jazzy DEBUGINFOD_URLS=https://debuginfod.ubuntu.com /usr/bin/cmake --build /home/omar/amrws/build/srv_pkg -- -j4 -l4
[1.123s] Invoking command in '/home/omar/amrws/build/srv_pkg': CMAKE_PREFIX_PATH=${CMAKE_PREFIX_PATH}:/home/omar/amrws/install/robot_kinematics_pkg:/home/omar/amrws/install/competetion_bringup:/home/omar/amrws/install/camera_drivers:/opt/ros/jazzy DEBUGINFOD_URLS=https://debuginfod.ubuntu.com /usr/bin/cmake --install /home/omar/amrws/build/srv_pkg
[1.137s] -- Install configuration: ""
[1.138s] -- Up-to-date: /home/omar/amrws/install/srv_pkg/share/ament_index/resource_index/rosidl_interfaces/srv_pkg
[1.138s] -- Up-to-date: /home/omar/amrws/install/srv_pkg/share/srv_pkg/srv/SendImg.json
[1.138s] -- Up-to-date: /home/omar/amrws/install/srv_pkg/include/srv_pkg/srv_pkg
[1.139s] -- Up-to-date: /home/omar/amrws/install/srv_pkg/include/srv_pkg/srv_pkg/msg
[1.139s] -- Up-to-date: /home/omar/amrws/install/srv_pkg/include/srv_pkg/srv_pkg/msg/rosidl_generator_c__visibility_control.h
[1.139s] -- Up-to-date: /home/omar/amrws/install/srv_pkg/include/srv_pkg/srv_pkg/srv
[1.140s] -- Up-to-date: /home/omar/amrws/install/srv_pkg/include/srv_pkg/srv_pkg/srv/send_img.h
[1.140s] -- Up-to-date: /home/omar/amrws/install/srv_pkg/include/srv_pkg/srv_pkg/srv/detail
[1.140s] -- Up-to-date: /home/omar/amrws/install/srv_pkg/include/srv_pkg/srv_pkg/srv/detail/send_img__functions.c
[1.141s] -- Up-to-date: /home/omar/amrws/install/srv_pkg/include/srv_pkg/srv_pkg/srv/detail/send_img__functions.h
[1.141s] -- Up-to-date: /home/omar/amrws/install/srv_pkg/include/srv_pkg/srv_pkg/srv/detail/send_img__type_support.h
[1.141s] -- Up-to-date: /home/omar/amrws/install/srv_pkg/include/srv_pkg/srv_pkg/srv/detail/send_img__description.c
[1.142s] -- Installing: /home/omar/amrws/install/srv_pkg/include/srv_pkg/srv_pkg/srv/detail/send_img__type_support.c
[1.142s] -- Up-to-date: /home/omar/amrws/install/srv_pkg/include/srv_pkg/srv_pkg/srv/detail/send_img__struct.h
[1.142s] -- Up-to-date: /home/omar/amrws/install/srv_pkg/share/srv_pkg/environment/library_path.sh
[1.142s] -- Up-to-date: /home/omar/amrws/install/srv_pkg/share/srv_pkg/environment/library_path.dsv
[1.143s] -- Up-to-date: /home/omar/amrws/install/srv_pkg/lib/libsrv_pkg__rosidl_generator_c.so
[1.143s] -- Up-to-date: /home/omar/amrws/install/srv_pkg/include/srv_pkg/srv_pkg
[1.144s] -- Up-to-date: /home/omar/amrws/install/srv_pkg/include/srv_pkg/srv_pkg/msg
[1.144s] -- Up-to-date: /home/omar/amrws/install/srv_pkg/include/srv_pkg/srv_pkg/msg/rosidl_typesupport_fastrtps_c__visibility_control.h
[1.144s] -- Up-to-date: /home/omar/amrws/install/srv_pkg/include/srv_pkg/srv_pkg/srv
[1.145s] -- Up-to-date: /home/omar/amrws/install/srv_pkg/include/srv_pkg/srv_pkg/srv/detail
[1.145s] -- Up-to-date: /home/omar/amrws/install/srv_pkg/include/srv_pkg/srv_pkg/srv/detail/send_img__rosidl_typesupport_fastrtps_c.h
[1.145s] -- Up-to-date: /home/omar/amrws/install/srv_pkg/lib/libsrv_pkg__rosidl_typesupport_fastrtps_c.so
[1.145s] -- Up-to-date: /home/omar/amrws/install/srv_pkg/include/srv_pkg/srv_pkg
[1.146s] -- Up-to-date: /home/omar/amrws/install/srv_pkg/include/srv_pkg/srv_pkg/msg
[1.146s] -- Up-to-date: /home/omar/amrws/install/srv_pkg/include/srv_pkg/srv_pkg/msg/rosidl_typesupport_introspection_c__visibility_control.h
[1.146s] -- Up-to-date: /home/omar/amrws/install/srv_pkg/include/srv_pkg/srv_pkg/srv
[1.147s] -- Up-to-date: /home/omar/amrws/install/srv_pkg/include/srv_pkg/srv_pkg/srv/detail
[1.147s] -- Up-to-date: /home/omar/amrws/install/srv_pkg/include/srv_pkg/srv_pkg/srv/detail/send_img__rosidl_typesupport_introspection_c.h
[1.147s] -- Installing: /home/omar/amrws/install/srv_pkg/include/srv_pkg/srv_pkg/srv/detail/send_img__type_support.c
[1.148s] -- Up-to-date: /home/omar/amrws/install/srv_pkg/lib/libsrv_pkg__rosidl_typesupport_introspection_c.so
[1.148s] -- Up-to-date: /home/omar/amrws/install/srv_pkg/lib/libsrv_pkg__rosidl_typesupport_c.so
[1.148s] -- Up-to-date: /home/omar/amrws/install/srv_pkg/include/srv_pkg/srv_pkg
[1.149s] -- Up-to-date: /home/omar/amrws/install/srv_pkg/include/srv_pkg/srv_pkg/msg
[1.149s] -- Up-to-date: /home/omar/amrws/install/srv_pkg/include/srv_pkg/srv_pkg/msg/rosidl_generator_cpp__visibility_control.hpp
[1.149s] -- Up-to-date: /home/omar/amrws/install/srv_pkg/include/srv_pkg/srv_pkg/srv
[1.149s] -- Up-to-date: /home/omar/amrws/install/srv_pkg/include/srv_pkg/srv_pkg/srv/send_img.hpp
[1.150s] -- Up-to-date: /home/omar/amrws/install/srv_pkg/include/srv_pkg/srv_pkg/srv/detail
[1.150s] -- Up-to-date: /home/omar/amrws/install/srv_pkg/include/srv_pkg/srv_pkg/srv/detail/send_img__type_support.hpp
[1.150s] -- Up-to-date: /home/omar/amrws/install/srv_pkg/include/srv_pkg/srv_pkg/srv/detail/send_img__builder.hpp
[1.150s] -- Up-to-date: /home/omar/amrws/install/srv_pkg/include/srv_pkg/srv_pkg/srv/detail/send_img__traits.hpp
[1.150s] -- Up-to-date: /home/omar/amrws/install/srv_pkg/include/srv_pkg/srv_pkg/srv/detail/send_img__struct.hpp
[1.150s] -- Up-to-date: /home/omar/amrws/install/srv_pkg/include/srv_pkg/srv_pkg
[1.150s] -- Up-to-date: /home/omar/amrws/install/srv_pkg/include/srv_pkg/srv_pkg/msg
[1.150s] -- Up-to-date: /home/omar/amrws/install/srv_pkg/include/srv_pkg/srv_pkg/msg/rosidl_typesupport_fastrtps_cpp__visibility_control.h
[1.150s] -- Up-to-date: /home/omar/amrws/install/srv_pkg/include/srv_pkg/srv_pkg/srv
[1.151s] -- Up-to-date: /home/omar/amrws/install/srv_pkg/include/srv_pkg/srv_pkg/srv/detail
[1.151s] -- Up-to-date: /home/omar/amrws/install/srv_pkg/include/srv_pkg/srv_pkg/srv/detail/dds_fastrtps
[1.151s] -- Up-to-date: /home/omar/amrws/install/srv_pkg/include/srv_pkg/srv_pkg/srv/detail/send_img__rosidl_typesupport_fastrtps_cpp.hpp
[1.151s] -- Up-to-date: /home/omar/amrws/install/srv_pkg/lib/libsrv_pkg__rosidl_typesupport_fastrtps_cpp.so
[1.151s] -- Up-to-date: /home/omar/amrws/install/srv_pkg/include/srv_pkg/srv_pkg
[1.151s] -- Up-to-date: /home/omar/amrws/install/srv_pkg/include/srv_pkg/srv_pkg/srv
[1.151s] -- Up-to-date: /home/omar/amrws/install/srv_pkg/include/srv_pkg/srv_pkg/srv/detail
[1.151s] -- Up-to-date: /home/omar/amrws/install/srv_pkg/include/srv_pkg/srv_pkg/srv/detail/send_img__type_support.cpp
[1.151s] -- Up-to-date: /home/omar/amrws/install/srv_pkg/include/srv_pkg/srv_pkg/srv/detail/send_img__rosidl_typesupport_introspection_cpp.hpp
[1.152s] -- Up-to-date: /home/omar/amrws/install/srv_pkg/lib/libsrv_pkg__rosidl_typesupport_introspection_cpp.so
[1.152s] -- Up-to-date: /home/omar/amrws/install/srv_pkg/lib/libsrv_pkg__rosidl_typesupport_cpp.so
[1.152s] -- Up-to-date: /home/omar/amrws/install/srv_pkg/share/srv_pkg/environment/pythonpath.sh
[1.152s] -- Up-to-date: /home/omar/amrws/install/srv_pkg/share/srv_pkg/environment/pythonpath.dsv
[1.152s] -- Up-to-date: /home/omar/amrws/install/srv_pkg/lib/python3.12/site-packages/srv_pkg-0.0.0-py3.12.egg-info
[1.152s] -- Installing: /home/omar/amrws/install/srv_pkg/lib/python3.12/site-packages/srv_pkg-0.0.0-py3.12.egg-info/dependency_links.txt
[1.152s] -- Installing: /home/omar/amrws/install/srv_pkg/lib/python3.12/site-packages/srv_pkg-0.0.0-py3.12.egg-info/PKG-INFO
[1.152s] -- Installing: /home/omar/amrws/install/srv_pkg/lib/python3.12/site-packages/srv_pkg-0.0.0-py3.12.egg-info/top_level.txt
[1.152s] -- Installing: /home/omar/amrws/install/srv_pkg/lib/python3.12/site-packages/srv_pkg-0.0.0-py3.12.egg-info/SOURCES.txt
[1.153s] -- Up-to-date: /home/omar/amrws/install/srv_pkg/lib/python3.12/site-packages/srv_pkg
[1.153s] -- Up-to-date: /home/omar/amrws/install/srv_pkg/lib/python3.12/site-packages/srv_pkg/srv_pkg_s__rosidl_typesupport_fastrtps_c.so
[1.153s] -- Up-to-date: /home/omar/amrws/install/srv_pkg/lib/python3.12/site-packages/srv_pkg/srv_pkg_s__rosidl_typesupport_introspection_c.so
[1.153s] -- Up-to-date: /home/omar/amrws/install/srv_pkg/lib/python3.12/site-packages/srv_pkg/__init__.py
[1.153s] -- Up-to-date: /home/omar/amrws/install/srv_pkg/lib/python3.12/site-packages/srv_pkg/srv_pkg_s__rosidl_typesupport_c.so
[1.153s] -- Up-to-date: /home/omar/amrws/install/srv_pkg/lib/python3.12/site-packages/srv_pkg/_srv_pkg_s.ep.rosidl_typesupport_introspection_c.c
[1.153s] -- Up-to-date: /home/omar/amrws/install/srv_pkg/lib/python3.12/site-packages/srv_pkg/_srv_pkg_s.ep.rosidl_typesupport_fastrtps_c.c
[1.153s] -- Up-to-date: /home/omar/amrws/install/srv_pkg/lib/python3.12/site-packages/srv_pkg/srv
[1.153s] -- Up-to-date: /home/omar/amrws/install/srv_pkg/lib/python3.12/site-packages/srv_pkg/srv/_send_img_s.c
[1.153s] -- Up-to-date: /home/omar/amrws/install/srv_pkg/lib/python3.12/site-packages/srv_pkg/srv/__init__.py
[1.154s] -- Up-to-date: /home/omar/amrws/install/srv_pkg/lib/python3.12/site-packages/srv_pkg/srv/_send_img.py
[1.154s] -- Up-to-date: /home/omar/amrws/install/srv_pkg/lib/python3.12/site-packages/srv_pkg/_srv_pkg_s.ep.rosidl_typesupport_c.c
[1.211s] Listing '/home/omar/amrws/install/srv_pkg/lib/python3.12/site-packages/srv_pkg'...
[1.211s] Listing '/home/omar/amrws/install/srv_pkg/lib/python3.12/site-packages/srv_pkg/srv'...
[1.220s] -- Up-to-date: /home/omar/amrws/install/srv_pkg/lib/python3.12/site-packages/srv_pkg/srv_pkg_s__rosidl_typesupport_fastrtps_c.so
[1.221s] -- Up-to-date: /home/omar/amrws/install/srv_pkg/lib/python3.12/site-packages/srv_pkg/srv_pkg_s__rosidl_typesupport_introspection_c.so
[1.221s] -- Up-to-date: /home/omar/amrws/install/srv_pkg/lib/python3.12/site-packages/srv_pkg/srv_pkg_s__rosidl_typesupport_c.so
[1.222s] -- Up-to-date: /home/omar/amrws/install/srv_pkg/lib/libsrv_pkg__rosidl_generator_py.so
[1.222s] -- Up-to-date: /home/omar/amrws/install/srv_pkg/share/ament_index/resource_index/rust_packages/srv_pkg
[1.223s] -- Up-to-date: /home/omar/amrws/install/srv_pkg/share/srv_pkg/rust
[1.223s] -- Up-to-date: /home/omar/amrws/install/srv_pkg/share/srv_pkg/rust/Cargo.toml
[1.223s] -- Up-to-date: /home/omar/amrws/install/srv_pkg/share/srv_pkg/rust/src
[1.223s] -- Up-to-date: /home/omar/amrws/install/srv_pkg/share/srv_pkg/rust/src/lib.rs
[1.223s] -- Up-to-date: /home/omar/amrws/install/srv_pkg/share/srv_pkg/rust/src/srv.rs
[1.224s] -- Up-to-date: /home/omar/amrws/install/srv_pkg/share/srv_pkg/rust/src/srv
[1.224s] -- Up-to-date: /home/omar/amrws/install/srv_pkg/share/srv_pkg/rust/src/srv/rmw.rs
[1.224s] -- Up-to-date: /home/omar/amrws/install/srv_pkg/share/srv_pkg/rust/build.rs
[1.224s] -- Up-to-date: /home/omar/amrws/install/srv_pkg/share/srv_pkg/srv/SendImg.idl
[1.224s] -- Up-to-date: /home/omar/amrws/install/srv_pkg/share/srv_pkg/srv/SendImg.srv
[1.225s] -- Up-to-date: /home/omar/amrws/install/srv_pkg/share/ament_index/resource_index/package_run_dependencies/srv_pkg
[1.225s] -- Up-to-date: /home/omar/amrws/install/srv_pkg/share/ament_index/resource_index/parent_prefix_path/srv_pkg
[1.225s] -- Up-to-date: /home/omar/amrws/install/srv_pkg/share/srv_pkg/environment/ament_prefix_path.sh
[1.225s] -- Up-to-date: /home/omar/amrws/install/srv_pkg/share/srv_pkg/environment/ament_prefix_path.dsv
[1.225s] -- Up-to-date: /home/omar/amrws/install/srv_pkg/share/srv_pkg/environment/path.sh
[1.225s] -- Up-to-date: /home/omar/amrws/install/srv_pkg/share/srv_pkg/environment/path.dsv
[1.226s] -- Up-to-date: /home/omar/amrws/install/srv_pkg/share/srv_pkg/local_setup.bash
[1.226s] -- Up-to-date: /home/omar/amrws/install/srv_pkg/share/srv_pkg/local_setup.sh
[1.226s] -- Up-to-date: /home/omar/amrws/install/srv_pkg/share/srv_pkg/local_setup.zsh
[1.226s] -- Up-to-date: /home/omar/amrws/install/srv_pkg/share/srv_pkg/local_setup.dsv
[1.226s] -- Installing: /home/omar/amrws/install/srv_pkg/share/srv_pkg/package.dsv
[1.226s] -- Up-to-date: /home/omar/amrws/install/srv_pkg/share/ament_index/resource_index/packages/srv_pkg
[1.226s] -- Up-to-date: /home/omar/amrws/install/srv_pkg/share/srv_pkg/cmake/export_srv_pkg__rosidl_generator_cExport.cmake
[1.226s] -- Up-to-date: /home/omar/amrws/install/srv_pkg/share/srv_pkg/cmake/export_srv_pkg__rosidl_generator_cExport-noconfig.cmake
[1.227s] -- Up-to-date: /home/omar/amrws/install/srv_pkg/share/srv_pkg/cmake/export_srv_pkg__rosidl_typesupport_fastrtps_cExport.cmake
[1.227s] -- Up-to-date: /home/omar/amrws/install/srv_pkg/share/srv_pkg/cmake/export_srv_pkg__rosidl_typesupport_fastrtps_cExport-noconfig.cmake
[1.227s] -- Up-to-date: /home/omar/amrws/install/srv_pkg/share/srv_pkg/cmake/srv_pkg__rosidl_typesupport_introspection_cExport.cmake
[1.227s] -- Up-to-date: /home/omar/amrws/install/srv_pkg/share/srv_pkg/cmake/srv_pkg__rosidl_typesupport_introspection_cExport-noconfig.cmake
[1.227s] -- Up-to-date: /home/omar/amrws/install/srv_pkg/share/srv_pkg/cmake/srv_pkg__rosidl_typesupport_cExport.cmake
[1.228s] -- Up-to-date: /home/omar/amrws/install/srv_pkg/share/srv_pkg/cmake/srv_pkg__rosidl_typesupport_cExport-noconfig.cmake
[1.228s] -- Up-to-date: /home/omar/amrws/install/srv_pkg/share/srv_pkg/cmake/export_srv_pkg__rosidl_generator_cppExport.cmake
[1.228s] -- Up-to-date: /home/omar/amrws/install/srv_pkg/share/srv_pkg/cmake/export_srv_pkg__rosidl_typesupport_fastrtps_cppExport.cmake
[1.228s] -- Up-to-date: /home/omar/amrws/install/srv_pkg/share/srv_pkg/cmake/export_srv_pkg__rosidl_typesupport_fastrtps_cppExport-noconfig.cmake
[1.229s] -- Up-to-date: /home/omar/amrws/install/srv_pkg/share/srv_pkg/cmake/srv_pkg__rosidl_typesupport_introspection_cppExport.cmake
[1.229s] -- Up-to-date: /home/omar/amrws/install/srv_pkg/share/srv_pkg/cmake/srv_pkg__rosidl_typesupport_introspection_cppExport-noconfig.cmake
[1.229s] -- Up-to-date: /home/omar/amrws/install/srv_pkg/share/srv_pkg/cmake/srv_pkg__rosidl_typesupport_cppExport.cmake
[1.229s] -- Up-to-date: /home/omar/amrws/install/srv_pkg/share/srv_pkg/cmake/srv_pkg__rosidl_typesupport_cppExport-noconfig.cmake
[1.229s] -- Up-to-date: /home/omar/amrws/install/srv_pkg/share/srv_pkg/cmake/export_srv_pkg__rosidl_generator_pyExport.cmake
[1.229s] -- Up-to-date: /home/omar/amrws/install/srv_pkg/share/srv_pkg/cmake/export_srv_pkg__rosidl_generator_pyExport-noconfig.cmake
[1.229s] -- Up-to-date: /home/omar/amrws/install/srv_pkg/share/srv_pkg/cmake/rosidl_cmake-extras.cmake
[1.230s] -- Up-to-date: /home/omar/amrws/install/srv_pkg/share/srv_pkg/cmake/ament_cmake_export_dependencies-extras.cmake
[1.230s] -- Up-to-date: /home/omar/amrws/install/srv_pkg/share/srv_pkg/cmake/ament_cmake_export_include_directories-extras.cmake
[1.230s] -- Up-to-date: /home/omar/amrws/install/srv_pkg/share/srv_pkg/cmake/ament_cmake_export_libraries-extras.cmake
[1.230s] -- Up-to-date: /home/omar/amrws/install/srv_pkg/share/srv_pkg/cmake/ament_cmake_export_targets-extras.cmake
[1.230s] -- Up-to-date: /home/omar/amrws/install/srv_pkg/share/srv_pkg/cmake/rosidl_cmake_export_typesupport_targets-extras.cmake
[1.230s] -- Up-to-date: /home/omar/amrws/install/srv_pkg/share/srv_pkg/cmake/rosidl_cmake_export_typesupport_libraries-extras.cmake
[1.230s] -- Up-to-date: /home/omar/amrws/install/srv_pkg/share/srv_pkg/cmake/rosidl_cmake_aggregate_target-extras.cmake
[1.230s] -- Up-to-date: /home/omar/amrws/install/srv_pkg/share/srv_pkg/cmake/srv_pkgConfig.cmake
[1.230s] -- Up-to-date: /home/omar/amrws/install/srv_pkg/share/srv_pkg/cmake/srv_pkgConfig-version.cmake
[1.231s] -- Up-to-date: /home/omar/amrws/install/srv_pkg/share/srv_pkg/package.xml
[1.232s] Invoked command in '/home/omar/amrws/build/srv_pkg' returned '0': CMAKE_PREFIX_PATH=${CMAKE_PREFIX_PATH}:/home/omar/amrws/install/robot_kinematics_pkg:/home/omar/amrws/install/competetion_bringup:/home/omar/amrws/install/camera_drivers:/opt/ros/jazzy DEBUGINFOD_URLS=https://debuginfod.ubuntu.com /usr/bin/cmake --install /home/omar/amrws/build/srv_pkg
