running egg_info
writing ../../../build/camera_drivers/camera_drivers.egg-info/PKG-INFO
writing dependency_links to ../../../build/camera_drivers/camera_drivers.egg-info/dependency_links.txt
writing entry points to ../../../build/camera_drivers/camera_drivers.egg-info/entry_points.txt
writing requirements to ../../../build/camera_drivers/camera_drivers.egg-info/requires.txt
writing top-level names to ../../../build/camera_drivers/camera_drivers.egg-info/top_level.txt
reading manifest file '../../../build/camera_drivers/camera_drivers.egg-info/SOURCES.txt'
writing manifest file '../../../build/camera_drivers/camera_drivers.egg-info/SOURCES.txt'
running build
running build_py
copying camera_drivers/examples/mono/mono_publisher.py -> /home/omar/amrws/build/camera_drivers/build/lib/camera_drivers/examples/mono
running install
running install_lib
copying /home/omar/amrws/build/camera_drivers/build/lib/camera_drivers/examples/mono/mono_publisher.py -> /home/omar/amrws/install/camera_drivers/lib/python3.12/site-packages/camera_drivers/examples/mono
byte-compiling /home/omar/amrws/install/camera_drivers/lib/python3.12/site-packages/camera_drivers/examples/mono/mono_publisher.py to mono_publisher.cpython-312.pyc
running install_data
running install_egg_info
removing '/home/omar/amrws/install/camera_drivers/lib/python3.12/site-packages/camera_drivers-0.0.0-py3.12.egg-info' (and everything under it)
Copying ../../../build/camera_drivers/camera_drivers.egg-info to /home/omar/amrws/install/camera_drivers/lib/python3.12/site-packages/camera_drivers-0.0.0-py3.12.egg-info
running install_scripts
Installing index_tester script to /home/omar/amrws/install/camera_drivers/lib/camera_drivers
Installing kinect_v1_subscriber script to /home/omar/amrws/install/camera_drivers/lib/camera_drivers
Installing kinect_v1_subscriber2 script to /home/omar/amrws/install/camera_drivers/lib/camera_drivers
Installing kinect_v2_subscriber script to /home/omar/amrws/install/camera_drivers/lib/camera_drivers
Installing kinect_v2_subscriber2 script to /home/omar/amrws/install/camera_drivers/lib/camera_drivers
Installing mono_client script to /home/omar/amrws/install/camera_drivers/lib/camera_drivers
Installing mono_getter script to /home/omar/amrws/install/camera_drivers/lib/camera_drivers
Installing mono_publisher script to /home/omar/amrws/install/camera_drivers/lib/camera_drivers
Installing mono_server script to /home/omar/amrws/install/camera_drivers/lib/camera_drivers
Installing mono_subscriber script to /home/omar/amrws/install/camera_drivers/lib/camera_drivers
Installing stereo_client script to /home/omar/amrws/install/camera_drivers/lib/camera_drivers
Installing stereo_getter script to /home/omar/amrws/install/camera_drivers/lib/camera_drivers
Installing stereo_publisher script to /home/omar/amrws/install/camera_drivers/lib/camera_drivers
Installing stereo_server script to /home/omar/amrws/install/camera_drivers/lib/camera_drivers
Installing stereo_subscriber script to /home/omar/amrws/install/camera_drivers/lib/camera_drivers
writing list of installed files to '/home/omar/amrws/build/camera_drivers/install.log'
