[  2%] Built target srv_pkg__rs
[  5%] Built target srv_pkg__rosidl_generator_type_description
[  5%] Built target ament_cmake_python_copy_srv_pkg
[  8%] Built target srv_pkg__cpp
[ 22%] Built target srv_pkg__rosidl_generator_c
[ 31%] Built target srv_pkg__rosidl_typesupport_introspection_c
[ 40%] Built target srv_pkg__rosidl_typesupport_c
[ 48%] Built target srv_pkg__rosidl_typesupport_fastrtps_c
[ 57%] Built target srv_pkg__rosidl_typesupport_introspection_cpp
[ 65%] Built target srv_pkg__rosidl_typesupport_fastrtps_cpp
[ 74%] Built target srv_pkg__rosidl_typesupport_cpp
[ 74%] Built target srv_pkg
[ 77%] Built target srv_pkg__py
[ 82%] Built target srv_pkg__rosidl_generator_py
[ 88%] Built target srv_pkg_s__rosidl_typesupport_introspection_c
[ 94%] Built target srv_pkg_s__rosidl_typesupport_c
[100%] Built target srv_pkg_s__rosidl_typesupport_fastrtps_c
running egg_info
writing srv_pkg.egg-info/PKG-INFO
writing dependency_links to srv_pkg.egg-info/dependency_links.txt
writing top-level names to srv_pkg.egg-info/top_level.txt
reading manifest file 'srv_pkg.egg-info/SOURCES.txt'
writing manifest file 'srv_pkg.egg-info/SOURCES.txt'
[100%] Built target ament_cmake_python_build_srv_pkg_egg
-- Install configuration: ""
-- Up-to-date: /home/omar/amrws/install/srv_pkg/share/ament_index/resource_index/rosidl_interfaces/srv_pkg
-- Up-to-date: /home/omar/amrws/install/srv_pkg/share/srv_pkg/srv/SendImg.json
-- Up-to-date: /home/omar/amrws/install/srv_pkg/include/srv_pkg/srv_pkg
-- Up-to-date: /home/omar/amrws/install/srv_pkg/include/srv_pkg/srv_pkg/msg
-- Up-to-date: /home/omar/amrws/install/srv_pkg/include/srv_pkg/srv_pkg/msg/rosidl_generator_c__visibility_control.h
-- Up-to-date: /home/omar/amrws/install/srv_pkg/include/srv_pkg/srv_pkg/srv
-- Up-to-date: /home/omar/amrws/install/srv_pkg/include/srv_pkg/srv_pkg/srv/send_img.h
-- Up-to-date: /home/omar/amrws/install/srv_pkg/include/srv_pkg/srv_pkg/srv/detail
-- Up-to-date: /home/omar/amrws/install/srv_pkg/include/srv_pkg/srv_pkg/srv/detail/send_img__functions.c
-- Up-to-date: /home/omar/amrws/install/srv_pkg/include/srv_pkg/srv_pkg/srv/detail/send_img__functions.h
-- Up-to-date: /home/omar/amrws/install/srv_pkg/include/srv_pkg/srv_pkg/srv/detail/send_img__type_support.h
-- Up-to-date: /home/omar/amrws/install/srv_pkg/include/srv_pkg/srv_pkg/srv/detail/send_img__description.c
-- Installing: /home/omar/amrws/install/srv_pkg/include/srv_pkg/srv_pkg/srv/detail/send_img__type_support.c
-- Up-to-date: /home/omar/amrws/install/srv_pkg/include/srv_pkg/srv_pkg/srv/detail/send_img__struct.h
-- Up-to-date: /home/omar/amrws/install/srv_pkg/share/srv_pkg/environment/library_path.sh
-- Up-to-date: /home/omar/amrws/install/srv_pkg/share/srv_pkg/environment/library_path.dsv
-- Up-to-date: /home/omar/amrws/install/srv_pkg/lib/libsrv_pkg__rosidl_generator_c.so
-- Up-to-date: /home/omar/amrws/install/srv_pkg/include/srv_pkg/srv_pkg
-- Up-to-date: /home/omar/amrws/install/srv_pkg/include/srv_pkg/srv_pkg/msg
-- Up-to-date: /home/omar/amrws/install/srv_pkg/include/srv_pkg/srv_pkg/msg/rosidl_typesupport_fastrtps_c__visibility_control.h
-- Up-to-date: /home/omar/amrws/install/srv_pkg/include/srv_pkg/srv_pkg/srv
-- Up-to-date: /home/omar/amrws/install/srv_pkg/include/srv_pkg/srv_pkg/srv/detail
-- Up-to-date: /home/omar/amrws/install/srv_pkg/include/srv_pkg/srv_pkg/srv/detail/send_img__rosidl_typesupport_fastrtps_c.h
-- Up-to-date: /home/omar/amrws/install/srv_pkg/lib/libsrv_pkg__rosidl_typesupport_fastrtps_c.so
-- Up-to-date: /home/omar/amrws/install/srv_pkg/include/srv_pkg/srv_pkg
-- Up-to-date: /home/omar/amrws/install/srv_pkg/include/srv_pkg/srv_pkg/msg
-- Up-to-date: /home/omar/amrws/install/srv_pkg/include/srv_pkg/srv_pkg/msg/rosidl_typesupport_introspection_c__visibility_control.h
-- Up-to-date: /home/omar/amrws/install/srv_pkg/include/srv_pkg/srv_pkg/srv
-- Up-to-date: /home/omar/amrws/install/srv_pkg/include/srv_pkg/srv_pkg/srv/detail
-- Up-to-date: /home/omar/amrws/install/srv_pkg/include/srv_pkg/srv_pkg/srv/detail/send_img__rosidl_typesupport_introspection_c.h
-- Installing: /home/omar/amrws/install/srv_pkg/include/srv_pkg/srv_pkg/srv/detail/send_img__type_support.c
-- Up-to-date: /home/omar/amrws/install/srv_pkg/lib/libsrv_pkg__rosidl_typesupport_introspection_c.so
-- Up-to-date: /home/omar/amrws/install/srv_pkg/lib/libsrv_pkg__rosidl_typesupport_c.so
-- Up-to-date: /home/omar/amrws/install/srv_pkg/include/srv_pkg/srv_pkg
-- Up-to-date: /home/omar/amrws/install/srv_pkg/include/srv_pkg/srv_pkg/msg
-- Up-to-date: /home/omar/amrws/install/srv_pkg/include/srv_pkg/srv_pkg/msg/rosidl_generator_cpp__visibility_control.hpp
-- Up-to-date: /home/omar/amrws/install/srv_pkg/include/srv_pkg/srv_pkg/srv
-- Up-to-date: /home/omar/amrws/install/srv_pkg/include/srv_pkg/srv_pkg/srv/send_img.hpp
-- Up-to-date: /home/omar/amrws/install/srv_pkg/include/srv_pkg/srv_pkg/srv/detail
-- Up-to-date: /home/omar/amrws/install/srv_pkg/include/srv_pkg/srv_pkg/srv/detail/send_img__type_support.hpp
-- Up-to-date: /home/omar/amrws/install/srv_pkg/include/srv_pkg/srv_pkg/srv/detail/send_img__builder.hpp
-- Up-to-date: /home/omar/amrws/install/srv_pkg/include/srv_pkg/srv_pkg/srv/detail/send_img__traits.hpp
-- Up-to-date: /home/omar/amrws/install/srv_pkg/include/srv_pkg/srv_pkg/srv/detail/send_img__struct.hpp
-- Up-to-date: /home/omar/amrws/install/srv_pkg/include/srv_pkg/srv_pkg
-- Up-to-date: /home/omar/amrws/install/srv_pkg/include/srv_pkg/srv_pkg/msg
-- Up-to-date: /home/omar/amrws/install/srv_pkg/include/srv_pkg/srv_pkg/msg/rosidl_typesupport_fastrtps_cpp__visibility_control.h
-- Up-to-date: /home/omar/amrws/install/srv_pkg/include/srv_pkg/srv_pkg/srv
-- Up-to-date: /home/omar/amrws/install/srv_pkg/include/srv_pkg/srv_pkg/srv/detail
-- Up-to-date: /home/omar/amrws/install/srv_pkg/include/srv_pkg/srv_pkg/srv/detail/dds_fastrtps
-- Up-to-date: /home/omar/amrws/install/srv_pkg/include/srv_pkg/srv_pkg/srv/detail/send_img__rosidl_typesupport_fastrtps_cpp.hpp
-- Up-to-date: /home/omar/amrws/install/srv_pkg/lib/libsrv_pkg__rosidl_typesupport_fastrtps_cpp.so
-- Up-to-date: /home/omar/amrws/install/srv_pkg/include/srv_pkg/srv_pkg
-- Up-to-date: /home/omar/amrws/install/srv_pkg/include/srv_pkg/srv_pkg/srv
-- Up-to-date: /home/omar/amrws/install/srv_pkg/include/srv_pkg/srv_pkg/srv/detail
-- Up-to-date: /home/omar/amrws/install/srv_pkg/include/srv_pkg/srv_pkg/srv/detail/send_img__type_support.cpp
-- Up-to-date: /home/omar/amrws/install/srv_pkg/include/srv_pkg/srv_pkg/srv/detail/send_img__rosidl_typesupport_introspection_cpp.hpp
-- Up-to-date: /home/omar/amrws/install/srv_pkg/lib/libsrv_pkg__rosidl_typesupport_introspection_cpp.so
-- Up-to-date: /home/omar/amrws/install/srv_pkg/lib/libsrv_pkg__rosidl_typesupport_cpp.so
-- Up-to-date: /home/omar/amrws/install/srv_pkg/share/srv_pkg/environment/pythonpath.sh
-- Up-to-date: /home/omar/amrws/install/srv_pkg/share/srv_pkg/environment/pythonpath.dsv
-- Up-to-date: /home/omar/amrws/install/srv_pkg/lib/python3.12/site-packages/srv_pkg-0.0.0-py3.12.egg-info
-- Installing: /home/omar/amrws/install/srv_pkg/lib/python3.12/site-packages/srv_pkg-0.0.0-py3.12.egg-info/dependency_links.txt
-- Installing: /home/omar/amrws/install/srv_pkg/lib/python3.12/site-packages/srv_pkg-0.0.0-py3.12.egg-info/PKG-INFO
-- Installing: /home/omar/amrws/install/srv_pkg/lib/python3.12/site-packages/srv_pkg-0.0.0-py3.12.egg-info/top_level.txt
-- Installing: /home/omar/amrws/install/srv_pkg/lib/python3.12/site-packages/srv_pkg-0.0.0-py3.12.egg-info/SOURCES.txt
-- Up-to-date: /home/omar/amrws/install/srv_pkg/lib/python3.12/site-packages/srv_pkg
-- Up-to-date: /home/omar/amrws/install/srv_pkg/lib/python3.12/site-packages/srv_pkg/srv_pkg_s__rosidl_typesupport_fastrtps_c.so
-- Up-to-date: /home/omar/amrws/install/srv_pkg/lib/python3.12/site-packages/srv_pkg/srv_pkg_s__rosidl_typesupport_introspection_c.so
-- Up-to-date: /home/omar/amrws/install/srv_pkg/lib/python3.12/site-packages/srv_pkg/__init__.py
-- Up-to-date: /home/omar/amrws/install/srv_pkg/lib/python3.12/site-packages/srv_pkg/srv_pkg_s__rosidl_typesupport_c.so
-- Up-to-date: /home/omar/amrws/install/srv_pkg/lib/python3.12/site-packages/srv_pkg/_srv_pkg_s.ep.rosidl_typesupport_introspection_c.c
-- Up-to-date: /home/omar/amrws/install/srv_pkg/lib/python3.12/site-packages/srv_pkg/_srv_pkg_s.ep.rosidl_typesupport_fastrtps_c.c
-- Up-to-date: /home/omar/amrws/install/srv_pkg/lib/python3.12/site-packages/srv_pkg/srv
-- Up-to-date: /home/omar/amrws/install/srv_pkg/lib/python3.12/site-packages/srv_pkg/srv/_send_img_s.c
-- Up-to-date: /home/omar/amrws/install/srv_pkg/lib/python3.12/site-packages/srv_pkg/srv/__init__.py
-- Up-to-date: /home/omar/amrws/install/srv_pkg/lib/python3.12/site-packages/srv_pkg/srv/_send_img.py
-- Up-to-date: /home/omar/amrws/install/srv_pkg/lib/python3.12/site-packages/srv_pkg/_srv_pkg_s.ep.rosidl_typesupport_c.c
Listing '/home/omar/amrws/install/srv_pkg/lib/python3.12/site-packages/srv_pkg'...
Listing '/home/omar/amrws/install/srv_pkg/lib/python3.12/site-packages/srv_pkg/srv'...
-- Up-to-date: /home/omar/amrws/install/srv_pkg/lib/python3.12/site-packages/srv_pkg/srv_pkg_s__rosidl_typesupport_fastrtps_c.so
-- Up-to-date: /home/omar/amrws/install/srv_pkg/lib/python3.12/site-packages/srv_pkg/srv_pkg_s__rosidl_typesupport_introspection_c.so
-- Up-to-date: /home/omar/amrws/install/srv_pkg/lib/python3.12/site-packages/srv_pkg/srv_pkg_s__rosidl_typesupport_c.so
-- Up-to-date: /home/omar/amrws/install/srv_pkg/lib/libsrv_pkg__rosidl_generator_py.so
-- Up-to-date: /home/omar/amrws/install/srv_pkg/share/ament_index/resource_index/rust_packages/srv_pkg
-- Up-to-date: /home/omar/amrws/install/srv_pkg/share/srv_pkg/rust
-- Up-to-date: /home/omar/amrws/install/srv_pkg/share/srv_pkg/rust/Cargo.toml
-- Up-to-date: /home/omar/amrws/install/srv_pkg/share/srv_pkg/rust/src
-- Up-to-date: /home/omar/amrws/install/srv_pkg/share/srv_pkg/rust/src/lib.rs
-- Up-to-date: /home/omar/amrws/install/srv_pkg/share/srv_pkg/rust/src/srv.rs
-- Up-to-date: /home/omar/amrws/install/srv_pkg/share/srv_pkg/rust/src/srv
-- Up-to-date: /home/omar/amrws/install/srv_pkg/share/srv_pkg/rust/src/srv/rmw.rs
-- Up-to-date: /home/omar/amrws/install/srv_pkg/share/srv_pkg/rust/build.rs
-- Up-to-date: /home/omar/amrws/install/srv_pkg/share/srv_pkg/srv/SendImg.idl
-- Up-to-date: /home/omar/amrws/install/srv_pkg/share/srv_pkg/srv/SendImg.srv
-- Up-to-date: /home/omar/amrws/install/srv_pkg/share/ament_index/resource_index/package_run_dependencies/srv_pkg
-- Up-to-date: /home/omar/amrws/install/srv_pkg/share/ament_index/resource_index/parent_prefix_path/srv_pkg
-- Up-to-date: /home/omar/amrws/install/srv_pkg/share/srv_pkg/environment/ament_prefix_path.sh
-- Up-to-date: /home/omar/amrws/install/srv_pkg/share/srv_pkg/environment/ament_prefix_path.dsv
-- Up-to-date: /home/omar/amrws/install/srv_pkg/share/srv_pkg/environment/path.sh
-- Up-to-date: /home/omar/amrws/install/srv_pkg/share/srv_pkg/environment/path.dsv
-- Up-to-date: /home/omar/amrws/install/srv_pkg/share/srv_pkg/local_setup.bash
-- Up-to-date: /home/omar/amrws/install/srv_pkg/share/srv_pkg/local_setup.sh
-- Up-to-date: /home/omar/amrws/install/srv_pkg/share/srv_pkg/local_setup.zsh
-- Up-to-date: /home/omar/amrws/install/srv_pkg/share/srv_pkg/local_setup.dsv
-- Installing: /home/omar/amrws/install/srv_pkg/share/srv_pkg/package.dsv
-- Up-to-date: /home/omar/amrws/install/srv_pkg/share/ament_index/resource_index/packages/srv_pkg
-- Up-to-date: /home/omar/amrws/install/srv_pkg/share/srv_pkg/cmake/export_srv_pkg__rosidl_generator_cExport.cmake
-- Up-to-date: /home/omar/amrws/install/srv_pkg/share/srv_pkg/cmake/export_srv_pkg__rosidl_generator_cExport-noconfig.cmake
-- Up-to-date: /home/omar/amrws/install/srv_pkg/share/srv_pkg/cmake/export_srv_pkg__rosidl_typesupport_fastrtps_cExport.cmake
-- Up-to-date: /home/omar/amrws/install/srv_pkg/share/srv_pkg/cmake/export_srv_pkg__rosidl_typesupport_fastrtps_cExport-noconfig.cmake
-- Up-to-date: /home/omar/amrws/install/srv_pkg/share/srv_pkg/cmake/srv_pkg__rosidl_typesupport_introspection_cExport.cmake
-- Up-to-date: /home/omar/amrws/install/srv_pkg/share/srv_pkg/cmake/srv_pkg__rosidl_typesupport_introspection_cExport-noconfig.cmake
-- Up-to-date: /home/omar/amrws/install/srv_pkg/share/srv_pkg/cmake/srv_pkg__rosidl_typesupport_cExport.cmake
-- Up-to-date: /home/omar/amrws/install/srv_pkg/share/srv_pkg/cmake/srv_pkg__rosidl_typesupport_cExport-noconfig.cmake
-- Up-to-date: /home/omar/amrws/install/srv_pkg/share/srv_pkg/cmake/export_srv_pkg__rosidl_generator_cppExport.cmake
-- Up-to-date: /home/omar/amrws/install/srv_pkg/share/srv_pkg/cmake/export_srv_pkg__rosidl_typesupport_fastrtps_cppExport.cmake
-- Up-to-date: /home/omar/amrws/install/srv_pkg/share/srv_pkg/cmake/export_srv_pkg__rosidl_typesupport_fastrtps_cppExport-noconfig.cmake
-- Up-to-date: /home/omar/amrws/install/srv_pkg/share/srv_pkg/cmake/srv_pkg__rosidl_typesupport_introspection_cppExport.cmake
-- Up-to-date: /home/omar/amrws/install/srv_pkg/share/srv_pkg/cmake/srv_pkg__rosidl_typesupport_introspection_cppExport-noconfig.cmake
-- Up-to-date: /home/omar/amrws/install/srv_pkg/share/srv_pkg/cmake/srv_pkg__rosidl_typesupport_cppExport.cmake
-- Up-to-date: /home/omar/amrws/install/srv_pkg/share/srv_pkg/cmake/srv_pkg__rosidl_typesupport_cppExport-noconfig.cmake
-- Up-to-date: /home/omar/amrws/install/srv_pkg/share/srv_pkg/cmake/export_srv_pkg__rosidl_generator_pyExport.cmake
-- Up-to-date: /home/omar/amrws/install/srv_pkg/share/srv_pkg/cmake/export_srv_pkg__rosidl_generator_pyExport-noconfig.cmake
-- Up-to-date: /home/omar/amrws/install/srv_pkg/share/srv_pkg/cmake/rosidl_cmake-extras.cmake
-- Up-to-date: /home/omar/amrws/install/srv_pkg/share/srv_pkg/cmake/ament_cmake_export_dependencies-extras.cmake
-- Up-to-date: /home/omar/amrws/install/srv_pkg/share/srv_pkg/cmake/ament_cmake_export_include_directories-extras.cmake
-- Up-to-date: /home/omar/amrws/install/srv_pkg/share/srv_pkg/cmake/ament_cmake_export_libraries-extras.cmake
-- Up-to-date: /home/omar/amrws/install/srv_pkg/share/srv_pkg/cmake/ament_cmake_export_targets-extras.cmake
-- Up-to-date: /home/omar/amrws/install/srv_pkg/share/srv_pkg/cmake/rosidl_cmake_export_typesupport_targets-extras.cmake
-- Up-to-date: /home/omar/amrws/install/srv_pkg/share/srv_pkg/cmake/rosidl_cmake_export_typesupport_libraries-extras.cmake
-- Up-to-date: /home/omar/amrws/install/srv_pkg/share/srv_pkg/cmake/rosidl_cmake_aggregate_target-extras.cmake
-- Up-to-date: /home/omar/amrws/install/srv_pkg/share/srv_pkg/cmake/srv_pkgConfig.cmake
-- Up-to-date: /home/omar/amrws/install/srv_pkg/share/srv_pkg/cmake/srv_pkgConfig-version.cmake
-- Up-to-date: /home/omar/amrws/install/srv_pkg/share/srv_pkg/package.xml
