/home/omar/amrws/install/amr_khaled/lib/python3.12/site-packages/amr_khaled/eyes_node.py
/home/omar/amrws/install/amr_khaled/lib/python3.12/site-packages/amr_khaled/__init__.py
/home/omar/amrws/install/amr_khaled/lib/python3.12/site-packages/amr_khaled/scroll_detection_node.py
/home/omar/amrws/install/amr_khaled/lib/python3.12/site-packages/amr_khaled/controller.py
/home/omar/amrws/install/amr_khaled/lib/python3.12/site-packages/amr_khaled/__pycache__/eyes_node.cpython-312.pyc
/home/omar/amrws/install/amr_khaled/lib/python3.12/site-packages/amr_khaled/__pycache__/__init__.cpython-312.pyc
/home/omar/amrws/install/amr_khaled/lib/python3.12/site-packages/amr_khaled/__pycache__/scroll_detection_node.cpython-312.pyc
/home/omar/amrws/install/amr_khaled/lib/python3.12/site-packages/amr_khaled/__pycache__/controller.cpython-312.pyc
/home/omar/amrws/install/amr_khaled/share/ament_index/resource_index/packages/amr_khaled
/home/omar/amrws/install/amr_khaled/share/amr_khaled/package.xml
/home/omar/amrws/install/amr_khaled/lib/python3.12/site-packages/amr_khaled-0.0.0-py3.12.egg-info/dependency_links.txt
/home/omar/amrws/install/amr_khaled/lib/python3.12/site-packages/amr_khaled-0.0.0-py3.12.egg-info/requires.txt
/home/omar/amrws/install/amr_khaled/lib/python3.12/site-packages/amr_khaled-0.0.0-py3.12.egg-info/PKG-INFO
/home/omar/amrws/install/amr_khaled/lib/python3.12/site-packages/amr_khaled-0.0.0-py3.12.egg-info/zip-safe
/home/omar/amrws/install/amr_khaled/lib/python3.12/site-packages/amr_khaled-0.0.0-py3.12.egg-info/top_level.txt
/home/omar/amrws/install/amr_khaled/lib/python3.12/site-packages/amr_khaled-0.0.0-py3.12.egg-info/SOURCES.txt
/home/omar/amrws/install/amr_khaled/lib/python3.12/site-packages/amr_khaled-0.0.0-py3.12.egg-info/entry_points.txt
/home/omar/amrws/install/amr_khaled/lib/amr_khaled/eyes
/home/omar/amrws/install/amr_khaled/lib/amr_khaled/scroll_detection_node
/home/omar/amrws/install/amr_khaled/lib/amr_khaled/wasd_teleop_node
