[0.211s] DEBUG:colcon:Command line arguments: ['/usr/bin/colcon', 'build']
[0.211s] DEBUG:colcon:Parsed command line arguments: Namespace(log_base=None, log_level=None, verb_name='build', build_base='build', install_base='install', merge_install=False, symlink_install=False, test_result_base=None, continue_on_error=False, executor='parallel', parallel_workers=4, event_handlers=None, ignore_user_meta=False, metas=['./colcon.meta'], base_paths=['.'], packages_ignore=None, packages_ignore_regex=None, paths=None, packages_up_to=None, packages_up_to_regex=None, packages_above=None, packages_above_and_dependencies=None, packages_above_depth=None, packages_select_by_dep=None, packages_skip_by_dep=None, packages_skip_up_to=None, packages_select_build_failed=False, packages_skip_build_finished=False, packages_select_test_failures=False, packages_skip_test_passed=False, packages_select=None, packages_skip=None, packages_select_regex=None, packages_skip_regex=None, packages_start=None, packages_end=None, allow_overriding=[], cmake_args=None, cmake_target=None, cmake_target_skip_unavailable=False, cmake_clean_cache=False, cmake_clean_first=False, cmake_force_configure=False, ament_cmake_args=None, catkin_cmake_args=None, catkin_skip_building_tests=False, mixin_files=None, mixin=None, verb_parser=<colcon_mixin.mixin.mixin_argument.MixinArgumentDecorator object at 0x7908782e9070>, verb_extension=<colcon_core.verb.build.BuildVerb object at 0x7908782e8d10>, main=<bound method BuildVerb.main of <colcon_core.verb.build.BuildVerb object at 0x7908782e8d10>>, mixin_verb=('build',))
[0.275s] Level 1:colcon.colcon_core.package_discovery:discover_packages(colcon_meta) check parameters
[0.275s] Level 1:colcon.colcon_core.package_discovery:discover_packages(recursive) check parameters
[0.275s] Level 1:colcon.colcon_core.package_discovery:discover_packages(ignore) check parameters
[0.276s] Level 1:colcon.colcon_core.package_discovery:discover_packages(path) check parameters
[0.276s] Level 1:colcon.colcon_core.package_discovery:discover_packages(colcon_meta) discover
[0.276s] Level 1:colcon.colcon_core.package_discovery:discover_packages(recursive) discover
[0.276s] INFO:colcon.colcon_core.package_discovery:Crawling recursively for packages in '/home/omar/amrws'
[0.276s] Level 1:colcon.colcon_core.package_identification:_identify(.) by extensions ['ignore', 'ignore_ament_install']
[0.276s] Level 1:colcon.colcon_core.package_identification:_identify(.) by extension 'ignore'
[0.276s] Level 1:colcon.colcon_core.package_identification:_identify(.) by extension 'ignore_ament_install'
[0.276s] Level 1:colcon.colcon_core.package_identification:_identify(.) by extensions ['colcon_pkg']
[0.276s] Level 1:colcon.colcon_core.package_identification:_identify(.) by extension 'colcon_pkg'
[0.276s] Level 1:colcon.colcon_core.package_identification:_identify(.) by extensions ['colcon_meta']
[0.276s] Level 1:colcon.colcon_core.package_identification:_identify(.) by extension 'colcon_meta'
[0.276s] Level 1:colcon.colcon_core.package_identification:_identify(.) by extensions ['ros']
[0.276s] Level 1:colcon.colcon_core.package_identification:_identify(.) by extension 'ros'
[0.318s] Level 1:colcon.colcon_core.package_identification:_identify(.) by extensions ['cmake', 'python']
[0.318s] Level 1:colcon.colcon_core.package_identification:_identify(.) by extension 'cmake'
[0.318s] Level 1:colcon.colcon_core.package_identification:_identify(.) by extension 'python'
[0.318s] Level 1:colcon.colcon_core.package_identification:_identify(.) by extensions ['python_setup_py']
[0.318s] Level 1:colcon.colcon_core.package_identification:_identify(.) by extension 'python_setup_py'
[0.319s] Level 1:colcon.colcon_core.package_identification:_identify(build) by extensions ['ignore', 'ignore_ament_install']
[0.319s] Level 1:colcon.colcon_core.package_identification:_identify(build) by extension 'ignore'
[0.319s] Level 1:colcon.colcon_core.package_identification:_identify(build) ignored
[0.319s] Level 1:colcon.colcon_core.package_identification:_identify(install) by extensions ['ignore', 'ignore_ament_install']
[0.319s] Level 1:colcon.colcon_core.package_identification:_identify(install) by extension 'ignore'
[0.319s] Level 1:colcon.colcon_core.package_identification:_identify(install) ignored
[0.319s] Level 1:colcon.colcon_core.package_identification:_identify(log) by extensions ['ignore', 'ignore_ament_install']
[0.319s] Level 1:colcon.colcon_core.package_identification:_identify(log) by extension 'ignore'
[0.320s] Level 1:colcon.colcon_core.package_identification:_identify(log) ignored
[0.320s] Level 1:colcon.colcon_core.package_identification:_identify(src) by extensions ['ignore', 'ignore_ament_install']
[0.320s] Level 1:colcon.colcon_core.package_identification:_identify(src) by extension 'ignore'
[0.320s] Level 1:colcon.colcon_core.package_identification:_identify(src) by extension 'ignore_ament_install'
[0.320s] Level 1:colcon.colcon_core.package_identification:_identify(src) by extensions ['colcon_pkg']
[0.320s] Level 1:colcon.colcon_core.package_identification:_identify(src) by extension 'colcon_pkg'
[0.320s] Level 1:colcon.colcon_core.package_identification:_identify(src) by extensions ['colcon_meta']
[0.320s] Level 1:colcon.colcon_core.package_identification:_identify(src) by extension 'colcon_meta'
[0.320s] Level 1:colcon.colcon_core.package_identification:_identify(src) by extensions ['ros']
[0.320s] Level 1:colcon.colcon_core.package_identification:_identify(src) by extension 'ros'
[0.320s] Level 1:colcon.colcon_core.package_identification:_identify(src) by extensions ['cmake', 'python']
[0.320s] Level 1:colcon.colcon_core.package_identification:_identify(src) by extension 'cmake'
[0.321s] Level 1:colcon.colcon_core.package_identification:_identify(src) by extension 'python'
[0.321s] Level 1:colcon.colcon_core.package_identification:_identify(src) by extensions ['python_setup_py']
[0.321s] Level 1:colcon.colcon_core.package_identification:_identify(src) by extension 'python_setup_py'
[0.321s] Level 1:colcon.colcon_core.package_identification:_identify(src/MIA_training_competion2026) by extensions ['ignore', 'ignore_ament_install']
[0.321s] Level 1:colcon.colcon_core.package_identification:_identify(src/MIA_training_competion2026) by extension 'ignore'
[0.321s] Level 1:colcon.colcon_core.package_identification:_identify(src/MIA_training_competion2026) by extension 'ignore_ament_install'
[0.321s] Level 1:colcon.colcon_core.package_identification:_identify(src/MIA_training_competion2026) by extensions ['colcon_pkg']
[0.321s] Level 1:colcon.colcon_core.package_identification:_identify(src/MIA_training_competion2026) by extension 'colcon_pkg'
[0.322s] Level 1:colcon.colcon_core.package_identification:_identify(src/MIA_training_competion2026) by extensions ['colcon_meta']
[0.322s] Level 1:colcon.colcon_core.package_identification:_identify(src/MIA_training_competion2026) by extension 'colcon_meta'
[0.322s] Level 1:colcon.colcon_core.package_identification:_identify(src/MIA_training_competion2026) by extensions ['ros']
[0.322s] Level 1:colcon.colcon_core.package_identification:_identify(src/MIA_training_competion2026) by extension 'ros'
[0.322s] Level 1:colcon.colcon_core.package_identification:_identify(src/MIA_training_competion2026) by extensions ['cmake', 'python']
[0.322s] Level 1:colcon.colcon_core.package_identification:_identify(src/MIA_training_competion2026) by extension 'cmake'
[0.322s] Level 1:colcon.colcon_core.package_identification:_identify(src/MIA_training_competion2026) by extension 'python'
[0.322s] Level 1:colcon.colcon_core.package_identification:_identify(src/MIA_training_competion2026) by extensions ['python_setup_py']
[0.322s] Level 1:colcon.colcon_core.package_identification:_identify(src/MIA_training_competion2026) by extension 'python_setup_py'
[0.322s] Level 1:colcon.colcon_core.package_identification:_identify(src/MIA_training_competion2026/camera_drivers) by extensions ['ignore', 'ignore_ament_install']
[0.322s] Level 1:colcon.colcon_core.package_identification:_identify(src/MIA_training_competion2026/camera_drivers) by extension 'ignore'
[0.322s] Level 1:colcon.colcon_core.package_identification:_identify(src/MIA_training_competion2026/camera_drivers) by extension 'ignore_ament_install'
[0.323s] Level 1:colcon.colcon_core.package_identification:_identify(src/MIA_training_competion2026/camera_drivers) by extensions ['colcon_pkg']
[0.323s] Level 1:colcon.colcon_core.package_identification:_identify(src/MIA_training_competion2026/camera_drivers) by extension 'colcon_pkg'
[0.323s] Level 1:colcon.colcon_core.package_identification:_identify(src/MIA_training_competion2026/camera_drivers) by extensions ['colcon_meta']
[0.323s] Level 1:colcon.colcon_core.package_identification:_identify(src/MIA_training_competion2026/camera_drivers) by extension 'colcon_meta'
[0.323s] Level 1:colcon.colcon_core.package_identification:_identify(src/MIA_training_competion2026/camera_drivers) by extensions ['ros']
[0.323s] Level 1:colcon.colcon_core.package_identification:_identify(src/MIA_training_competion2026/camera_drivers) by extension 'ros'
[0.326s] DEBUG:colcon.colcon_core.package_identification:Package 'src/MIA_training_competion2026/camera_drivers' with type 'ros.ament_python' and name 'camera_drivers'
[0.327s] Level 1:colcon.colcon_core.package_identification:_identify(src/MIA_training_competion2026/competetion_bringup) by extensions ['ignore', 'ignore_ament_install']
[0.327s] Level 1:colcon.colcon_core.package_identification:_identify(src/MIA_training_competion2026/competetion_bringup) by extension 'ignore'
[0.327s] Level 1:colcon.colcon_core.package_identification:_identify(src/MIA_training_competion2026/competetion_bringup) by extension 'ignore_ament_install'
[0.327s] Level 1:colcon.colcon_core.package_identification:_identify(src/MIA_training_competion2026/competetion_bringup) by extensions ['colcon_pkg']
[0.327s] Level 1:colcon.colcon_core.package_identification:_identify(src/MIA_training_competion2026/competetion_bringup) by extension 'colcon_pkg'
[0.327s] Level 1:colcon.colcon_core.package_identification:_identify(src/MIA_training_competion2026/competetion_bringup) by extensions ['colcon_meta']
[0.327s] Level 1:colcon.colcon_core.package_identification:_identify(src/MIA_training_competion2026/competetion_bringup) by extension 'colcon_meta'
[0.327s] Level 1:colcon.colcon_core.package_identification:_identify(src/MIA_training_competion2026/competetion_bringup) by extensions ['ros']
[0.327s] Level 1:colcon.colcon_core.package_identification:_identify(src/MIA_training_competion2026/competetion_bringup) by extension 'ros'
[0.328s] DEBUG:colcon.colcon_core.package_identification:Package 'src/MIA_training_competion2026/competetion_bringup' with type 'ros.ament_python' and name 'competetion_bringup'
[0.328s] Level 1:colcon.colcon_core.package_identification:_identify(src/MIA_training_competion2026/robot_kinematics_pkg) by extensions ['ignore', 'ignore_ament_install']
[0.328s] Level 1:colcon.colcon_core.package_identification:_identify(src/MIA_training_competion2026/robot_kinematics_pkg) by extension 'ignore'
[0.328s] Level 1:colcon.colcon_core.package_identification:_identify(src/MIA_training_competion2026/robot_kinematics_pkg) by extension 'ignore_ament_install'
[0.328s] Level 1:colcon.colcon_core.package_identification:_identify(src/MIA_training_competion2026/robot_kinematics_pkg) by extensions ['colcon_pkg']
[0.328s] Level 1:colcon.colcon_core.package_identification:_identify(src/MIA_training_competion2026/robot_kinematics_pkg) by extension 'colcon_pkg'
[0.329s] Level 1:colcon.colcon_core.package_identification:_identify(src/MIA_training_competion2026/robot_kinematics_pkg) by extensions ['colcon_meta']
[0.329s] Level 1:colcon.colcon_core.package_identification:_identify(src/MIA_training_competion2026/robot_kinematics_pkg) by extension 'colcon_meta'
[0.329s] Level 1:colcon.colcon_core.package_identification:_identify(src/MIA_training_competion2026/robot_kinematics_pkg) by extensions ['ros']
[0.329s] Level 1:colcon.colcon_core.package_identification:_identify(src/MIA_training_competion2026/robot_kinematics_pkg) by extension 'ros'
[0.330s] DEBUG:colcon.colcon_core.package_identification:Package 'src/MIA_training_competion2026/robot_kinematics_pkg' with type 'ros.ament_python' and name 'robot_kinematics_pkg'
[0.330s] Level 1:colcon.colcon_core.package_identification:_identify(src/MIA_training_competion2026/srv_pkg) by extensions ['ignore', 'ignore_ament_install']
[0.330s] Level 1:colcon.colcon_core.package_identification:_identify(src/MIA_training_competion2026/srv_pkg) by extension 'ignore'
[0.330s] Level 1:colcon.colcon_core.package_identification:_identify(src/MIA_training_competion2026/srv_pkg) by extension 'ignore_ament_install'
[0.330s] Level 1:colcon.colcon_core.package_identification:_identify(src/MIA_training_competion2026/srv_pkg) by extensions ['colcon_pkg']
[0.330s] Level 1:colcon.colcon_core.package_identification:_identify(src/MIA_training_competion2026/srv_pkg) by extension 'colcon_pkg'
[0.330s] Level 1:colcon.colcon_core.package_identification:_identify(src/MIA_training_competion2026/srv_pkg) by extensions ['colcon_meta']
[0.330s] Level 1:colcon.colcon_core.package_identification:_identify(src/MIA_training_competion2026/srv_pkg) by extension 'colcon_meta'
[0.330s] Level 1:colcon.colcon_core.package_identification:_identify(src/MIA_training_competion2026/srv_pkg) by extensions ['ros']
[0.330s] Level 1:colcon.colcon_core.package_identification:_identify(src/MIA_training_competion2026/srv_pkg) by extension 'ros'
[0.331s] DEBUG:colcon.colcon_core.package_identification:Package 'src/MIA_training_competion2026/srv_pkg' with type 'ros.ament_cmake' and name 'srv_pkg'
[0.331s] Level 1:colcon.colcon_core.package_identification:_identify(src/amr_khaled) by extensions ['ignore', 'ignore_ament_install']
[0.331s] Level 1:colcon.colcon_core.package_identification:_identify(src/amr_khaled) by extension 'ignore'
[0.331s] Level 1:colcon.colcon_core.package_identification:_identify(src/amr_khaled) by extension 'ignore_ament_install'
[0.332s] Level 1:colcon.colcon_core.package_identification:_identify(src/amr_khaled) by extensions ['colcon_pkg']
[0.332s] Level 1:colcon.colcon_core.package_identification:_identify(src/amr_khaled) by extension 'colcon_pkg'
[0.332s] Level 1:colcon.colcon_core.package_identification:_identify(src/amr_khaled) by extensions ['colcon_meta']
[0.332s] Level 1:colcon.colcon_core.package_identification:_identify(src/amr_khaled) by extension 'colcon_meta'
[0.332s] Level 1:colcon.colcon_core.package_identification:_identify(src/amr_khaled) by extensions ['ros']
[0.332s] Level 1:colcon.colcon_core.package_identification:_identify(src/amr_khaled) by extension 'ros'
[0.333s] DEBUG:colcon.colcon_core.package_identification:Package 'src/amr_khaled' with type 'ros.ament_python' and name 'amr_khaled'
[0.333s] Level 1:colcon.colcon_core.package_discovery:discover_packages(recursive) using defaults
[0.333s] Level 1:colcon.colcon_core.package_discovery:discover_packages(ignore) discover
[0.333s] Level 1:colcon.colcon_core.package_discovery:discover_packages(ignore) using defaults
[0.333s] Level 1:colcon.colcon_core.package_discovery:discover_packages(path) discover
[0.333s] Level 1:colcon.colcon_core.package_discovery:discover_packages(path) using defaults
[0.365s] Level 1:colcon.colcon_core.package_discovery:discover_packages(prefix_path) check parameters
[0.366s] Level 1:colcon.colcon_core.package_discovery:discover_packages(prefix_path) discover
[0.369s] DEBUG:colcon.colcon_installed_package_information.package_discovery:Found 5 installed packages in /home/omar/amrws/install
[0.369s] DEBUG:colcon.colcon_installed_package_information.package_discovery:Found 3 installed packages in /home/omar/microros_ws/install
[0.373s] DEBUG:colcon.colcon_installed_package_information.package_discovery:Found 405 installed packages in /opt/ros/jazzy
[0.375s] Level 1:colcon.colcon_core.package_discovery:discover_packages(prefix_path) using defaults
[0.477s] Level 5:colcon.colcon_core.verb:set package 'amr_khaled' build argument 'cmake_args' from command line to 'None'
[0.477s] Level 5:colcon.colcon_core.verb:set package 'amr_khaled' build argument 'cmake_target' from command line to 'None'
[0.477s] Level 5:colcon.colcon_core.verb:set package 'amr_khaled' build argument 'cmake_target_skip_unavailable' from command line to 'False'
[0.477s] Level 5:colcon.colcon_core.verb:set package 'amr_khaled' build argument 'cmake_clean_cache' from command line to 'False'
[0.477s] Level 5:colcon.colcon_core.verb:set package 'amr_khaled' build argument 'cmake_clean_first' from command line to 'False'
[0.477s] Level 5:colcon.colcon_core.verb:set package 'amr_khaled' build argument 'cmake_force_configure' from command line to 'False'
[0.477s] Level 5:colcon.colcon_core.verb:set package 'amr_khaled' build argument 'ament_cmake_args' from command line to 'None'
[0.477s] Level 5:colcon.colcon_core.verb:set package 'amr_khaled' build argument 'catkin_cmake_args' from command line to 'None'
[0.477s] Level 5:colcon.colcon_core.verb:set package 'amr_khaled' build argument 'catkin_skip_building_tests' from command line to 'False'
[0.477s] DEBUG:colcon.colcon_core.verb:Building package 'amr_khaled' with the following arguments: {'ament_cmake_args': None, 'build_base': '/home/omar/amrws/build/amr_khaled', 'catkin_cmake_args': None, 'catkin_skip_building_tests': False, 'cmake_args': None, 'cmake_clean_cache': False, 'cmake_clean_first': False, 'cmake_force_configure': False, 'cmake_target': None, 'cmake_target_skip_unavailable': False, 'install_base': '/home/omar/amrws/install/amr_khaled', 'merge_install': False, 'path': '/home/omar/amrws/src/amr_khaled', 'symlink_install': False, 'test_result_base': None}
[0.478s] Level 5:colcon.colcon_core.verb:set package 'camera_drivers' build argument 'cmake_args' from command line to 'None'
[0.478s] Level 5:colcon.colcon_core.verb:set package 'camera_drivers' build argument 'cmake_target' from command line to 'None'
[0.478s] Level 5:colcon.colcon_core.verb:set package 'camera_drivers' build argument 'cmake_target_skip_unavailable' from command line to 'False'
[0.478s] Level 5:colcon.colcon_core.verb:set package 'camera_drivers' build argument 'cmake_clean_cache' from command line to 'False'
[0.478s] Level 5:colcon.colcon_core.verb:set package 'camera_drivers' build argument 'cmake_clean_first' from command line to 'False'
[0.478s] Level 5:colcon.colcon_core.verb:set package 'camera_drivers' build argument 'cmake_force_configure' from command line to 'False'
[0.478s] Level 5:colcon.colcon_core.verb:set package 'camera_drivers' build argument 'ament_cmake_args' from command line to 'None'
[0.478s] Level 5:colcon.colcon_core.verb:set package 'camera_drivers' build argument 'catkin_cmake_args' from command line to 'None'
[0.478s] Level 5:colcon.colcon_core.verb:set package 'camera_drivers' build argument 'catkin_skip_building_tests' from command line to 'False'
[0.478s] DEBUG:colcon.colcon_core.verb:Building package 'camera_drivers' with the following arguments: {'ament_cmake_args': None, 'build_base': '/home/omar/amrws/build/camera_drivers', 'catkin_cmake_args': None, 'catkin_skip_building_tests': False, 'cmake_args': None, 'cmake_clean_cache': False, 'cmake_clean_first': False, 'cmake_force_configure': False, 'cmake_target': None, 'cmake_target_skip_unavailable': False, 'install_base': '/home/omar/amrws/install/camera_drivers', 'merge_install': False, 'path': '/home/omar/amrws/src/MIA_training_competion2026/camera_drivers', 'symlink_install': False, 'test_result_base': None}
[0.478s] Level 5:colcon.colcon_core.verb:set package 'competetion_bringup' build argument 'cmake_args' from command line to 'None'
[0.478s] Level 5:colcon.colcon_core.verb:set package 'competetion_bringup' build argument 'cmake_target' from command line to 'None'
[0.478s] Level 5:colcon.colcon_core.verb:set package 'competetion_bringup' build argument 'cmake_target_skip_unavailable' from command line to 'False'
[0.478s] Level 5:colcon.colcon_core.verb:set package 'competetion_bringup' build argument 'cmake_clean_cache' from command line to 'False'
[0.478s] Level 5:colcon.colcon_core.verb:set package 'competetion_bringup' build argument 'cmake_clean_first' from command line to 'False'
[0.478s] Level 5:colcon.colcon_core.verb:set package 'competetion_bringup' build argument 'cmake_force_configure' from command line to 'False'
[0.478s] Level 5:colcon.colcon_core.verb:set package 'competetion_bringup' build argument 'ament_cmake_args' from command line to 'None'
[0.479s] Level 5:colcon.colcon_core.verb:set package 'competetion_bringup' build argument 'catkin_cmake_args' from command line to 'None'
[0.479s] Level 5:colcon.colcon_core.verb:set package 'competetion_bringup' build argument 'catkin_skip_building_tests' from command line to 'False'
[0.479s] DEBUG:colcon.colcon_core.verb:Building package 'competetion_bringup' with the following arguments: {'ament_cmake_args': None, 'build_base': '/home/omar/amrws/build/competetion_bringup', 'catkin_cmake_args': None, 'catkin_skip_building_tests': False, 'cmake_args': None, 'cmake_clean_cache': False, 'cmake_clean_first': False, 'cmake_force_configure': False, 'cmake_target': None, 'cmake_target_skip_unavailable': False, 'install_base': '/home/omar/amrws/install/competetion_bringup', 'merge_install': False, 'path': '/home/omar/amrws/src/MIA_training_competion2026/competetion_bringup', 'symlink_install': False, 'test_result_base': None}
[0.479s] Level 5:colcon.colcon_core.verb:set package 'robot_kinematics_pkg' build argument 'cmake_args' from command line to 'None'
[0.479s] Level 5:colcon.colcon_core.verb:set package 'robot_kinematics_pkg' build argument 'cmake_target' from command line to 'None'
[0.479s] Level 5:colcon.colcon_core.verb:set package 'robot_kinematics_pkg' build argument 'cmake_target_skip_unavailable' from command line to 'False'
[0.479s] Level 5:colcon.colcon_core.verb:set package 'robot_kinematics_pkg' build argument 'cmake_clean_cache' from command line to 'False'
[0.479s] Level 5:colcon.colcon_core.verb:set package 'robot_kinematics_pkg' build argument 'cmake_clean_first' from command line to 'False'
[0.479s] Level 5:colcon.colcon_core.verb:set package 'robot_kinematics_pkg' build argument 'cmake_force_configure' from command line to 'False'
[0.479s] Level 5:colcon.colcon_core.verb:set package 'robot_kinematics_pkg' build argument 'ament_cmake_args' from command line to 'None'
[0.479s] Level 5:colcon.colcon_core.verb:set package 'robot_kinematics_pkg' build argument 'catkin_cmake_args' from command line to 'None'
[0.479s] Level 5:colcon.colcon_core.verb:set package 'robot_kinematics_pkg' build argument 'catkin_skip_building_tests' from command line to 'False'
[0.479s] DEBUG:colcon.colcon_core.verb:Building package 'robot_kinematics_pkg' with the following arguments: {'ament_cmake_args': None, 'build_base': '/home/omar/amrws/build/robot_kinematics_pkg', 'catkin_cmake_args': None, 'catkin_skip_building_tests': False, 'cmake_args': None, 'cmake_clean_cache': False, 'cmake_clean_first': False, 'cmake_force_configure': False, 'cmake_target': None, 'cmake_target_skip_unavailable': False, 'install_base': '/home/omar/amrws/install/robot_kinematics_pkg', 'merge_install': False, 'path': '/home/omar/amrws/src/MIA_training_competion2026/robot_kinematics_pkg', 'symlink_install': False, 'test_result_base': None}
[0.480s] Level 5:colcon.colcon_core.verb:set package 'srv_pkg' build argument 'cmake_args' from command line to 'None'
[0.480s] Level 5:colcon.colcon_core.verb:set package 'srv_pkg' build argument 'cmake_target' from command line to 'None'
[0.480s] Level 5:colcon.colcon_core.verb:set package 'srv_pkg' build argument 'cmake_target_skip_unavailable' from command line to 'False'
[0.480s] Level 5:colcon.colcon_core.verb:set package 'srv_pkg' build argument 'cmake_clean_cache' from command line to 'False'
[0.480s] Level 5:colcon.colcon_core.verb:set package 'srv_pkg' build argument 'cmake_clean_first' from command line to 'False'
[0.480s] Level 5:colcon.colcon_core.verb:set package 'srv_pkg' build argument 'cmake_force_configure' from command line to 'False'
[0.480s] Level 5:colcon.colcon_core.verb:set package 'srv_pkg' build argument 'ament_cmake_args' from command line to 'None'
[0.480s] Level 5:colcon.colcon_core.verb:set package 'srv_pkg' build argument 'catkin_cmake_args' from command line to 'None'
[0.480s] Level 5:colcon.colcon_core.verb:set package 'srv_pkg' build argument 'catkin_skip_building_tests' from command line to 'False'
[0.480s] DEBUG:colcon.colcon_core.verb:Building package 'srv_pkg' with the following arguments: {'ament_cmake_args': None, 'build_base': '/home/omar/amrws/build/srv_pkg', 'catkin_cmake_args': None, 'catkin_skip_building_tests': False, 'cmake_args': None, 'cmake_clean_cache': False, 'cmake_clean_first': False, 'cmake_force_configure': False, 'cmake_target': None, 'cmake_target_skip_unavailable': False, 'install_base': '/home/omar/amrws/install/srv_pkg', 'merge_install': False, 'path': '/home/omar/amrws/src/MIA_training_competion2026/srv_pkg', 'symlink_install': False, 'test_result_base': None}
[0.480s] INFO:colcon.colcon_core.executor:Executing jobs using 'parallel' executor
[0.481s] DEBUG:colcon.colcon_parallel_executor.executor.parallel:run_until_complete
[0.482s] INFO:colcon.colcon_ros.task.ament_python.build:Building ROS package in '/home/omar/amrws/src/amr_khaled' with build type 'ament_python'
[0.482s] Level 1:colcon.colcon_core.shell:create_environment_hook('amr_khaled', 'ament_prefix_path')
[0.487s] INFO:colcon.colcon_core.plugin_system:Skipping extension 'colcon_core.shell.bat': Not used on non-Windows systems
[0.487s] INFO:colcon.colcon_core.shell:Creating environment hook '/home/omar/amrws/install/amr_khaled/share/amr_khaled/hook/ament_prefix_path.ps1'
[0.489s] INFO:colcon.colcon_core.shell:Creating environment descriptor '/home/omar/amrws/install/amr_khaled/share/amr_khaled/hook/ament_prefix_path.dsv'
[0.490s] INFO:colcon.colcon_core.shell:Creating environment hook '/home/omar/amrws/install/amr_khaled/share/amr_khaled/hook/ament_prefix_path.sh'
[0.492s] INFO:colcon.colcon_core.shell:Skip shell extension 'powershell' for command environment: Not usable outside of PowerShell
[0.492s] DEBUG:colcon.colcon_core.shell:Skip shell extension 'dsv' for command environment
[0.501s] INFO:colcon.colcon_ros.task.ament_python.build:Building ROS package in '/home/omar/amrws/src/MIA_training_competion2026/camera_drivers' with build type 'ament_python'
[0.501s] Level 1:colcon.colcon_core.shell:create_environment_hook('camera_drivers', 'ament_prefix_path')
[0.501s] INFO:colcon.colcon_core.shell:Creating environment hook '/home/omar/amrws/install/camera_drivers/share/camera_drivers/hook/ament_prefix_path.ps1'
[0.502s] INFO:colcon.colcon_core.shell:Creating environment descriptor '/home/omar/amrws/install/camera_drivers/share/camera_drivers/hook/ament_prefix_path.dsv'
[0.503s] INFO:colcon.colcon_core.shell:Creating environment hook '/home/omar/amrws/install/camera_drivers/share/camera_drivers/hook/ament_prefix_path.sh'
[0.504s] INFO:colcon.colcon_core.shell:Skip shell extension 'powershell' for command environment: Not usable outside of PowerShell
[0.504s] DEBUG:colcon.colcon_core.shell:Skip shell extension 'dsv' for command environment
[0.511s] INFO:colcon.colcon_ros.task.ament_python.build:Building ROS package in '/home/omar/amrws/src/MIA_training_competion2026/competetion_bringup' with build type 'ament_python'
[0.511s] Level 1:colcon.colcon_core.shell:create_environment_hook('competetion_bringup', 'ament_prefix_path')
[0.511s] INFO:colcon.colcon_core.shell:Creating environment hook '/home/omar/amrws/install/competetion_bringup/share/competetion_bringup/hook/ament_prefix_path.ps1'
[0.513s] INFO:colcon.colcon_core.shell:Creating environment descriptor '/home/omar/amrws/install/competetion_bringup/share/competetion_bringup/hook/ament_prefix_path.dsv'
[0.514s] INFO:colcon.colcon_core.shell:Creating environment hook '/home/omar/amrws/install/competetion_bringup/share/competetion_bringup/hook/ament_prefix_path.sh'
[0.515s] INFO:colcon.colcon_core.shell:Skip shell extension 'powershell' for command environment: Not usable outside of PowerShell
[0.515s] DEBUG:colcon.colcon_core.shell:Skip shell extension 'dsv' for command environment
[0.522s] INFO:colcon.colcon_ros.task.ament_python.build:Building ROS package in '/home/omar/amrws/src/MIA_training_competion2026/robot_kinematics_pkg' with build type 'ament_python'
[0.522s] Level 1:colcon.colcon_core.shell:create_environment_hook('robot_kinematics_pkg', 'ament_prefix_path')
[0.522s] INFO:colcon.colcon_core.shell:Creating environment hook '/home/omar/amrws/install/robot_kinematics_pkg/share/robot_kinematics_pkg/hook/ament_prefix_path.ps1'
[0.523s] INFO:colcon.colcon_core.shell:Creating environment descriptor '/home/omar/amrws/install/robot_kinematics_pkg/share/robot_kinematics_pkg/hook/ament_prefix_path.dsv'
[0.524s] INFO:colcon.colcon_core.shell:Creating environment hook '/home/omar/amrws/install/robot_kinematics_pkg/share/robot_kinematics_pkg/hook/ament_prefix_path.sh'
[0.524s] INFO:colcon.colcon_core.shell:Skip shell extension 'powershell' for command environment: Not usable outside of PowerShell
[0.524s] DEBUG:colcon.colcon_core.shell:Skip shell extension 'dsv' for command environment
[1.003s] INFO:colcon.colcon_core.task.python.build:Building Python package in '/home/omar/amrws/src/amr_khaled'
[1.003s] INFO:colcon.colcon_core.shell:Skip shell extension 'powershell' for command environment: Not usable outside of PowerShell
[1.003s] DEBUG:colcon.colcon_core.shell:Skip shell extension 'dsv' for command environment
[1.478s] INFO:colcon.colcon_core.task.python.build:Building Python package in '/home/omar/amrws/src/MIA_training_competion2026/camera_drivers'
[1.478s] INFO:colcon.colcon_core.shell:Skip shell extension 'powershell' for command environment: Not usable outside of PowerShell
[1.478s] DEBUG:colcon.colcon_core.shell:Skip shell extension 'dsv' for command environment
[1.981s] INFO:colcon.colcon_core.task.python.build:Building Python package in '/home/omar/amrws/src/MIA_training_competion2026/competetion_bringup'
[1.982s] INFO:colcon.colcon_core.shell:Skip shell extension 'powershell' for command environment: Not usable outside of PowerShell
[1.982s] DEBUG:colcon.colcon_core.shell:Skip shell extension 'dsv' for command environment
[2.459s] INFO:colcon.colcon_core.task.python.build:Building Python package in '/home/omar/amrws/src/MIA_training_competion2026/robot_kinematics_pkg'
[2.459s] INFO:colcon.colcon_core.shell:Skip shell extension 'powershell' for command environment: Not usable outside of PowerShell
[2.459s] DEBUG:colcon.colcon_core.shell:Skip shell extension 'dsv' for command environment
[4.830s] DEBUG:colcon.colcon_core.task.python.build:Available setuptools commands: alias, build_clib, build, develop, build_scripts, register, install_scripts, bdist_rpm, compile_catalog, install_data, test, egg_info, bdist_dumb, bdist, dist_info, bdist_wheel, rotate, upload, build_py, sdist, bdist_egg, init_catalog, update_catalog, easy_install, install_headers, install, install_lib, check, install_egg_info, editable_wheel, symlink_data, clean, extract_messages, build_ext, saveopts, upload_docs, setopt
[4.837s] DEBUG:colcon.colcon_core.event_handler.log_command:Invoking command in '/home/omar/amrws/src/amr_khaled': DEBUGINFOD_URLS=https://debuginfod.ubuntu.com PYTHONPATH=/home/omar/amrws/build/amr_khaled/prefix_override:/usr/lib/python3/dist-packages/colcon_core/task/python/colcon_distutils_commands:/home/omar/amrws/install/amr_khaled/lib/python3.12/site-packages:${PYTHONPATH} /usr/bin/python3 -W ignore:setup.py install is deprecated -W ignore:easy_install command is deprecated setup.py egg_info --egg-base ../../build/amr_khaled build --build-base /home/omar/amrws/build/amr_khaled/build install --record /home/omar/amrws/build/amr_khaled/install.log --install-scripts $base/lib/amr_khaled --single-version-externally-managed install_data
[4.880s] DEBUG:colcon.colcon_core.task.python.build:Available setuptools commands: alias, build_clib, build, develop, build_scripts, register, install_scripts, bdist_rpm, compile_catalog, install_data, test, egg_info, bdist_dumb, bdist, dist_info, bdist_wheel, rotate, upload, build_py, sdist, bdist_egg, init_catalog, update_catalog, easy_install, install_headers, install, install_lib, check, install_egg_info, editable_wheel, symlink_data, clean, extract_messages, build_ext, saveopts, upload_docs, setopt
[4.886s] DEBUG:colcon.colcon_core.event_handler.log_command:Invoking command in '/home/omar/amrws/src/MIA_training_competion2026/camera_drivers': DEBUGINFOD_URLS=https://debuginfod.ubuntu.com PYTHONPATH=/home/omar/amrws/build/camera_drivers/prefix_override:/usr/lib/python3/dist-packages/colcon_core/task/python/colcon_distutils_commands:/home/omar/amrws/install/camera_drivers/lib/python3.12/site-packages:${PYTHONPATH} /usr/bin/python3 -W ignore:setup.py install is deprecated -W ignore:easy_install command is deprecated setup.py egg_info --egg-base ../../../build/camera_drivers build --build-base /home/omar/amrws/build/camera_drivers/build install --record /home/omar/amrws/build/camera_drivers/install.log --install-scripts $base/lib/camera_drivers --single-version-externally-managed install_data
[4.889s] DEBUG:colcon.colcon_core.task.python.build:Available setuptools commands: alias, build_clib, build, develop, build_scripts, register, install_scripts, bdist_rpm, compile_catalog, install_data, test, egg_info, bdist_dumb, bdist, dist_info, bdist_wheel, rotate, upload, build_py, sdist, bdist_egg, init_catalog, update_catalog, easy_install, install_headers, install, install_lib, check, install_egg_info, editable_wheel, symlink_data, clean, extract_messages, build_ext, saveopts, upload_docs, setopt
[4.892s] DEBUG:colcon.colcon_core.event_handler.log_command:Invoking command in '/home/omar/amrws/src/MIA_training_competion2026/robot_kinematics_pkg': DEBUGINFOD_URLS=https://debuginfod.ubuntu.com PYTHONPATH=/home/omar/amrws/build/robot_kinematics_pkg/prefix_override:/usr/lib/python3/dist-packages/colcon_core/task/python/colcon_distutils_commands:/home/omar/amrws/install/robot_kinematics_pkg/lib/python3.12/site-packages:${PYTHONPATH} /usr/bin/python3 -W ignore:setup.py install is deprecated -W ignore:easy_install command is deprecated setup.py egg_info --egg-base ../../../build/robot_kinematics_pkg build --build-base /home/omar/amrws/build/robot_kinematics_pkg/build install --record /home/omar/amrws/build/robot_kinematics_pkg/install.log --install-scripts $base/lib/robot_kinematics_pkg --single-version-externally-managed install_data
[4.993s] DEBUG:colcon.colcon_core.task.python.build:Available setuptools commands: alias, build_clib, build, develop, build_scripts, register, install_scripts, bdist_rpm, compile_catalog, install_data, test, egg_info, bdist_dumb, bdist, dist_info, bdist_wheel, rotate, upload, build_py, sdist, bdist_egg, init_catalog, update_catalog, easy_install, install_headers, install, install_lib, check, install_egg_info, editable_wheel, symlink_data, clean, extract_messages, build_ext, saveopts, upload_docs, setopt
[4.996s] DEBUG:colcon.colcon_core.event_handler.log_command:Invoking command in '/home/omar/amrws/src/MIA_training_competion2026/competetion_bringup': DEBUGINFOD_URLS=https://debuginfod.ubuntu.com PYTHONPATH=/home/omar/amrws/build/competetion_bringup/prefix_override:/usr/lib/python3/dist-packages/colcon_core/task/python/colcon_distutils_commands:/home/omar/amrws/install/competetion_bringup/lib/python3.12/site-packages:${PYTHONPATH} /usr/bin/python3 -W ignore:setup.py install is deprecated -W ignore:easy_install command is deprecated setup.py egg_info --egg-base ../../../build/competetion_bringup build --build-base /home/omar/amrws/build/competetion_bringup/build install --record /home/omar/amrws/build/competetion_bringup/install.log --install-scripts $base/lib/competetion_bringup --single-version-externally-managed install_data
[7.252s] DEBUG:colcon.colcon_core.event_handler.log_command:Invoked command in '/home/omar/amrws/src/MIA_training_competion2026/camera_drivers' returned '0': DEBUGINFOD_URLS=https://debuginfod.ubuntu.com PYTHONPATH=/home/omar/amrws/build/camera_drivers/prefix_override:/usr/lib/python3/dist-packages/colcon_core/task/python/colcon_distutils_commands:/home/omar/amrws/install/camera_drivers/lib/python3.12/site-packages:${PYTHONPATH} /usr/bin/python3 -W ignore:setup.py install is deprecated -W ignore:easy_install command is deprecated setup.py egg_info --egg-base ../../../build/camera_drivers build --build-base /home/omar/amrws/build/camera_drivers/build install --record /home/omar/amrws/build/camera_drivers/install.log --install-scripts $base/lib/camera_drivers --single-version-externally-managed install_data
[7.259s] Level 1:colcon.colcon_core.environment:checking '/home/omar/amrws/install/camera_drivers' for CMake module files
[7.261s] Level 1:colcon.colcon_core.environment:checking '/home/omar/amrws/install/camera_drivers' for CMake config files
[7.264s] Level 1:colcon.colcon_core.environment:checking '/home/omar/amrws/install/camera_drivers/lib'
[7.264s] Level 1:colcon.colcon_core.environment:checking '/home/omar/amrws/install/camera_drivers/bin'
[7.264s] Level 1:colcon.colcon_core.environment:checking '/home/omar/amrws/install/camera_drivers/lib/pkgconfig/camera_drivers.pc'
[7.265s] Level 1:colcon.colcon_core.environment:checking '/home/omar/amrws/install/camera_drivers/lib/python3.12/site-packages'
[7.265s] Level 1:colcon.colcon_core.shell:create_environment_hook('camera_drivers', 'pythonpath')
[7.266s] INFO:colcon.colcon_core.shell:Creating environment hook '/home/omar/amrws/install/camera_drivers/share/camera_drivers/hook/pythonpath.ps1'
[7.267s] INFO:colcon.colcon_core.shell:Creating environment descriptor '/home/omar/amrws/install/camera_drivers/share/camera_drivers/hook/pythonpath.dsv'
[7.268s] INFO:colcon.colcon_core.shell:Creating environment hook '/home/omar/amrws/install/camera_drivers/share/camera_drivers/hook/pythonpath.sh'
[7.270s] Level 1:colcon.colcon_core.environment:checking '/home/omar/amrws/install/camera_drivers/bin'
[7.271s] Level 1:colcon.colcon_core.environment:create_environment_scripts_only(camera_drivers)
[7.271s] INFO:colcon.colcon_core.shell:Creating package script '/home/omar/amrws/install/camera_drivers/share/camera_drivers/package.ps1'
[7.274s] INFO:colcon.colcon_core.shell:Creating package descriptor '/home/omar/amrws/install/camera_drivers/share/camera_drivers/package.dsv'
[7.276s] INFO:colcon.colcon_core.shell:Creating package script '/home/omar/amrws/install/camera_drivers/share/camera_drivers/package.sh'
[7.304s] INFO:colcon.colcon_core.shell:Creating package script '/home/omar/amrws/install/camera_drivers/share/camera_drivers/package.bash'
[7.306s] INFO:colcon.colcon_core.shell:Creating package script '/home/omar/amrws/install/camera_drivers/share/camera_drivers/package.zsh'
[7.307s] Level 1:colcon.colcon_core.environment:create_file_with_runtime_dependencies(/home/omar/amrws/install/camera_drivers/share/colcon-core/packages/camera_drivers)
[7.308s] INFO:colcon.colcon_ros.task.ament_cmake.build:Building ROS package in '/home/omar/amrws/src/MIA_training_competion2026/srv_pkg' with build type 'ament_cmake'
[7.309s] INFO:colcon.colcon_cmake.task.cmake.build:Building CMake package in '/home/omar/amrws/src/MIA_training_competion2026/srv_pkg'
[7.309s] INFO:colcon.colcon_core.shell:Skip shell extension 'powershell' for command environment: Not usable outside of PowerShell
[7.309s] DEBUG:colcon.colcon_core.shell:Skip shell extension 'dsv' for command environment
[7.327s] Level 1:colcon.colcon_core.environment:checking '/home/omar/amrws/install/amr_khaled' for CMake module files
[7.328s] DEBUG:colcon.colcon_core.event_handler.log_command:Invoked command in '/home/omar/amrws/src/amr_khaled' returned '0': DEBUGINFOD_URLS=https://debuginfod.ubuntu.com PYTHONPATH=/home/omar/amrws/build/amr_khaled/prefix_override:/usr/lib/python3/dist-packages/colcon_core/task/python/colcon_distutils_commands:/home/omar/amrws/install/amr_khaled/lib/python3.12/site-packages:${PYTHONPATH} /usr/bin/python3 -W ignore:setup.py install is deprecated -W ignore:easy_install command is deprecated setup.py egg_info --egg-base ../../build/amr_khaled build --build-base /home/omar/amrws/build/amr_khaled/build install --record /home/omar/amrws/build/amr_khaled/install.log --install-scripts $base/lib/amr_khaled --single-version-externally-managed install_data
[7.329s] Level 1:colcon.colcon_core.environment:checking '/home/omar/amrws/install/amr_khaled' for CMake config files
[7.330s] Level 1:colcon.colcon_core.environment:checking '/home/omar/amrws/install/amr_khaled/lib'
[7.330s] Level 1:colcon.colcon_core.environment:checking '/home/omar/amrws/install/amr_khaled/bin'
[7.330s] Level 1:colcon.colcon_core.environment:checking '/home/omar/amrws/install/amr_khaled/lib/pkgconfig/amr_khaled.pc'
[7.331s] Level 1:colcon.colcon_core.environment:checking '/home/omar/amrws/install/amr_khaled/lib/python3.12/site-packages'
[7.331s] Level 1:colcon.colcon_core.shell:create_environment_hook('amr_khaled', 'pythonpath')
[7.331s] INFO:colcon.colcon_core.shell:Creating environment hook '/home/omar/amrws/install/amr_khaled/share/amr_khaled/hook/pythonpath.ps1'
[7.332s] INFO:colcon.colcon_core.shell:Creating environment descriptor '/home/omar/amrws/install/amr_khaled/share/amr_khaled/hook/pythonpath.dsv'
[7.333s] INFO:colcon.colcon_core.shell:Creating environment hook '/home/omar/amrws/install/amr_khaled/share/amr_khaled/hook/pythonpath.sh'
[7.335s] Level 1:colcon.colcon_core.environment:checking '/home/omar/amrws/install/amr_khaled/bin'
[7.335s] Level 1:colcon.colcon_core.environment:create_environment_scripts_only(amr_khaled)
[7.335s] INFO:colcon.colcon_core.shell:Creating package script '/home/omar/amrws/install/amr_khaled/share/amr_khaled/package.ps1'
[7.337s] INFO:colcon.colcon_core.shell:Creating package descriptor '/home/omar/amrws/install/amr_khaled/share/amr_khaled/package.dsv'
[7.338s] INFO:colcon.colcon_core.shell:Creating package script '/home/omar/amrws/install/amr_khaled/share/amr_khaled/package.sh'
[7.339s] INFO:colcon.colcon_core.shell:Creating package script '/home/omar/amrws/install/amr_khaled/share/amr_khaled/package.bash'
[7.339s] INFO:colcon.colcon_core.shell:Creating package script '/home/omar/amrws/install/amr_khaled/share/amr_khaled/package.zsh'
[7.340s] Level 1:colcon.colcon_core.environment:create_file_with_runtime_dependencies(/home/omar/amrws/install/amr_khaled/share/colcon-core/packages/amr_khaled)
[7.341s] Level 1:colcon.colcon_core.environment:checking '/home/omar/amrws/install/competetion_bringup' for CMake module files
[7.345s] Level 1:colcon.colcon_core.environment:checking '/home/omar/amrws/install/competetion_bringup' for CMake config files
[7.348s] DEBUG:colcon.colcon_core.event_handler.log_command:Invoked command in '/home/omar/amrws/src/MIA_training_competion2026/competetion_bringup' returned '0': DEBUGINFOD_URLS=https://debuginfod.ubuntu.com PYTHONPATH=/home/omar/amrws/build/competetion_bringup/prefix_override:/usr/lib/python3/dist-packages/colcon_core/task/python/colcon_distutils_commands:/home/omar/amrws/install/competetion_bringup/lib/python3.12/site-packages:${PYTHONPATH} /usr/bin/python3 -W ignore:setup.py install is deprecated -W ignore:easy_install command is deprecated setup.py egg_info --egg-base ../../../build/competetion_bringup build --build-base /home/omar/amrws/build/competetion_bringup/build install --record /home/omar/amrws/build/competetion_bringup/install.log --install-scripts $base/lib/competetion_bringup --single-version-externally-managed install_data
[7.349s] Level 1:colcon.colcon_core.environment:checking '/home/omar/amrws/install/competetion_bringup/lib'
[7.349s] Level 1:colcon.colcon_core.environment:checking '/home/omar/amrws/install/competetion_bringup/bin'
[7.349s] Level 1:colcon.colcon_core.environment:checking '/home/omar/amrws/install/competetion_bringup/lib/pkgconfig/competetion_bringup.pc'
[7.350s] Level 1:colcon.colcon_core.environment:checking '/home/omar/amrws/install/competetion_bringup/lib/python3.12/site-packages'
[7.350s] Level 1:colcon.colcon_core.shell:create_environment_hook('competetion_bringup', 'pythonpath')
[7.351s] INFO:colcon.colcon_core.shell:Creating environment hook '/home/omar/amrws/install/competetion_bringup/share/competetion_bringup/hook/pythonpath.ps1'
[7.353s] INFO:colcon.colcon_core.shell:Creating environment descriptor '/home/omar/amrws/install/competetion_bringup/share/competetion_bringup/hook/pythonpath.dsv'
[7.354s] INFO:colcon.colcon_core.shell:Creating environment hook '/home/omar/amrws/install/competetion_bringup/share/competetion_bringup/hook/pythonpath.sh'
[7.356s] Level 1:colcon.colcon_core.environment:checking '/home/omar/amrws/install/competetion_bringup/bin'
[7.356s] Level 1:colcon.colcon_core.environment:create_environment_scripts_only(competetion_bringup)
[7.356s] INFO:colcon.colcon_core.shell:Creating package script '/home/omar/amrws/install/competetion_bringup/share/competetion_bringup/package.ps1'
[7.358s] INFO:colcon.colcon_core.shell:Creating package descriptor '/home/omar/amrws/install/competetion_bringup/share/competetion_bringup/package.dsv'
[7.358s] INFO:colcon.colcon_core.shell:Creating package script '/home/omar/amrws/install/competetion_bringup/share/competetion_bringup/package.sh'
[7.359s] INFO:colcon.colcon_core.shell:Creating package script '/home/omar/amrws/install/competetion_bringup/share/competetion_bringup/package.bash'
[7.360s] INFO:colcon.colcon_core.shell:Creating package script '/home/omar/amrws/install/competetion_bringup/share/competetion_bringup/package.zsh'
[7.360s] Level 1:colcon.colcon_core.environment:create_file_with_runtime_dependencies(/home/omar/amrws/install/competetion_bringup/share/colcon-core/packages/competetion_bringup)
[7.369s] DEBUG:colcon.colcon_core.event_handler.log_command:Invoking command in '/home/omar/amrws/build/srv_pkg': CMAKE_PREFIX_PATH=${CMAKE_PREFIX_PATH}:/home/omar/amrws/install/amr_khaled:/home/omar/amrws/install/robot_kinematics_pkg:/home/omar/amrws/install/competetion_bringup:/home/omar/amrws/install/camera_drivers:/opt/ros/jazzy DEBUGINFOD_URLS=https://debuginfod.ubuntu.com /usr/bin/cmake --build /home/omar/amrws/build/srv_pkg -- -j4 -l4
[7.407s] Level 1:colcon.colcon_core.environment:checking '/home/omar/amrws/install/robot_kinematics_pkg' for CMake module files
[7.408s] DEBUG:colcon.colcon_core.event_handler.log_command:Invoked command in '/home/omar/amrws/src/MIA_training_competion2026/robot_kinematics_pkg' returned '0': DEBUGINFOD_URLS=https://debuginfod.ubuntu.com PYTHONPATH=/home/omar/amrws/build/robot_kinematics_pkg/prefix_override:/usr/lib/python3/dist-packages/colcon_core/task/python/colcon_distutils_commands:/home/omar/amrws/install/robot_kinematics_pkg/lib/python3.12/site-packages:${PYTHONPATH} /usr/bin/python3 -W ignore:setup.py install is deprecated -W ignore:easy_install command is deprecated setup.py egg_info --egg-base ../../../build/robot_kinematics_pkg build --build-base /home/omar/amrws/build/robot_kinematics_pkg/build install --record /home/omar/amrws/build/robot_kinematics_pkg/install.log --install-scripts $base/lib/robot_kinematics_pkg --single-version-externally-managed install_data
[7.409s] Level 1:colcon.colcon_core.environment:checking '/home/omar/amrws/install/robot_kinematics_pkg' for CMake config files
[7.411s] Level 1:colcon.colcon_core.environment:checking '/home/omar/amrws/install/robot_kinematics_pkg/lib'
[7.411s] Level 1:colcon.colcon_core.environment:checking '/home/omar/amrws/install/robot_kinematics_pkg/bin'
[7.412s] Level 1:colcon.colcon_core.environment:checking '/home/omar/amrws/install/robot_kinematics_pkg/lib/pkgconfig/robot_kinematics_pkg.pc'
[7.412s] Level 1:colcon.colcon_core.environment:checking '/home/omar/amrws/install/robot_kinematics_pkg/lib/python3.12/site-packages'
[7.413s] Level 1:colcon.colcon_core.shell:create_environment_hook('robot_kinematics_pkg', 'pythonpath')
[7.413s] INFO:colcon.colcon_core.shell:Creating environment hook '/home/omar/amrws/install/robot_kinematics_pkg/share/robot_kinematics_pkg/hook/pythonpath.ps1'
[7.414s] INFO:colcon.colcon_core.shell:Creating environment descriptor '/home/omar/amrws/install/robot_kinematics_pkg/share/robot_kinematics_pkg/hook/pythonpath.dsv'
[7.415s] INFO:colcon.colcon_core.shell:Creating environment hook '/home/omar/amrws/install/robot_kinematics_pkg/share/robot_kinematics_pkg/hook/pythonpath.sh'
[7.417s] Level 1:colcon.colcon_core.environment:checking '/home/omar/amrws/install/robot_kinematics_pkg/bin'
[7.417s] Level 1:colcon.colcon_core.environment:create_environment_scripts_only(robot_kinematics_pkg)
[7.418s] INFO:colcon.colcon_core.shell:Creating package script '/home/omar/amrws/install/robot_kinematics_pkg/share/robot_kinematics_pkg/package.ps1'
[7.419s] INFO:colcon.colcon_core.shell:Creating package descriptor '/home/omar/amrws/install/robot_kinematics_pkg/share/robot_kinematics_pkg/package.dsv'
[7.420s] INFO:colcon.colcon_core.shell:Creating package script '/home/omar/amrws/install/robot_kinematics_pkg/share/robot_kinematics_pkg/package.sh'
[7.420s] INFO:colcon.colcon_core.shell:Creating package script '/home/omar/amrws/install/robot_kinematics_pkg/share/robot_kinematics_pkg/package.bash'
[7.421s] INFO:colcon.colcon_core.shell:Creating package script '/home/omar/amrws/install/robot_kinematics_pkg/share/robot_kinematics_pkg/package.zsh'
[7.422s] Level 1:colcon.colcon_core.environment:create_file_with_runtime_dependencies(/home/omar/amrws/install/robot_kinematics_pkg/share/colcon-core/packages/robot_kinematics_pkg)
[8.396s] DEBUG:colcon.colcon_core.event_handler.log_command:Invoked command in '/home/omar/amrws/build/srv_pkg' returned '0': CMAKE_PREFIX_PATH=${CMAKE_PREFIX_PATH}:/home/omar/amrws/install/amr_khaled:/home/omar/amrws/install/robot_kinematics_pkg:/home/omar/amrws/install/competetion_bringup:/home/omar/amrws/install/camera_drivers:/opt/ros/jazzy DEBUGINFOD_URLS=https://debuginfod.ubuntu.com /usr/bin/cmake --build /home/omar/amrws/build/srv_pkg -- -j4 -l4
[8.413s] DEBUG:colcon.colcon_core.event_handler.log_command:Invoking command in '/home/omar/amrws/build/srv_pkg': CMAKE_PREFIX_PATH=${CMAKE_PREFIX_PATH}:/home/omar/amrws/install/amr_khaled:/home/omar/amrws/install/robot_kinematics_pkg:/home/omar/amrws/install/competetion_bringup:/home/omar/amrws/install/camera_drivers:/opt/ros/jazzy DEBUGINFOD_URLS=https://debuginfod.ubuntu.com /usr/bin/cmake --install /home/omar/amrws/build/srv_pkg
[8.519s] Level 1:colcon.colcon_core.environment:create_environment_scripts_only(srv_pkg)
[8.520s] Level 1:colcon.colcon_core.environment:checking '/home/omar/amrws/install/srv_pkg' for CMake module files
[8.522s] DEBUG:colcon.colcon_core.event_handler.log_command:Invoked command in '/home/omar/amrws/build/srv_pkg' returned '0': CMAKE_PREFIX_PATH=${CMAKE_PREFIX_PATH}:/home/omar/amrws/install/amr_khaled:/home/omar/amrws/install/robot_kinematics_pkg:/home/omar/amrws/install/competetion_bringup:/home/omar/amrws/install/camera_drivers:/opt/ros/jazzy DEBUGINFOD_URLS=https://debuginfod.ubuntu.com /usr/bin/cmake --install /home/omar/amrws/build/srv_pkg
[8.523s] Level 1:colcon.colcon_core.environment:checking '/home/omar/amrws/install/srv_pkg' for CMake config files
[8.524s] Level 1:colcon.colcon_core.shell:create_environment_hook('srv_pkg', 'cmake_prefix_path')
[8.524s] INFO:colcon.colcon_core.shell:Creating environment hook '/home/omar/amrws/install/srv_pkg/share/srv_pkg/hook/cmake_prefix_path.ps1'
[8.525s] INFO:colcon.colcon_core.shell:Creating environment descriptor '/home/omar/amrws/install/srv_pkg/share/srv_pkg/hook/cmake_prefix_path.dsv'
[8.525s] INFO:colcon.colcon_core.shell:Creating environment hook '/home/omar/amrws/install/srv_pkg/share/srv_pkg/hook/cmake_prefix_path.sh'
[8.526s] Level 1:colcon.colcon_core.environment:checking '/home/omar/amrws/install/srv_pkg/lib'
[8.527s] Level 1:colcon.colcon_core.shell:create_environment_hook('srv_pkg', 'ld_library_path_lib')
[8.527s] INFO:colcon.colcon_core.shell:Creating environment hook '/home/omar/amrws/install/srv_pkg/share/srv_pkg/hook/ld_library_path_lib.ps1'
[8.528s] INFO:colcon.colcon_core.shell:Creating environment descriptor '/home/omar/amrws/install/srv_pkg/share/srv_pkg/hook/ld_library_path_lib.dsv'
[8.528s] INFO:colcon.colcon_core.shell:Creating environment hook '/home/omar/amrws/install/srv_pkg/share/srv_pkg/hook/ld_library_path_lib.sh'
[8.529s] Level 1:colcon.colcon_core.environment:checking '/home/omar/amrws/install/srv_pkg/bin'
[8.529s] Level 1:colcon.colcon_core.environment:checking '/home/omar/amrws/install/srv_pkg/lib/pkgconfig/srv_pkg.pc'
[8.530s] Level 1:colcon.colcon_core.environment:checking '/home/omar/amrws/install/srv_pkg/lib/python3.12/site-packages'
[8.530s] Level 1:colcon.colcon_core.shell:create_environment_hook('srv_pkg', 'pythonpath')
[8.530s] INFO:colcon.colcon_core.shell:Creating environment hook '/home/omar/amrws/install/srv_pkg/share/srv_pkg/hook/pythonpath.ps1'
[8.531s] INFO:colcon.colcon_core.shell:Creating environment descriptor '/home/omar/amrws/install/srv_pkg/share/srv_pkg/hook/pythonpath.dsv'
[8.532s] INFO:colcon.colcon_core.shell:Creating environment hook '/home/omar/amrws/install/srv_pkg/share/srv_pkg/hook/pythonpath.sh'
[8.533s] Level 1:colcon.colcon_core.environment:checking '/home/omar/amrws/install/srv_pkg/bin'
[8.534s] INFO:colcon.colcon_core.shell:Creating package script '/home/omar/amrws/install/srv_pkg/share/srv_pkg/package.ps1'
[8.535s] INFO:colcon.colcon_core.shell:Creating package descriptor '/home/omar/amrws/install/srv_pkg/share/srv_pkg/package.dsv'
[8.536s] INFO:colcon.colcon_core.shell:Creating package script '/home/omar/amrws/install/srv_pkg/share/srv_pkg/package.sh'
[8.536s] INFO:colcon.colcon_core.shell:Creating package script '/home/omar/amrws/install/srv_pkg/share/srv_pkg/package.bash'
[8.537s] INFO:colcon.colcon_core.shell:Creating package script '/home/omar/amrws/install/srv_pkg/share/srv_pkg/package.zsh'
[8.537s] Level 1:colcon.colcon_core.environment:create_file_with_runtime_dependencies(/home/omar/amrws/install/srv_pkg/share/colcon-core/packages/srv_pkg)
[8.538s] Level 1:colcon.colcon_core.environment:create_environment_scripts_only(srv_pkg)
[8.538s] Level 1:colcon.colcon_core.environment:checking '/home/omar/amrws/install/srv_pkg' for CMake module files
[8.539s] Level 1:colcon.colcon_core.environment:checking '/home/omar/amrws/install/srv_pkg' for CMake config files
[8.540s] Level 1:colcon.colcon_core.shell:create_environment_hook('srv_pkg', 'cmake_prefix_path')
[8.540s] INFO:colcon.colcon_core.shell:Creating environment hook '/home/omar/amrws/install/srv_pkg/share/srv_pkg/hook/cmake_prefix_path.ps1'
[8.541s] INFO:colcon.colcon_core.shell:Creating environment descriptor '/home/omar/amrws/install/srv_pkg/share/srv_pkg/hook/cmake_prefix_path.dsv'
[8.541s] INFO:colcon.colcon_core.shell:Creating environment hook '/home/omar/amrws/install/srv_pkg/share/srv_pkg/hook/cmake_prefix_path.sh'
[8.542s] Level 1:colcon.colcon_core.environment:checking '/home/omar/amrws/install/srv_pkg/lib'
[8.542s] Level 1:colcon.colcon_core.shell:create_environment_hook('srv_pkg', 'ld_library_path_lib')
[8.542s] INFO:colcon.colcon_core.shell:Creating environment hook '/home/omar/amrws/install/srv_pkg/share/srv_pkg/hook/ld_library_path_lib.ps1'
[8.543s] INFO:colcon.colcon_core.shell:Creating environment descriptor '/home/omar/amrws/install/srv_pkg/share/srv_pkg/hook/ld_library_path_lib.dsv'
[8.544s] INFO:colcon.colcon_core.shell:Creating environment hook '/home/omar/amrws/install/srv_pkg/share/srv_pkg/hook/ld_library_path_lib.sh'
[8.544s] Level 1:colcon.colcon_core.environment:checking '/home/omar/amrws/install/srv_pkg/bin'
[8.544s] Level 1:colcon.colcon_core.environment:checking '/home/omar/amrws/install/srv_pkg/lib/pkgconfig/srv_pkg.pc'
[8.545s] Level 1:colcon.colcon_core.environment:checking '/home/omar/amrws/install/srv_pkg/lib/python3.12/site-packages'
[8.545s] Level 1:colcon.colcon_core.shell:create_environment_hook('srv_pkg', 'pythonpath')
[8.545s] INFO:colcon.colcon_core.shell:Creating environment hook '/home/omar/amrws/install/srv_pkg/share/srv_pkg/hook/pythonpath.ps1'
[8.545s] INFO:colcon.colcon_core.shell:Creating environment descriptor '/home/omar/amrws/install/srv_pkg/share/srv_pkg/hook/pythonpath.dsv'
[8.546s] INFO:colcon.colcon_core.shell:Creating environment hook '/home/omar/amrws/install/srv_pkg/share/srv_pkg/hook/pythonpath.sh'
[8.547s] Level 1:colcon.colcon_core.environment:checking '/home/omar/amrws/install/srv_pkg/bin'
[8.547s] INFO:colcon.colcon_core.shell:Creating package script '/home/omar/amrws/install/srv_pkg/share/srv_pkg/package.ps1'
[8.548s] INFO:colcon.colcon_core.shell:Creating package descriptor '/home/omar/amrws/install/srv_pkg/share/srv_pkg/package.dsv'
[8.549s] INFO:colcon.colcon_core.shell:Creating package script '/home/omar/amrws/install/srv_pkg/share/srv_pkg/package.sh'
[8.550s] INFO:colcon.colcon_core.shell:Creating package script '/home/omar/amrws/install/srv_pkg/share/srv_pkg/package.bash'
[8.551s] INFO:colcon.colcon_core.shell:Creating package script '/home/omar/amrws/install/srv_pkg/share/srv_pkg/package.zsh'
[8.551s] Level 1:colcon.colcon_core.environment:create_file_with_runtime_dependencies(/home/omar/amrws/install/srv_pkg/share/colcon-core/packages/srv_pkg)
[8.552s] DEBUG:colcon.colcon_parallel_executor.executor.parallel:closing loop
[8.552s] DEBUG:colcon.colcon_parallel_executor.executor.parallel:loop closed
[8.552s] DEBUG:colcon.colcon_parallel_executor.executor.parallel:run_until_complete finished with '0'
[8.552s] DEBUG:colcon.colcon_core.event_reactor:joining thread
[8.563s] INFO:colcon.colcon_core.plugin_system:Skipping extension 'colcon_notification.desktop_notification.terminal_notifier': Not used on non-Darwin systems
[8.563s] INFO:colcon.colcon_core.plugin_system:Skipping extension 'colcon_notification.desktop_notification.win32': Not used on non-Windows systems
[8.564s] INFO:colcon.colcon_notification.desktop_notification:Sending desktop notification using 'notify2'
[8.586s] DEBUG:colcon.colcon_core.event_reactor:joined thread
[8.587s] INFO:colcon.colcon_core.shell:Creating prefix script '/home/omar/amrws/install/local_setup.ps1'
[8.588s] INFO:colcon.colcon_core.shell:Creating prefix util module '/home/omar/amrws/install/_local_setup_util_ps1.py'
[8.590s] INFO:colcon.colcon_core.shell:Creating prefix chain script '/home/omar/amrws/install/setup.ps1'
[8.592s] INFO:colcon.colcon_core.shell:Creating prefix script '/home/omar/amrws/install/local_setup.sh'
[8.593s] INFO:colcon.colcon_core.shell:Creating prefix util module '/home/omar/amrws/install/_local_setup_util_sh.py'
[8.593s] INFO:colcon.colcon_core.shell:Creating prefix chain script '/home/omar/amrws/install/setup.sh'
[8.596s] INFO:colcon.colcon_core.shell:Creating prefix script '/home/omar/amrws/install/local_setup.bash'
[8.596s] INFO:colcon.colcon_core.shell:Creating prefix chain script '/home/omar/amrws/install/setup.bash'
[8.598s] INFO:colcon.colcon_core.shell:Creating prefix script '/home/omar/amrws/install/local_setup.zsh'
[8.599s] INFO:colcon.colcon_core.shell:Creating prefix chain script '/home/omar/amrws/install/setup.zsh'
