[4.465s] Invoking command in '/home/omar/amrws/src/MIA_training_competion2026/robot_kinematics_pkg': DEBUGINFOD_URLS=https://debuginfod.ubuntu.com PYTHONPATH=/home/omar/amrws/build/robot_kinematics_pkg/prefix_override:/usr/lib/python3/dist-packages/colcon_core/task/python/colcon_distutils_commands:/home/omar/amrws/install/robot_kinematics_pkg/lib/python3.12/site-packages:${PYTHONPATH} /usr/bin/python3 -W ignore:setup.py install is deprecated -W ignore:easy_install command is deprecated setup.py egg_info --egg-base ../../../build/robot_kinematics_pkg build --build-base /home/omar/amrws/build/robot_kinematics_pkg/build install --record /home/omar/amrws/build/robot_kinematics_pkg/install.log --install-scripts $base/lib/robot_kinematics_pkg --single-version-externally-managed install_data
[5.587s] running egg_info
[5.685s] writing ../../../build/robot_kinematics_pkg/robot_kinematics_pkg.egg-info/PKG-INFO
[5.685s] writing dependency_links to ../../../build/robot_kinematics_pkg/robot_kinematics_pkg.egg-info/dependency_links.txt
[5.686s] writing entry points to ../../../build/robot_kinematics_pkg/robot_kinematics_pkg.egg-info/entry_points.txt
[5.687s] writing requirements to ../../../build/robot_kinematics_pkg/robot_kinematics_pkg.egg-info/requires.txt
[5.687s] writing top-level names to ../../../build/robot_kinematics_pkg/robot_kinematics_pkg.egg-info/top_level.txt
[5.886s] reading manifest file '../../../build/robot_kinematics_pkg/robot_kinematics_pkg.egg-info/SOURCES.txt'
[5.889s] writing manifest file '../../../build/robot_kinematics_pkg/robot_kinematics_pkg.egg-info/SOURCES.txt'
[5.890s] running build
[5.890s] running build_py
[5.897s] running install
[5.915s] running install_lib
[6.021s] running install_data
[6.021s] running install_egg_info
[6.123s] removing '/home/omar/amrws/install/robot_kinematics_pkg/lib/python3.12/site-packages/robot_kinematics_pkg-0.0.0-py3.12.egg-info' (and everything under it)
[6.123s] Copying ../../../build/robot_kinematics_pkg/robot_kinematics_pkg.egg-info to /home/omar/amrws/install/robot_kinematics_pkg/lib/python3.12/site-packages/robot_kinematics_pkg-0.0.0-py3.12.egg-info
[6.125s] running install_scripts
[6.711s] Installing diff_2wheels_forward script to /home/omar/amrws/install/robot_kinematics_pkg/lib/robot_kinematics_pkg
[6.711s] Installing diff_2wheels_invers script to /home/omar/amrws/install/robot_kinematics_pkg/lib/robot_kinematics_pkg
[6.712s] Installing diff_forward script to /home/omar/amrws/install/robot_kinematics_pkg/lib/robot_kinematics_pkg
[6.712s] Installing diff_forward_r1 script to /home/omar/amrws/install/robot_kinematics_pkg/lib/robot_kinematics_pkg
[6.713s] Installing diff_invers script to /home/omar/amrws/install/robot_kinematics_pkg/lib/robot_kinematics_pkg
[6.714s] Installing diff_invers_new_r1 script to /home/omar/amrws/install/robot_kinematics_pkg/lib/robot_kinematics_pkg
[6.714s] Installing diff_invers_r1 script to /home/omar/amrws/install/robot_kinematics_pkg/lib/robot_kinematics_pkg
[6.715s] Installing kinematics script to /home/omar/amrws/install/robot_kinematics_pkg/lib/robot_kinematics_pkg
[6.716s] Installing mecanum_forward script to /home/omar/amrws/install/robot_kinematics_pkg/lib/robot_kinematics_pkg
[6.716s] Installing mecanum_invers script to /home/omar/amrws/install/robot_kinematics_pkg/lib/robot_kinematics_pkg
[6.717s] Installing mecanum_invers_r2 script to /home/omar/amrws/install/robot_kinematics_pkg/lib/robot_kinematics_pkg
[6.719s] Installing omni3_forward script to /home/omar/amrws/install/robot_kinematics_pkg/lib/robot_kinematics_pkg
[6.719s] Installing omni3_invers script to /home/omar/amrws/install/robot_kinematics_pkg/lib/robot_kinematics_pkg
[6.720s] Installing omni4_forward script to /home/omar/amrws/install/robot_kinematics_pkg/lib/robot_kinematics_pkg
[6.720s] Installing omni4_invers script to /home/omar/amrws/install/robot_kinematics_pkg/lib/robot_kinematics_pkg
[6.720s] Installing omni6_invers script to /home/omar/amrws/install/robot_kinematics_pkg/lib/robot_kinematics_pkg
[6.720s] writing list of installed files to '/home/omar/amrws/build/robot_kinematics_pkg/install.log'
[6.867s] Invoked command in '/home/omar/amrws/src/MIA_training_competion2026/robot_kinematics_pkg' returned '0': DEBUGINFOD_URLS=https://debuginfod.ubuntu.com PYTHONPATH=/home/omar/amrws/build/robot_kinematics_pkg/prefix_override:/usr/lib/python3/dist-packages/colcon_core/task/python/colcon_distutils_commands:/home/omar/amrws/install/robot_kinematics_pkg/lib/python3.12/site-packages:${PYTHONPATH} /usr/bin/python3 -W ignore:setup.py install is deprecated -W ignore:easy_install command is deprecated setup.py egg_info --egg-base ../../../build/robot_kinematics_pkg build --build-base /home/omar/amrws/build/robot_kinematics_pkg/build install --record /home/omar/amrws/build/robot_kinematics_pkg/install.log --install-scripts $base/lib/robot_kinematics_pkg --single-version-externally-managed install_data
