[8.166s] Invoking command in '/home/omar/amrws/src/MIA_training_competion2026/competetion_bringup': DEBUGINFOD_URLS=https://debuginfod.ubuntu.com PYTHONPATH=/home/omar/amrws/build/competetion_bringup/prefix_override:/usr/lib/python3/dist-packages/colcon_core/task/python/colcon_distutils_commands:/home/omar/amrws/install/competetion_bringup/lib/python3.12/site-packages:${PYTHONPATH} /usr/bin/python3 -W ignore:setup.py install is deprecated -W ignore:easy_install command is deprecated setup.py egg_info --egg-base ../../../build/competetion_bringup build --build-base /home/omar/amrws/build/competetion_bringup/build install --record /home/omar/amrws/build/competetion_bringup/install.log --install-scripts $base/lib/competetion_bringup --single-version-externally-managed install_data
[9.263s] running egg_info
[9.264s] creating ../../../build/competetion_bringup/competetion_bringup.egg-info
[9.365s] writing ../../../build/competetion_bringup/competetion_bringup.egg-info/PKG-INFO
[9.365s] writing dependency_links to ../../../build/competetion_bringup/competetion_bringup.egg-info/dependency_links.txt
[9.366s] writing requirements to ../../../build/competetion_bringup/competetion_bringup.egg-info/requires.txt
[9.366s] writing top-level names to ../../../build/competetion_bringup/competetion_bringup.egg-info/top_level.txt
[9.367s] writing manifest file '../../../build/competetion_bringup/competetion_bringup.egg-info/SOURCES.txt'
[9.583s] reading manifest file '../../../build/competetion_bringup/competetion_bringup.egg-info/SOURCES.txt'
[9.585s] writing manifest file '../../../build/competetion_bringup/competetion_bringup.egg-info/SOURCES.txt'
[9.586s] running build
[9.586s] running build_py
[9.587s] creating /home/omar/amrws/build/competetion_bringup/build
[9.590s] creating /home/omar/amrws/build/competetion_bringup/build/lib
[9.590s] creating /home/omar/amrws/build/competetion_bringup/build/lib/competetion_bringup
[9.593s] copying competetion_bringup/__init__.py -> /home/omar/amrws/build/competetion_bringup/build/lib/competetion_bringup
[9.593s] running install
[9.610s] running install_lib
[9.749s] creating /home/omar/amrws/install/competetion_bringup/lib/python3.12/site-packages/competetion_bringup
[9.750s] copying /home/omar/amrws/build/competetion_bringup/build/lib/competetion_bringup/__init__.py -> /home/omar/amrws/install/competetion_bringup/lib/python3.12/site-packages/competetion_bringup
[9.750s] byte-compiling /home/omar/amrws/install/competetion_bringup/lib/python3.12/site-packages/competetion_bringup/__init__.py to __init__.cpython-312.pyc
[9.752s] running install_data
[9.754s] creating /home/omar/amrws/install/competetion_bringup/share/ament_index
[9.754s] creating /home/omar/amrws/install/competetion_bringup/share/ament_index/resource_index
[9.755s] creating /home/omar/amrws/install/competetion_bringup/share/ament_index/resource_index/packages
[9.755s] copying resource/competetion_bringup -> /home/omar/amrws/install/competetion_bringup/share/ament_index/resource_index/packages
[9.755s] copying package.xml -> /home/omar/amrws/install/competetion_bringup/share/competetion_bringup
[9.756s] creating /home/omar/amrws/install/competetion_bringup/share/competetion_bringup/launch
[9.758s] copying launch/bringup.launch.py -> /home/omar/amrws/install/competetion_bringup/share/competetion_bringup/launch
[9.759s] running install_egg_info
[9.890s] Copying ../../../build/competetion_bringup/competetion_bringup.egg-info to /home/omar/amrws/install/competetion_bringup/lib/python3.12/site-packages/competetion_bringup-0.0.0-py3.12.egg-info
[9.892s] running install_scripts
[10.510s] writing list of installed files to '/home/omar/amrws/build/competetion_bringup/install.log'
[10.654s] Invoked command in '/home/omar/amrws/src/MIA_training_competion2026/competetion_bringup' returned '0': DEBUGINFOD_URLS=https://debuginfod.ubuntu.com PYTHONPATH=/home/omar/amrws/build/competetion_bringup/prefix_override:/usr/lib/python3/dist-packages/colcon_core/task/python/colcon_distutils_commands:/home/omar/amrws/install/competetion_bringup/lib/python3.12/site-packages:${PYTHONPATH} /usr/bin/python3 -W ignore:setup.py install is deprecated -W ignore:easy_install command is deprecated setup.py egg_info --egg-base ../../../build/competetion_bringup build --build-base /home/omar/amrws/build/competetion_bringup/build install --record /home/omar/amrws/build/competetion_bringup/install.log --install-scripts $base/lib/competetion_bringup --single-version-externally-managed install_data
