[0.054s] Invoking command in '/home/omar/amrws/build/srv_pkg': CMAKE_PREFIX_PATH=${CMAKE_PREFIX_PATH}:/opt/ros/jazzy DEBUGINFOD_URLS=https://debuginfod.ubuntu.com /usr/bin/cmake /home/omar/amrws/src/MIA_training_competion2026/srv_pkg -DCMAKE_INSTALL_PREFIX=/home/omar/amrws/install/srv_pkg
[1.116s] -- The C compiler identification is GNU 13.3.0
[1.920s] -- The CXX compiler identification is GNU 13.3.0
[2.012s] -- Detecting C compiler ABI info
[2.259s] -- Detecting C compiler ABI info - done
[2.275s] -- Check for working C compiler: /usr/bin/cc - skipped
[2.275s] -- Detecting C compile features
[2.276s] -- Detecting C compile features - done
[2.292s] -- Detecting CXX compiler ABI info
[2.450s] -- Detecting CXX compiler ABI info - done
[2.467s] -- Check for working CXX compiler: /usr/bin/c++ - skipped
[2.467s] -- Detecting CXX compile features
[2.468s] -- Detecting CXX compile features - done
[3.222s] -- Found ament_cmake: 2.5.6 (/opt/ros/jazzy/share/ament_cmake/cmake)
[3.879s] -- Found Python3: /usr/bin/python3 (found version "3.12.3") found components: Interpreter 
[4.313s] -- Found rosidl_default_generators: 1.6.1 (/opt/ros/jazzy/share/rosidl_default_generators/cmake)
[4.422s] -- Using all available rosidl_typesupport_c: rosidl_typesupport_fastrtps_c;rosidl_typesupport_introspection_c
[4.809s] -- Using all available rosidl_typesupport_cpp: rosidl_typesupport_fastrtps_cpp;rosidl_typesupport_introspection_cpp
[5.208s] -- Found rosidl_adapter: 4.6.9 (/opt/ros/jazzy/share/rosidl_adapter/cmake)
[5.260s] -- Found sensor_msgs: 5.3.8 (/opt/ros/jazzy/share/sensor_msgs/cmake)
[6.860s] -- Found ament_cmake_ros: 0.12.1 (/opt/ros/jazzy/share/ament_cmake_ros/cmake)
[7.881s] -- Using all available rosidl_typesupport_c: rosidl_typesupport_fastrtps_c;rosidl_typesupport_introspection_c
[9.119s] -- Using all available rosidl_typesupport_cpp: rosidl_typesupport_fastrtps_cpp;rosidl_typesupport_introspection_cpp
[9.150s] -- Found python_cmake_module: 0.11.1 (/opt/ros/jazzy/share/python_cmake_module/cmake)
[9.377s] -- Found PythonExtra: /usr/bin/python3  
[11.293s] -- Found Python3: /usr/bin/python3 (found version "3.12.3") found components: Interpreter Development NumPy Development.Module Development.Embed 
[11.545s] -- Found Python3: /usr/bin/python3 (found version "3.12.3") found components: Interpreter 
[11.580s] -- Found ament_lint_auto: 0.17.5 (/opt/ros/jazzy/share/ament_lint_auto/cmake)
[11.740s] -- Added test 'copyright' to check source files copyright and LICENSE
[11.744s] -- Added test 'flake8' to check Python code syntax and style conventions
[11.745s] -- Configured 'flake8' exclude dirs and/or files: 
[11.746s] -- Added test 'lint_cmake' to check CMake code style
[11.748s] -- Added test 'pep257' to check Python code against some of the docstring style conventions in PEP 257
[11.751s] -- Added test 'xmllint' to check XML markup files
[11.758s] -- Configuring done (11.6s)
[11.884s] -- Generating done (0.1s)
[11.907s] -- Build files have been written to: /home/omar/amrws/build/srv_pkg
[11.924s] Invoked command in '/home/omar/amrws/build/srv_pkg' returned '0': CMAKE_PREFIX_PATH=${CMAKE_PREFIX_PATH}:/opt/ros/jazzy DEBUGINFOD_URLS=https://debuginfod.ubuntu.com /usr/bin/cmake /home/omar/amrws/src/MIA_training_competion2026/srv_pkg -DCMAKE_INSTALL_PREFIX=/home/omar/amrws/install/srv_pkg
[11.926s] Invoking command in '/home/omar/amrws/build/srv_pkg': CMAKE_PREFIX_PATH=${CMAKE_PREFIX_PATH}:/opt/ros/jazzy DEBUGINFOD_URLS=https://debuginfod.ubuntu.com /usr/bin/cmake --build /home/omar/amrws/build/srv_pkg -- -j4 -l4
[12.020s] [  2%] [34m[1mGenerating type hashes for ROS interfaces[0m
[12.026s] [  5%] [34m[1mGenerating Rust code for ROS interfaces[0m
[12.039s] [  5%] Built target ament_cmake_python_copy_srv_pkg
[12.601s] [  5%] Built target srv_pkg__rosidl_generator_type_description
[12.635s] [  8%] [34m[1mGenerating C code for ROS interfaces[0m
[12.657s] [ 11%] [34m[1mGenerating C++ code for ROS interfaces[0m
[12.743s] running egg_info
[12.744s] creating srv_pkg.egg-info
[12.857s] writing srv_pkg.egg-info/PKG-INFO
[12.858s] writing dependency_links to srv_pkg.egg-info/dependency_links.txt
[12.858s] writing top-level names to srv_pkg.egg-info/top_level.txt
[12.858s] writing manifest file 'srv_pkg.egg-info/SOURCES.txt'
[12.884s] [ 11%] Built target srv_pkg__rs
[13.052s] reading manifest file 'srv_pkg.egg-info/SOURCES.txt'
[13.053s] writing manifest file 'srv_pkg.egg-info/SOURCES.txt'
[13.103s] [ 11%] Built target ament_cmake_python_build_srv_pkg_egg
[13.368s] [ 11%] Built target srv_pkg__cpp
[13.423s] [ 14%] [32mBuilding C object CMakeFiles/srv_pkg__rosidl_generator_c.dir/rosidl_generator_c/srv_pkg/srv/detail/send_img__functions.c.o[0m
[13.429s] [ 20%] [32mBuilding C object CMakeFiles/srv_pkg__rosidl_generator_c.dir/rosidl_generator_c/srv_pkg/srv/detail/send_img__description.c.o[0m
[13.429s] [ 20%] [32mBuilding C object CMakeFiles/srv_pkg__rosidl_generator_c.dir/rosidl_generator_c/srv_pkg/srv/detail/send_img__type_support.c.o[0m
[14.185s] [ 22%] [32m[1mLinking C shared library libsrv_pkg__rosidl_generator_c.so[0m
[14.387s] [ 22%] Built target srv_pkg__rosidl_generator_c
[14.413s] [ 25%] [34m[1mGenerating C introspection for ROS interfaces[0m
[14.415s] [ 28%] [34m[1mGenerating C type support dispatch for ROS interfaces[0m
[14.416s] [ 31%] [34m[1mGenerating C++ type support for eProsima Fast-RTPS[0m
[14.416s] [ 34%] [34m[1mGenerating C type support for eProsima Fast-RTPS[0m
[15.147s] [ 37%] [32mBuilding CXX object CMakeFiles/srv_pkg__rosidl_typesupport_c.dir/rosidl_typesupport_c/srv_pkg/srv/send_img__type_support.cpp.o[0m
[15.299s] [ 40%] [32mBuilding C object CMakeFiles/srv_pkg__rosidl_typesupport_introspection_c.dir/rosidl_typesupport_introspection_c/srv_pkg/srv/detail/send_img__type_support.c.o[0m
[15.358s] [ 42%] [32mBuilding CXX object CMakeFiles/srv_pkg__rosidl_typesupport_fastrtps_cpp.dir/rosidl_typesupport_fastrtps_cpp/srv_pkg/srv/detail/dds_fastrtps/send_img__type_support.cpp.o[0m
[15.369s] [ 45%] [32mBuilding CXX object CMakeFiles/srv_pkg__rosidl_typesupport_fastrtps_c.dir/rosidl_typesupport_fastrtps_c/srv_pkg/srv/detail/send_img__type_support_c.cpp.o[0m
[15.478s] [ 48%] [32m[1mLinking CXX shared library libsrv_pkg__rosidl_typesupport_c.so[0m
[15.482s] [ 51%] [32m[1mLinking C shared library libsrv_pkg__rosidl_typesupport_introspection_c.so[0m
[15.642s] [ 51%] Built target srv_pkg__rosidl_typesupport_c
[15.678s] [ 54%] [34m[1mGenerating C++ introspection for ROS interfaces[0m
[15.715s] [ 54%] Built target srv_pkg__rosidl_typesupport_introspection_c
[15.732s] [ 57%] [34m[1mGenerating C++ type support dispatch for ROS interfaces[0m
[16.447s] [ 60%] [32mBuilding CXX object CMakeFiles/srv_pkg__rosidl_typesupport_cpp.dir/rosidl_typesupport_cpp/srv_pkg/srv/send_img__type_support.cpp.o[0m
[16.500s] [ 62%] [32mBuilding CXX object CMakeFiles/srv_pkg__rosidl_typesupport_introspection_cpp.dir/rosidl_typesupport_introspection_cpp/srv_pkg/srv/detail/send_img__type_support.cpp.o[0m
[17.621s] [ 65%] [32m[1mLinking CXX shared library libsrv_pkg__rosidl_typesupport_cpp.so[0m
[17.627s] [ 68%] [32m[1mLinking CXX shared library libsrv_pkg__rosidl_typesupport_fastrtps_c.so[0m
[17.833s] [ 68%] Built target srv_pkg__rosidl_typesupport_cpp
[17.849s] [ 71%] [32m[1mLinking CXX shared library libsrv_pkg__rosidl_typesupport_introspection_cpp.so[0m
[17.872s] [ 71%] Built target srv_pkg__rosidl_typesupport_fastrtps_c
[17.960s] [ 74%] [32m[1mLinking CXX shared library libsrv_pkg__rosidl_typesupport_fastrtps_cpp.so[0m
[18.112s] [ 74%] Built target srv_pkg__rosidl_typesupport_introspection_cpp
[18.144s] [ 74%] Built target srv_pkg__rosidl_typesupport_fastrtps_cpp
[18.178s] [ 74%] Built target srv_pkg
[18.212s] [ 77%] [34m[1mGenerating Python code for ROS interfaces[0m
[18.821s] [ 77%] Built target srv_pkg__py
[18.855s] [ 80%] [32mBuilding C object CMakeFiles/srv_pkg__rosidl_generator_py.dir/rosidl_generator_py/srv_pkg/srv/_send_img_s.c.o[0m
[19.785s] [ 82%] [32m[1mLinking C shared library libsrv_pkg__rosidl_generator_py.so[0m
[19.951s] [ 82%] Built target srv_pkg__rosidl_generator_py
[19.988s] [ 85%] [32mBuilding C object CMakeFiles/srv_pkg_s__rosidl_typesupport_c.dir/rosidl_generator_py/srv_pkg/_srv_pkg_s.ep.rosidl_typesupport_c.c.o[0m
[20.001s] [ 91%] [32mBuilding C object CMakeFiles/srv_pkg_s__rosidl_typesupport_fastrtps_c.dir/rosidl_generator_py/srv_pkg/_srv_pkg_s.ep.rosidl_typesupport_fastrtps_c.c.o[0m
[20.001s] [ 91%] [32mBuilding C object CMakeFiles/srv_pkg_s__rosidl_typesupport_introspection_c.dir/rosidl_generator_py/srv_pkg/_srv_pkg_s.ep.rosidl_typesupport_introspection_c.c.o[0m
[20.182s] [ 94%] [32m[1mLinking C shared module rosidl_generator_py/srv_pkg/srv_pkg_s__rosidl_typesupport_c.so[0m
[20.238s] [ 94%] Built target srv_pkg_s__rosidl_typesupport_c
[20.299s] [ 97%] [32m[1mLinking C shared module rosidl_generator_py/srv_pkg/srv_pkg_s__rosidl_typesupport_introspection_c.so[0m
[20.304s] [100%] [32m[1mLinking C shared module rosidl_generator_py/srv_pkg/srv_pkg_s__rosidl_typesupport_fastrtps_c.so[0m
[20.356s] [100%] Built target srv_pkg_s__rosidl_typesupport_introspection_c
[20.363s] [100%] Built target srv_pkg_s__rosidl_typesupport_fastrtps_c
[20.382s] Invoked command in '/home/omar/amrws/build/srv_pkg' returned '0': CMAKE_PREFIX_PATH=${CMAKE_PREFIX_PATH}:/opt/ros/jazzy DEBUGINFOD_URLS=https://debuginfod.ubuntu.com /usr/bin/cmake --build /home/omar/amrws/build/srv_pkg -- -j4 -l4
[20.398s] Invoking command in '/home/omar/amrws/build/srv_pkg': CMAKE_PREFIX_PATH=${CMAKE_PREFIX_PATH}:/opt/ros/jazzy DEBUGINFOD_URLS=https://debuginfod.ubuntu.com /usr/bin/cmake --install /home/omar/amrws/build/srv_pkg
[20.412s] -- Install configuration: ""
[20.412s] -- Installing: /home/omar/amrws/install/srv_pkg/share/ament_index/resource_index/rosidl_interfaces/srv_pkg
[20.412s] -- Installing: /home/omar/amrws/install/srv_pkg/share/srv_pkg/srv/SendImg.json
[20.413s] -- Installing: /home/omar/amrws/install/srv_pkg/include/srv_pkg/srv_pkg
[20.413s] -- Installing: /home/omar/amrws/install/srv_pkg/include/srv_pkg/srv_pkg/msg
[20.413s] -- Installing: /home/omar/amrws/install/srv_pkg/include/srv_pkg/srv_pkg/msg/rosidl_generator_c__visibility_control.h
[20.414s] -- Installing: /home/omar/amrws/install/srv_pkg/include/srv_pkg/srv_pkg/srv
[20.414s] -- Installing: /home/omar/amrws/install/srv_pkg/include/srv_pkg/srv_pkg/srv/send_img.h
[20.414s] -- Installing: /home/omar/amrws/install/srv_pkg/include/srv_pkg/srv_pkg/srv/detail
[20.414s] -- Installing: /home/omar/amrws/install/srv_pkg/include/srv_pkg/srv_pkg/srv/detail/send_img__functions.c
[20.414s] -- Installing: /home/omar/amrws/install/srv_pkg/include/srv_pkg/srv_pkg/srv/detail/send_img__functions.h
[20.415s] -- Installing: /home/omar/amrws/install/srv_pkg/include/srv_pkg/srv_pkg/srv/detail/send_img__type_support.h
[20.415s] -- Installing: /home/omar/amrws/install/srv_pkg/include/srv_pkg/srv_pkg/srv/detail/send_img__description.c
[20.417s] -- Installing: /home/omar/amrws/install/srv_pkg/include/srv_pkg/srv_pkg/srv/detail/send_img__type_support.c
[20.418s] -- Installing: /home/omar/amrws/install/srv_pkg/include/srv_pkg/srv_pkg/srv/detail/send_img__struct.h
[20.418s] -- Installing: /home/omar/amrws/install/srv_pkg/share/srv_pkg/environment/library_path.sh
[20.418s] -- Installing: /home/omar/amrws/install/srv_pkg/share/srv_pkg/environment/library_path.dsv
[20.419s] -- Installing: /home/omar/amrws/install/srv_pkg/lib/libsrv_pkg__rosidl_generator_c.so
[20.419s] -- Set non-toolchain portion of runtime path of "/home/omar/amrws/install/srv_pkg/lib/libsrv_pkg__rosidl_generator_c.so" to ""
[20.419s] -- Up-to-date: /home/omar/amrws/install/srv_pkg/include/srv_pkg/srv_pkg
[20.420s] -- Up-to-date: /home/omar/amrws/install/srv_pkg/include/srv_pkg/srv_pkg/msg
[20.420s] -- Installing: /home/omar/amrws/install/srv_pkg/include/srv_pkg/srv_pkg/msg/rosidl_typesupport_fastrtps_c__visibility_control.h
[20.420s] -- Up-to-date: /home/omar/amrws/install/srv_pkg/include/srv_pkg/srv_pkg/srv
[20.421s] -- Up-to-date: /home/omar/amrws/install/srv_pkg/include/srv_pkg/srv_pkg/srv/detail
[20.421s] -- Installing: /home/omar/amrws/install/srv_pkg/include/srv_pkg/srv_pkg/srv/detail/send_img__rosidl_typesupport_fastrtps_c.h
[20.421s] -- Installing: /home/omar/amrws/install/srv_pkg/lib/libsrv_pkg__rosidl_typesupport_fastrtps_c.so
[20.422s] -- Set non-toolchain portion of runtime path of "/home/omar/amrws/install/srv_pkg/lib/libsrv_pkg__rosidl_typesupport_fastrtps_c.so" to ""
[20.422s] -- Up-to-date: /home/omar/amrws/install/srv_pkg/include/srv_pkg/srv_pkg
[20.422s] -- Up-to-date: /home/omar/amrws/install/srv_pkg/include/srv_pkg/srv_pkg/msg
[20.422s] -- Installing: /home/omar/amrws/install/srv_pkg/include/srv_pkg/srv_pkg/msg/rosidl_typesupport_introspection_c__visibility_control.h
[20.423s] -- Up-to-date: /home/omar/amrws/install/srv_pkg/include/srv_pkg/srv_pkg/srv
[20.423s] -- Up-to-date: /home/omar/amrws/install/srv_pkg/include/srv_pkg/srv_pkg/srv/detail
[20.423s] -- Installing: /home/omar/amrws/install/srv_pkg/include/srv_pkg/srv_pkg/srv/detail/send_img__rosidl_typesupport_introspection_c.h
[20.424s] -- Installing: /home/omar/amrws/install/srv_pkg/include/srv_pkg/srv_pkg/srv/detail/send_img__type_support.c
[20.424s] -- Installing: /home/omar/amrws/install/srv_pkg/lib/libsrv_pkg__rosidl_typesupport_introspection_c.so
[20.424s] -- Set non-toolchain portion of runtime path of "/home/omar/amrws/install/srv_pkg/lib/libsrv_pkg__rosidl_typesupport_introspection_c.so" to ""
[20.425s] -- Installing: /home/omar/amrws/install/srv_pkg/lib/libsrv_pkg__rosidl_typesupport_c.so
[20.425s] -- Set non-toolchain portion of runtime path of "/home/omar/amrws/install/srv_pkg/lib/libsrv_pkg__rosidl_typesupport_c.so" to ""
[20.425s] -- Up-to-date: /home/omar/amrws/install/srv_pkg/include/srv_pkg/srv_pkg
[20.426s] -- Up-to-date: /home/omar/amrws/install/srv_pkg/include/srv_pkg/srv_pkg/msg
[20.426s] -- Installing: /home/omar/amrws/install/srv_pkg/include/srv_pkg/srv_pkg/msg/rosidl_generator_cpp__visibility_control.hpp
[20.426s] -- Up-to-date: /home/omar/amrws/install/srv_pkg/include/srv_pkg/srv_pkg/srv
[20.427s] -- Installing: /home/omar/amrws/install/srv_pkg/include/srv_pkg/srv_pkg/srv/send_img.hpp
[20.427s] -- Up-to-date: /home/omar/amrws/install/srv_pkg/include/srv_pkg/srv_pkg/srv/detail
[20.427s] -- Installing: /home/omar/amrws/install/srv_pkg/include/srv_pkg/srv_pkg/srv/detail/send_img__type_support.hpp
[20.428s] -- Installing: /home/omar/amrws/install/srv_pkg/include/srv_pkg/srv_pkg/srv/detail/send_img__builder.hpp
[20.428s] -- Installing: /home/omar/amrws/install/srv_pkg/include/srv_pkg/srv_pkg/srv/detail/send_img__traits.hpp
[20.428s] -- Installing: /home/omar/amrws/install/srv_pkg/include/srv_pkg/srv_pkg/srv/detail/send_img__struct.hpp
[20.428s] -- Up-to-date: /home/omar/amrws/install/srv_pkg/include/srv_pkg/srv_pkg
[20.429s] -- Up-to-date: /home/omar/amrws/install/srv_pkg/include/srv_pkg/srv_pkg/msg
[20.429s] -- Installing: /home/omar/amrws/install/srv_pkg/include/srv_pkg/srv_pkg/msg/rosidl_typesupport_fastrtps_cpp__visibility_control.h
[20.429s] -- Up-to-date: /home/omar/amrws/install/srv_pkg/include/srv_pkg/srv_pkg/srv
[20.430s] -- Up-to-date: /home/omar/amrws/install/srv_pkg/include/srv_pkg/srv_pkg/srv/detail
[20.430s] -- Installing: /home/omar/amrws/install/srv_pkg/include/srv_pkg/srv_pkg/srv/detail/dds_fastrtps
[20.430s] -- Installing: /home/omar/amrws/install/srv_pkg/include/srv_pkg/srv_pkg/srv/detail/send_img__rosidl_typesupport_fastrtps_cpp.hpp
[20.431s] -- Installing: /home/omar/amrws/install/srv_pkg/lib/libsrv_pkg__rosidl_typesupport_fastrtps_cpp.so
[20.431s] -- Set non-toolchain portion of runtime path of "/home/omar/amrws/install/srv_pkg/lib/libsrv_pkg__rosidl_typesupport_fastrtps_cpp.so" to ""
[20.431s] -- Up-to-date: /home/omar/amrws/install/srv_pkg/include/srv_pkg/srv_pkg
[20.432s] -- Up-to-date: /home/omar/amrws/install/srv_pkg/include/srv_pkg/srv_pkg/srv
[20.432s] -- Up-to-date: /home/omar/amrws/install/srv_pkg/include/srv_pkg/srv_pkg/srv/detail
[20.432s] -- Installing: /home/omar/amrws/install/srv_pkg/include/srv_pkg/srv_pkg/srv/detail/send_img__type_support.cpp
[20.433s] -- Installing: /home/omar/amrws/install/srv_pkg/include/srv_pkg/srv_pkg/srv/detail/send_img__rosidl_typesupport_introspection_cpp.hpp
[20.433s] -- Installing: /home/omar/amrws/install/srv_pkg/lib/libsrv_pkg__rosidl_typesupport_introspection_cpp.so
[20.433s] -- Set non-toolchain portion of runtime path of "/home/omar/amrws/install/srv_pkg/lib/libsrv_pkg__rosidl_typesupport_introspection_cpp.so" to ""
[20.434s] -- Installing: /home/omar/amrws/install/srv_pkg/lib/libsrv_pkg__rosidl_typesupport_cpp.so
[20.434s] -- Set non-toolchain portion of runtime path of "/home/omar/amrws/install/srv_pkg/lib/libsrv_pkg__rosidl_typesupport_cpp.so" to ""
[20.434s] -- Installing: /home/omar/amrws/install/srv_pkg/share/srv_pkg/environment/pythonpath.sh
[20.435s] -- Installing: /home/omar/amrws/install/srv_pkg/share/srv_pkg/environment/pythonpath.dsv
[20.435s] -- Installing: /home/omar/amrws/install/srv_pkg/lib/python3.12/site-packages/srv_pkg-0.0.0-py3.12.egg-info
[20.435s] -- Installing: /home/omar/amrws/install/srv_pkg/lib/python3.12/site-packages/srv_pkg-0.0.0-py3.12.egg-info/dependency_links.txt
[20.435s] -- Installing: /home/omar/amrws/install/srv_pkg/lib/python3.12/site-packages/srv_pkg-0.0.0-py3.12.egg-info/PKG-INFO
[20.435s] -- Installing: /home/omar/amrws/install/srv_pkg/lib/python3.12/site-packages/srv_pkg-0.0.0-py3.12.egg-info/top_level.txt
[20.436s] -- Installing: /home/omar/amrws/install/srv_pkg/lib/python3.12/site-packages/srv_pkg-0.0.0-py3.12.egg-info/SOURCES.txt
[20.436s] -- Installing: /home/omar/amrws/install/srv_pkg/lib/python3.12/site-packages/srv_pkg
[20.436s] -- Installing: /home/omar/amrws/install/srv_pkg/lib/python3.12/site-packages/srv_pkg/srv_pkg_s__rosidl_typesupport_fastrtps_c.so
[20.436s] -- Installing: /home/omar/amrws/install/srv_pkg/lib/python3.12/site-packages/srv_pkg/srv_pkg_s__rosidl_typesupport_introspection_c.so
[20.436s] -- Installing: /home/omar/amrws/install/srv_pkg/lib/python3.12/site-packages/srv_pkg/__init__.py
[20.436s] -- Installing: /home/omar/amrws/install/srv_pkg/lib/python3.12/site-packages/srv_pkg/srv_pkg_s__rosidl_typesupport_c.so
[20.436s] -- Installing: /home/omar/amrws/install/srv_pkg/lib/python3.12/site-packages/srv_pkg/_srv_pkg_s.ep.rosidl_typesupport_introspection_c.c
[20.436s] -- Installing: /home/omar/amrws/install/srv_pkg/lib/python3.12/site-packages/srv_pkg/_srv_pkg_s.ep.rosidl_typesupport_fastrtps_c.c
[20.436s] -- Installing: /home/omar/amrws/install/srv_pkg/lib/python3.12/site-packages/srv_pkg/srv
[20.437s] -- Installing: /home/omar/amrws/install/srv_pkg/lib/python3.12/site-packages/srv_pkg/srv/_send_img_s.c
[20.437s] -- Installing: /home/omar/amrws/install/srv_pkg/lib/python3.12/site-packages/srv_pkg/srv/__init__.py
[20.437s] -- Installing: /home/omar/amrws/install/srv_pkg/lib/python3.12/site-packages/srv_pkg/srv/_send_img.py
[20.437s] -- Installing: /home/omar/amrws/install/srv_pkg/lib/python3.12/site-packages/srv_pkg/_srv_pkg_s.ep.rosidl_typesupport_c.c
[20.610s] Listing '/home/omar/amrws/install/srv_pkg/lib/python3.12/site-packages/srv_pkg'...
[20.610s] Compiling '/home/omar/amrws/install/srv_pkg/lib/python3.12/site-packages/srv_pkg/__init__.py'...
[20.610s] Listing '/home/omar/amrws/install/srv_pkg/lib/python3.12/site-packages/srv_pkg/srv'...
[20.611s] Compiling '/home/omar/amrws/install/srv_pkg/lib/python3.12/site-packages/srv_pkg/srv/__init__.py'...
[20.611s] Compiling '/home/omar/amrws/install/srv_pkg/lib/python3.12/site-packages/srv_pkg/srv/_send_img.py'...
[20.620s] -- Installing: /home/omar/amrws/install/srv_pkg/lib/python3.12/site-packages/srv_pkg/srv_pkg_s__rosidl_typesupport_fastrtps_c.so
[20.621s] -- Set non-toolchain portion of runtime path of "/home/omar/amrws/install/srv_pkg/lib/python3.12/site-packages/srv_pkg/srv_pkg_s__rosidl_typesupport_fastrtps_c.so" to ""
[20.621s] -- Installing: /home/omar/amrws/install/srv_pkg/lib/python3.12/site-packages/srv_pkg/srv_pkg_s__rosidl_typesupport_introspection_c.so
[20.622s] -- Set non-toolchain portion of runtime path of "/home/omar/amrws/install/srv_pkg/lib/python3.12/site-packages/srv_pkg/srv_pkg_s__rosidl_typesupport_introspection_c.so" to ""
[20.622s] -- Installing: /home/omar/amrws/install/srv_pkg/lib/python3.12/site-packages/srv_pkg/srv_pkg_s__rosidl_typesupport_c.so
[20.623s] -- Set non-toolchain portion of runtime path of "/home/omar/amrws/install/srv_pkg/lib/python3.12/site-packages/srv_pkg/srv_pkg_s__rosidl_typesupport_c.so" to ""
[20.623s] -- Installing: /home/omar/amrws/install/srv_pkg/lib/libsrv_pkg__rosidl_generator_py.so
[20.623s] -- Set non-toolchain portion of runtime path of "/home/omar/amrws/install/srv_pkg/lib/libsrv_pkg__rosidl_generator_py.so" to ""
[20.624s] -- Installing: /home/omar/amrws/install/srv_pkg/share/ament_index/resource_index/rust_packages/srv_pkg
[20.624s] -- Installing: /home/omar/amrws/install/srv_pkg/share/srv_pkg/rust
[20.624s] -- Installing: /home/omar/amrws/install/srv_pkg/share/srv_pkg/rust/Cargo.toml
[20.625s] -- Installing: /home/omar/amrws/install/srv_pkg/share/srv_pkg/rust/src
[20.625s] -- Installing: /home/omar/amrws/install/srv_pkg/share/srv_pkg/rust/src/lib.rs
[20.625s] -- Installing: /home/omar/amrws/install/srv_pkg/share/srv_pkg/rust/src/srv.rs
[20.625s] -- Installing: /home/omar/amrws/install/srv_pkg/share/srv_pkg/rust/src/srv
[20.625s] -- Installing: /home/omar/amrws/install/srv_pkg/share/srv_pkg/rust/src/srv/rmw.rs
[20.625s] -- Installing: /home/omar/amrws/install/srv_pkg/share/srv_pkg/rust/build.rs
[20.626s] -- Installing: /home/omar/amrws/install/srv_pkg/share/srv_pkg/srv/SendImg.idl
[20.626s] -- Installing: /home/omar/amrws/install/srv_pkg/share/srv_pkg/srv/SendImg.srv
[20.626s] -- Installing: /home/omar/amrws/install/srv_pkg/share/ament_index/resource_index/package_run_dependencies/srv_pkg
[20.626s] -- Installing: /home/omar/amrws/install/srv_pkg/share/ament_index/resource_index/parent_prefix_path/srv_pkg
[20.626s] -- Installing: /home/omar/amrws/install/srv_pkg/share/srv_pkg/environment/ament_prefix_path.sh
[20.626s] -- Installing: /home/omar/amrws/install/srv_pkg/share/srv_pkg/environment/ament_prefix_path.dsv
[20.627s] -- Installing: /home/omar/amrws/install/srv_pkg/share/srv_pkg/environment/path.sh
[20.627s] -- Installing: /home/omar/amrws/install/srv_pkg/share/srv_pkg/environment/path.dsv
[20.628s] -- Installing: /home/omar/amrws/install/srv_pkg/share/srv_pkg/local_setup.bash
[20.628s] -- Installing: /home/omar/amrws/install/srv_pkg/share/srv_pkg/local_setup.sh
[20.628s] -- Installing: /home/omar/amrws/install/srv_pkg/share/srv_pkg/local_setup.zsh
[20.629s] -- Installing: /home/omar/amrws/install/srv_pkg/share/srv_pkg/local_setup.dsv
[20.629s] -- Installing: /home/omar/amrws/install/srv_pkg/share/srv_pkg/package.dsv
[20.629s] -- Installing: /home/omar/amrws/install/srv_pkg/share/ament_index/resource_index/packages/srv_pkg
[20.630s] -- Installing: /home/omar/amrws/install/srv_pkg/share/srv_pkg/cmake/export_srv_pkg__rosidl_generator_cExport.cmake
[20.630s] -- Installing: /home/omar/amrws/install/srv_pkg/share/srv_pkg/cmake/export_srv_pkg__rosidl_generator_cExport-noconfig.cmake
[20.630s] -- Installing: /home/omar/amrws/install/srv_pkg/share/srv_pkg/cmake/export_srv_pkg__rosidl_typesupport_fastrtps_cExport.cmake
[20.630s] -- Installing: /home/omar/amrws/install/srv_pkg/share/srv_pkg/cmake/export_srv_pkg__rosidl_typesupport_fastrtps_cExport-noconfig.cmake
[20.631s] -- Installing: /home/omar/amrws/install/srv_pkg/share/srv_pkg/cmake/srv_pkg__rosidl_typesupport_introspection_cExport.cmake
[20.631s] -- Installing: /home/omar/amrws/install/srv_pkg/share/srv_pkg/cmake/srv_pkg__rosidl_typesupport_introspection_cExport-noconfig.cmake
[20.631s] -- Installing: /home/omar/amrws/install/srv_pkg/share/srv_pkg/cmake/srv_pkg__rosidl_typesupport_cExport.cmake
[20.631s] -- Installing: /home/omar/amrws/install/srv_pkg/share/srv_pkg/cmake/srv_pkg__rosidl_typesupport_cExport-noconfig.cmake
[20.632s] -- Installing: /home/omar/amrws/install/srv_pkg/share/srv_pkg/cmake/export_srv_pkg__rosidl_generator_cppExport.cmake
[20.632s] -- Installing: /home/omar/amrws/install/srv_pkg/share/srv_pkg/cmake/export_srv_pkg__rosidl_typesupport_fastrtps_cppExport.cmake
[20.632s] -- Installing: /home/omar/amrws/install/srv_pkg/share/srv_pkg/cmake/export_srv_pkg__rosidl_typesupport_fastrtps_cppExport-noconfig.cmake
[20.632s] -- Installing: /home/omar/amrws/install/srv_pkg/share/srv_pkg/cmake/srv_pkg__rosidl_typesupport_introspection_cppExport.cmake
[20.633s] -- Installing: /home/omar/amrws/install/srv_pkg/share/srv_pkg/cmake/srv_pkg__rosidl_typesupport_introspection_cppExport-noconfig.cmake
[20.633s] -- Installing: /home/omar/amrws/install/srv_pkg/share/srv_pkg/cmake/srv_pkg__rosidl_typesupport_cppExport.cmake
[20.633s] -- Installing: /home/omar/amrws/install/srv_pkg/share/srv_pkg/cmake/srv_pkg__rosidl_typesupport_cppExport-noconfig.cmake
[20.633s] -- Installing: /home/omar/amrws/install/srv_pkg/share/srv_pkg/cmake/export_srv_pkg__rosidl_generator_pyExport.cmake
[20.634s] -- Installing: /home/omar/amrws/install/srv_pkg/share/srv_pkg/cmake/export_srv_pkg__rosidl_generator_pyExport-noconfig.cmake
[20.634s] -- Installing: /home/omar/amrws/install/srv_pkg/share/srv_pkg/cmake/rosidl_cmake-extras.cmake
[20.634s] -- Installing: /home/omar/amrws/install/srv_pkg/share/srv_pkg/cmake/ament_cmake_export_dependencies-extras.cmake
[20.634s] -- Installing: /home/omar/amrws/install/srv_pkg/share/srv_pkg/cmake/ament_cmake_export_include_directories-extras.cmake
[20.635s] -- Installing: /home/omar/amrws/install/srv_pkg/share/srv_pkg/cmake/ament_cmake_export_libraries-extras.cmake
[20.635s] -- Installing: /home/omar/amrws/install/srv_pkg/share/srv_pkg/cmake/ament_cmake_export_targets-extras.cmake
[20.635s] -- Installing: /home/omar/amrws/install/srv_pkg/share/srv_pkg/cmake/rosidl_cmake_export_typesupport_targets-extras.cmake
[20.635s] -- Installing: /home/omar/amrws/install/srv_pkg/share/srv_pkg/cmake/rosidl_cmake_export_typesupport_libraries-extras.cmake
[20.636s] -- Installing: /home/omar/amrws/install/srv_pkg/share/srv_pkg/cmake/rosidl_cmake_aggregate_target-extras.cmake
[20.636s] -- Installing: /home/omar/amrws/install/srv_pkg/share/srv_pkg/cmake/srv_pkgConfig.cmake
[20.636s] -- Installing: /home/omar/amrws/install/srv_pkg/share/srv_pkg/cmake/srv_pkgConfig-version.cmake
[20.636s] -- Installing: /home/omar/amrws/install/srv_pkg/share/srv_pkg/package.xml
[20.641s] Invoked command in '/home/omar/amrws/build/srv_pkg' returned '0': CMAKE_PREFIX_PATH=${CMAKE_PREFIX_PATH}:/opt/ros/jazzy DEBUGINFOD_URLS=https://debuginfod.ubuntu.com /usr/bin/cmake --install /home/omar/amrws/build/srv_pkg
