[0.210s] DEBUG:colcon:Command line arguments: ['/usr/bin/colcon', 'build']
[0.210s] DEBUG:colcon:Parsed command line arguments: Namespace(log_base=None, log_level=None, verb_name='build', build_base='build', install_base='install', merge_install=False, symlink_install=False, test_result_base=None, continue_on_error=False, executor='parallel', parallel_workers=4, event_handlers=None, ignore_user_meta=False, metas=['./colcon.meta'], base_paths=['.'], packages_ignore=None, packages_ignore_regex=None, paths=None, packages_up_to=None, packages_up_to_regex=None, packages_above=None, packages_above_and_dependencies=None, packages_above_depth=None, packages_select_by_dep=None, packages_skip_by_dep=None, packages_skip_up_to=None, packages_select_build_failed=False, packages_skip_build_finished=False, packages_select_test_failures=False, packages_skip_test_passed=False, packages_select=None, packages_skip=None, packages_select_regex=None, packages_skip_regex=None, packages_start=None, packages_end=None, allow_overriding=[], cmake_args=None, cmake_target=None, cmake_target_skip_unavailable=False, cmake_clean_cache=False, cmake_clean_first=False, cmake_force_configure=False, ament_cmake_args=None, catkin_cmake_args=None, catkin_skip_building_tests=False, mixin_files=None, mixin=None, verb_parser=<colcon_mixin.mixin.mixin_argument.MixinArgumentDecorator object at 0x780da9ff51f0>, verb_extension=<colcon_core.verb.build.BuildVerb object at 0x780da9ff4f20>, main=<bound method BuildVerb.main of <colcon_core.verb.build.BuildVerb object at 0x780da9ff4f20>>, mixin_verb=('build',))
[0.273s] Level 1:colcon.colcon_core.package_discovery:discover_packages(colcon_meta) check parameters
[0.273s] Level 1:colcon.colcon_core.package_discovery:discover_packages(recursive) check parameters
[0.273s] Level 1:colcon.colcon_core.package_discovery:discover_packages(ignore) check parameters
[0.273s] Level 1:colcon.colcon_core.package_discovery:discover_packages(path) check parameters
[0.273s] Level 1:colcon.colcon_core.package_discovery:discover_packages(colcon_meta) discover
[0.273s] Level 1:colcon.colcon_core.package_discovery:discover_packages(recursive) discover
[0.274s] INFO:colcon.colcon_core.package_discovery:Crawling recursively for packages in '/home/omar/amrws'
[0.274s] Level 1:colcon.colcon_core.package_identification:_identify(.) by extensions ['ignore', 'ignore_ament_install']
[0.274s] Level 1:colcon.colcon_core.package_identification:_identify(.) by extension 'ignore'
[0.274s] Level 1:colcon.colcon_core.package_identification:_identify(.) by extension 'ignore_ament_install'
[0.274s] Level 1:colcon.colcon_core.package_identification:_identify(.) by extensions ['colcon_pkg']
[0.274s] Level 1:colcon.colcon_core.package_identification:_identify(.) by extension 'colcon_pkg'
[0.274s] Level 1:colcon.colcon_core.package_identification:_identify(.) by extensions ['colcon_meta']
[0.274s] Level 1:colcon.colcon_core.package_identification:_identify(.) by extension 'colcon_meta'
[0.274s] Level 1:colcon.colcon_core.package_identification:_identify(.) by extensions ['ros']
[0.274s] Level 1:colcon.colcon_core.package_identification:_identify(.) by extension 'ros'
[0.315s] Level 1:colcon.colcon_core.package_identification:_identify(.) by extensions ['cmake', 'python']
[0.315s] Level 1:colcon.colcon_core.package_identification:_identify(.) by extension 'cmake'
[0.315s] Level 1:colcon.colcon_core.package_identification:_identify(.) by extension 'python'
[0.315s] Level 1:colcon.colcon_core.package_identification:_identify(.) by extensions ['python_setup_py']
[0.315s] Level 1:colcon.colcon_core.package_identification:_identify(.) by extension 'python_setup_py'
[0.315s] Level 1:colcon.colcon_core.package_identification:_identify(build) by extensions ['ignore', 'ignore_ament_install']
[0.315s] Level 1:colcon.colcon_core.package_identification:_identify(build) by extension 'ignore'
[0.315s] Level 1:colcon.colcon_core.package_identification:_identify(build) ignored
[0.315s] Level 1:colcon.colcon_core.package_identification:_identify(install) by extensions ['ignore', 'ignore_ament_install']
[0.316s] Level 1:colcon.colcon_core.package_identification:_identify(install) by extension 'ignore'
[0.316s] Level 1:colcon.colcon_core.package_identification:_identify(install) ignored
[0.316s] Level 1:colcon.colcon_core.package_identification:_identify(log) by extensions ['ignore', 'ignore_ament_install']
[0.316s] Level 1:colcon.colcon_core.package_identification:_identify(log) by extension 'ignore'
[0.316s] Level 1:colcon.colcon_core.package_identification:_identify(log) ignored
[0.316s] Level 1:colcon.colcon_core.package_identification:_identify(src) by extensions ['ignore', 'ignore_ament_install']
[0.316s] Level 1:colcon.colcon_core.package_identification:_identify(src) by extension 'ignore'
[0.316s] Level 1:colcon.colcon_core.package_identification:_identify(src) by extension 'ignore_ament_install'
[0.316s] Level 1:colcon.colcon_core.package_identification:_identify(src) by extensions ['colcon_pkg']
[0.316s] Level 1:colcon.colcon_core.package_identification:_identify(src) by extension 'colcon_pkg'
[0.317s] Level 1:colcon.colcon_core.package_identification:_identify(src) by extensions ['colcon_meta']
[0.317s] Level 1:colcon.colcon_core.package_identification:_identify(src) by extension 'colcon_meta'
[0.317s] Level 1:colcon.colcon_core.package_identification:_identify(src) by extensions ['ros']
[0.317s] Level 1:colcon.colcon_core.package_identification:_identify(src) by extension 'ros'
[0.317s] Level 1:colcon.colcon_core.package_identification:_identify(src) by extensions ['cmake', 'python']
[0.317s] Level 1:colcon.colcon_core.package_identification:_identify(src) by extension 'cmake'
[0.317s] Level 1:colcon.colcon_core.package_identification:_identify(src) by extension 'python'
[0.317s] Level 1:colcon.colcon_core.package_identification:_identify(src) by extensions ['python_setup_py']
[0.317s] Level 1:colcon.colcon_core.package_identification:_identify(src) by extension 'python_setup_py'
[0.317s] Level 1:colcon.colcon_core.package_identification:_identify(src/MIA_training_competion2026) by extensions ['ignore', 'ignore_ament_install']
[0.317s] Level 1:colcon.colcon_core.package_identification:_identify(src/MIA_training_competion2026) by extension 'ignore'
[0.317s] Level 1:colcon.colcon_core.package_identification:_identify(src/MIA_training_competion2026) by extension 'ignore_ament_install'
[0.318s] Level 1:colcon.colcon_core.package_identification:_identify(src/MIA_training_competion2026) by extensions ['colcon_pkg']
[0.318s] Level 1:colcon.colcon_core.package_identification:_identify(src/MIA_training_competion2026) by extension 'colcon_pkg'
[0.318s] Level 1:colcon.colcon_core.package_identification:_identify(src/MIA_training_competion2026) by extensions ['colcon_meta']
[0.318s] Level 1:colcon.colcon_core.package_identification:_identify(src/MIA_training_competion2026) by extension 'colcon_meta'
[0.318s] Level 1:colcon.colcon_core.package_identification:_identify(src/MIA_training_competion2026) by extensions ['ros']
[0.318s] Level 1:colcon.colcon_core.package_identification:_identify(src/MIA_training_competion2026) by extension 'ros'
[0.318s] Level 1:colcon.colcon_core.package_identification:_identify(src/MIA_training_competion2026) by extensions ['cmake', 'python']
[0.318s] Level 1:colcon.colcon_core.package_identification:_identify(src/MIA_training_competion2026) by extension 'cmake'
[0.318s] Level 1:colcon.colcon_core.package_identification:_identify(src/MIA_training_competion2026) by extension 'python'
[0.318s] Level 1:colcon.colcon_core.package_identification:_identify(src/MIA_training_competion2026) by extensions ['python_setup_py']
[0.318s] Level 1:colcon.colcon_core.package_identification:_identify(src/MIA_training_competion2026) by extension 'python_setup_py'
[0.318s] Level 1:colcon.colcon_core.package_identification:_identify(src/MIA_training_competion2026/camera_drivers) by extensions ['ignore', 'ignore_ament_install']
[0.318s] Level 1:colcon.colcon_core.package_identification:_identify(src/MIA_training_competion2026/camera_drivers) by extension 'ignore'
[0.318s] Level 1:colcon.colcon_core.package_identification:_identify(src/MIA_training_competion2026/camera_drivers) by extension 'ignore_ament_install'
[0.319s] Level 1:colcon.colcon_core.package_identification:_identify(src/MIA_training_competion2026/camera_drivers) by extensions ['colcon_pkg']
[0.319s] Level 1:colcon.colcon_core.package_identification:_identify(src/MIA_training_competion2026/camera_drivers) by extension 'colcon_pkg'
[0.319s] Level 1:colcon.colcon_core.package_identification:_identify(src/MIA_training_competion2026/camera_drivers) by extensions ['colcon_meta']
[0.319s] Level 1:colcon.colcon_core.package_identification:_identify(src/MIA_training_competion2026/camera_drivers) by extension 'colcon_meta'
[0.319s] Level 1:colcon.colcon_core.package_identification:_identify(src/MIA_training_competion2026/camera_drivers) by extensions ['ros']
[0.319s] Level 1:colcon.colcon_core.package_identification:_identify(src/MIA_training_competion2026/camera_drivers) by extension 'ros'
[0.322s] DEBUG:colcon.colcon_core.package_identification:Package 'src/MIA_training_competion2026/camera_drivers' with type 'ros.ament_python' and name 'camera_drivers'
[0.322s] Level 1:colcon.colcon_core.package_identification:_identify(src/MIA_training_competion2026/competetion_bringup) by extensions ['ignore', 'ignore_ament_install']
[0.323s] Level 1:colcon.colcon_core.package_identification:_identify(src/MIA_training_competion2026/competetion_bringup) by extension 'ignore'
[0.323s] Level 1:colcon.colcon_core.package_identification:_identify(src/MIA_training_competion2026/competetion_bringup) by extension 'ignore_ament_install'
[0.323s] Level 1:colcon.colcon_core.package_identification:_identify(src/MIA_training_competion2026/competetion_bringup) by extensions ['colcon_pkg']
[0.323s] Level 1:colcon.colcon_core.package_identification:_identify(src/MIA_training_competion2026/competetion_bringup) by extension 'colcon_pkg'
[0.323s] Level 1:colcon.colcon_core.package_identification:_identify(src/MIA_training_competion2026/competetion_bringup) by extensions ['colcon_meta']
[0.323s] Level 1:colcon.colcon_core.package_identification:_identify(src/MIA_training_competion2026/competetion_bringup) by extension 'colcon_meta'
[0.323s] Level 1:colcon.colcon_core.package_identification:_identify(src/MIA_training_competion2026/competetion_bringup) by extensions ['ros']
[0.323s] Level 1:colcon.colcon_core.package_identification:_identify(src/MIA_training_competion2026/competetion_bringup) by extension 'ros'
[0.324s] DEBUG:colcon.colcon_core.package_identification:Package 'src/MIA_training_competion2026/competetion_bringup' with type 'ros.ament_python' and name 'competetion_bringup'
[0.324s] Level 1:colcon.colcon_core.package_identification:_identify(src/MIA_training_competion2026/robot_kinematics_pkg) by extensions ['ignore', 'ignore_ament_install']
[0.324s] Level 1:colcon.colcon_core.package_identification:_identify(src/MIA_training_competion2026/robot_kinematics_pkg) by extension 'ignore'
[0.324s] Level 1:colcon.colcon_core.package_identification:_identify(src/MIA_training_competion2026/robot_kinematics_pkg) by extension 'ignore_ament_install'
[0.324s] Level 1:colcon.colcon_core.package_identification:_identify(src/MIA_training_competion2026/robot_kinematics_pkg) by extensions ['colcon_pkg']
[0.324s] Level 1:colcon.colcon_core.package_identification:_identify(src/MIA_training_competion2026/robot_kinematics_pkg) by extension 'colcon_pkg'
[0.324s] Level 1:colcon.colcon_core.package_identification:_identify(src/MIA_training_competion2026/robot_kinematics_pkg) by extensions ['colcon_meta']
[0.324s] Level 1:colcon.colcon_core.package_identification:_identify(src/MIA_training_competion2026/robot_kinematics_pkg) by extension 'colcon_meta'
[0.325s] Level 1:colcon.colcon_core.package_identification:_identify(src/MIA_training_competion2026/robot_kinematics_pkg) by extensions ['ros']
[0.325s] Level 1:colcon.colcon_core.package_identification:_identify(src/MIA_training_competion2026/robot_kinematics_pkg) by extension 'ros'
[0.326s] DEBUG:colcon.colcon_core.package_identification:Package 'src/MIA_training_competion2026/robot_kinematics_pkg' with type 'ros.ament_python' and name 'robot_kinematics_pkg'
[0.326s] Level 1:colcon.colcon_core.package_identification:_identify(src/MIA_training_competion2026/srv_pkg) by extensions ['ignore', 'ignore_ament_install']
[0.326s] Level 1:colcon.colcon_core.package_identification:_identify(src/MIA_training_competion2026/srv_pkg) by extension 'ignore'
[0.326s] Level 1:colcon.colcon_core.package_identification:_identify(src/MIA_training_competion2026/srv_pkg) by extension 'ignore_ament_install'
[0.326s] Level 1:colcon.colcon_core.package_identification:_identify(src/MIA_training_competion2026/srv_pkg) by extensions ['colcon_pkg']
[0.326s] Level 1:colcon.colcon_core.package_identification:_identify(src/MIA_training_competion2026/srv_pkg) by extension 'colcon_pkg'
[0.326s] Level 1:colcon.colcon_core.package_identification:_identify(src/MIA_training_competion2026/srv_pkg) by extensions ['colcon_meta']
[0.326s] Level 1:colcon.colcon_core.package_identification:_identify(src/MIA_training_competion2026/srv_pkg) by extension 'colcon_meta'
[0.326s] Level 1:colcon.colcon_core.package_identification:_identify(src/MIA_training_competion2026/srv_pkg) by extensions ['ros']
[0.326s] Level 1:colcon.colcon_core.package_identification:_identify(src/MIA_training_competion2026/srv_pkg) by extension 'ros'
[0.327s] DEBUG:colcon.colcon_core.package_identification:Package 'src/MIA_training_competion2026/srv_pkg' with type 'ros.ament_cmake' and name 'srv_pkg'
[0.327s] Level 1:colcon.colcon_core.package_identification:_identify(src/amr_khaled) by extensions ['ignore', 'ignore_ament_install']
[0.327s] Level 1:colcon.colcon_core.package_identification:_identify(src/amr_khaled) by extension 'ignore'
[0.327s] Level 1:colcon.colcon_core.package_identification:_identify(src/amr_khaled) by extension 'ignore_ament_install'
[0.328s] Level 1:colcon.colcon_core.package_identification:_identify(src/amr_khaled) by extensions ['colcon_pkg']
[0.328s] Level 1:colcon.colcon_core.package_identification:_identify(src/amr_khaled) by extension 'colcon_pkg'
[0.328s] Level 1:colcon.colcon_core.package_identification:_identify(src/amr_khaled) by extensions ['colcon_meta']
[0.328s] Level 1:colcon.colcon_core.package_identification:_identify(src/amr_khaled) by extension 'colcon_meta'
[0.328s] Level 1:colcon.colcon_core.package_identification:_identify(src/amr_khaled) by extensions ['ros']
[0.328s] Level 1:colcon.colcon_core.package_identification:_identify(src/amr_khaled) by extension 'ros'
[0.329s] DEBUG:colcon.colcon_core.package_identification:Package 'src/amr_khaled' with type 'ros.ament_python' and name 'amr_khaled'
[0.329s] Level 1:colcon.colcon_core.package_discovery:discover_packages(recursive) using defaults
[0.329s] Level 1:colcon.colcon_core.package_discovery:discover_packages(ignore) discover
[0.329s] Level 1:colcon.colcon_core.package_discovery:discover_packages(ignore) using defaults
[0.329s] Level 1:colcon.colcon_core.package_discovery:discover_packages(path) discover
[0.329s] Level 1:colcon.colcon_core.package_discovery:discover_packages(path) using defaults
[0.359s] Level 1:colcon.colcon_core.package_discovery:discover_packages(prefix_path) check parameters
[0.359s] Level 1:colcon.colcon_core.package_discovery:discover_packages(prefix_path) discover
[0.363s] DEBUG:colcon.colcon_installed_package_information.package_discovery:Found 5 installed packages in /home/omar/amrws/install
[0.363s] DEBUG:colcon.colcon_installed_package_information.package_discovery:Found 3 installed packages in /home/omar/microros_ws/install
[0.366s] DEBUG:colcon.colcon_installed_package_information.package_discovery:Found 405 installed packages in /opt/ros/jazzy
[0.368s] Level 1:colcon.colcon_core.package_discovery:discover_packages(prefix_path) using defaults
[0.463s] Level 5:colcon.colcon_core.verb:set package 'amr_khaled' build argument 'cmake_args' from command line to 'None'
[0.463s] Level 5:colcon.colcon_core.verb:set package 'amr_khaled' build argument 'cmake_target' from command line to 'None'
[0.463s] Level 5:colcon.colcon_core.verb:set package 'amr_khaled' build argument 'cmake_target_skip_unavailable' from command line to 'False'
[0.463s] Level 5:colcon.colcon_core.verb:set package 'amr_khaled' build argument 'cmake_clean_cache' from command line to 'False'
[0.463s] Level 5:colcon.colcon_core.verb:set package 'amr_khaled' build argument 'cmake_clean_first' from command line to 'False'
[0.463s] Level 5:colcon.colcon_core.verb:set package 'amr_khaled' build argument 'cmake_force_configure' from command line to 'False'
[0.463s] Level 5:colcon.colcon_core.verb:set package 'amr_khaled' build argument 'ament_cmake_args' from command line to 'None'
[0.463s] Level 5:colcon.colcon_core.verb:set package 'amr_khaled' build argument 'catkin_cmake_args' from command line to 'None'
[0.463s] Level 5:colcon.colcon_core.verb:set package 'amr_khaled' build argument 'catkin_skip_building_tests' from command line to 'False'
[0.463s] DEBUG:colcon.colcon_core.verb:Building package 'amr_khaled' with the following arguments: {'ament_cmake_args': None, 'build_base': '/home/omar/amrws/build/amr_khaled', 'catkin_cmake_args': None, 'catkin_skip_building_tests': False, 'cmake_args': None, 'cmake_clean_cache': False, 'cmake_clean_first': False, 'cmake_force_configure': False, 'cmake_target': None, 'cmake_target_skip_unavailable': False, 'install_base': '/home/omar/amrws/install/amr_khaled', 'merge_install': False, 'path': '/home/omar/amrws/src/amr_khaled', 'symlink_install': False, 'test_result_base': None}
[0.464s] Level 5:colcon.colcon_core.verb:set package 'camera_drivers' build argument 'cmake_args' from command line to 'None'
[0.464s] Level 5:colcon.colcon_core.verb:set package 'camera_drivers' build argument 'cmake_target' from command line to 'None'
[0.464s] Level 5:colcon.colcon_core.verb:set package 'camera_drivers' build argument 'cmake_target_skip_unavailable' from command line to 'False'
[0.464s] Level 5:colcon.colcon_core.verb:set package 'camera_drivers' build argument 'cmake_clean_cache' from command line to 'False'
[0.464s] Level 5:colcon.colcon_core.verb:set package 'camera_drivers' build argument 'cmake_clean_first' from command line to 'False'
[0.464s] Level 5:colcon.colcon_core.verb:set package 'camera_drivers' build argument 'cmake_force_configure' from command line to 'False'
[0.464s] Level 5:colcon.colcon_core.verb:set package 'camera_drivers' build argument 'ament_cmake_args' from command line to 'None'
[0.464s] Level 5:colcon.colcon_core.verb:set package 'camera_drivers' build argument 'catkin_cmake_args' from command line to 'None'
[0.464s] Level 5:colcon.colcon_core.verb:set package 'camera_drivers' build argument 'catkin_skip_building_tests' from command line to 'False'
[0.464s] DEBUG:colcon.colcon_core.verb:Building package 'camera_drivers' with the following arguments: {'ament_cmake_args': None, 'build_base': '/home/omar/amrws/build/camera_drivers', 'catkin_cmake_args': None, 'catkin_skip_building_tests': False, 'cmake_args': None, 'cmake_clean_cache': False, 'cmake_clean_first': False, 'cmake_force_configure': False, 'cmake_target': None, 'cmake_target_skip_unavailable': False, 'install_base': '/home/omar/amrws/install/camera_drivers', 'merge_install': False, 'path': '/home/omar/amrws/src/MIA_training_competion2026/camera_drivers', 'symlink_install': False, 'test_result_base': None}
[0.465s] Level 5:colcon.colcon_core.verb:set package 'competetion_bringup' build argument 'cmake_args' from command line to 'None'
[0.465s] Level 5:colcon.colcon_core.verb:set package 'competetion_bringup' build argument 'cmake_target' from command line to 'None'
[0.465s] Level 5:colcon.colcon_core.verb:set package 'competetion_bringup' build argument 'cmake_target_skip_unavailable' from command line to 'False'
[0.465s] Level 5:colcon.colcon_core.verb:set package 'competetion_bringup' build argument 'cmake_clean_cache' from command line to 'False'
[0.465s] Level 5:colcon.colcon_core.verb:set package 'competetion_bringup' build argument 'cmake_clean_first' from command line to 'False'
[0.465s] Level 5:colcon.colcon_core.verb:set package 'competetion_bringup' build argument 'cmake_force_configure' from command line to 'False'
[0.465s] Level 5:colcon.colcon_core.verb:set package 'competetion_bringup' build argument 'ament_cmake_args' from command line to 'None'
[0.465s] Level 5:colcon.colcon_core.verb:set package 'competetion_bringup' build argument 'catkin_cmake_args' from command line to 'None'
[0.466s] Level 5:colcon.colcon_core.verb:set package 'competetion_bringup' build argument 'catkin_skip_building_tests' from command line to 'False'
[0.466s] DEBUG:colcon.colcon_core.verb:Building package 'competetion_bringup' with the following arguments: {'ament_cmake_args': None, 'build_base': '/home/omar/amrws/build/competetion_bringup', 'catkin_cmake_args': None, 'catkin_skip_building_tests': False, 'cmake_args': None, 'cmake_clean_cache': False, 'cmake_clean_first': False, 'cmake_force_configure': False, 'cmake_target': None, 'cmake_target_skip_unavailable': False, 'install_base': '/home/omar/amrws/install/competetion_bringup', 'merge_install': False, 'path': '/home/omar/amrws/src/MIA_training_competion2026/competetion_bringup', 'symlink_install': False, 'test_result_base': None}
[0.466s] Level 5:colcon.colcon_core.verb:set package 'robot_kinematics_pkg' build argument 'cmake_args' from command line to 'None'
[0.466s] Level 5:colcon.colcon_core.verb:set package 'robot_kinematics_pkg' build argument 'cmake_target' from command line to 'None'
[0.466s] Level 5:colcon.colcon_core.verb:set package 'robot_kinematics_pkg' build argument 'cmake_target_skip_unavailable' from command line to 'False'
[0.466s] Level 5:colcon.colcon_core.verb:set package 'robot_kinematics_pkg' build argument 'cmake_clean_cache' from command line to 'False'
[0.467s] Level 5:colcon.colcon_core.verb:set package 'robot_kinematics_pkg' build argument 'cmake_clean_first' from command line to 'False'
[0.467s] Level 5:colcon.colcon_core.verb:set package 'robot_kinematics_pkg' build argument 'cmake_force_configure' from command line to 'False'
[0.467s] Level 5:colcon.colcon_core.verb:set package 'robot_kinematics_pkg' build argument 'ament_cmake_args' from command line to 'None'
[0.467s] Level 5:colcon.colcon_core.verb:set package 'robot_kinematics_pkg' build argument 'catkin_cmake_args' from command line to 'None'
[0.467s] Level 5:colcon.colcon_core.verb:set package 'robot_kinematics_pkg' build argument 'catkin_skip_building_tests' from command line to 'False'
[0.467s] DEBUG:colcon.colcon_core.verb:Building package 'robot_kinematics_pkg' with the following arguments: {'ament_cmake_args': None, 'build_base': '/home/omar/amrws/build/robot_kinematics_pkg', 'catkin_cmake_args': None, 'catkin_skip_building_tests': False, 'cmake_args': None, 'cmake_clean_cache': False, 'cmake_clean_first': False, 'cmake_force_configure': False, 'cmake_target': None, 'cmake_target_skip_unavailable': False, 'install_base': '/home/omar/amrws/install/robot_kinematics_pkg', 'merge_install': False, 'path': '/home/omar/amrws/src/MIA_training_competion2026/robot_kinematics_pkg', 'symlink_install': False, 'test_result_base': None}
[0.467s] Level 5:colcon.colcon_core.verb:set package 'srv_pkg' build argument 'cmake_args' from command line to 'None'
[0.467s] Level 5:colcon.colcon_core.verb:set package 'srv_pkg' build argument 'cmake_target' from command line to 'None'
[0.467s] Level 5:colcon.colcon_core.verb:set package 'srv_pkg' build argument 'cmake_target_skip_unavailable' from command line to 'False'
[0.467s] Level 5:colcon.colcon_core.verb:set package 'srv_pkg' build argument 'cmake_clean_cache' from command line to 'False'
[0.467s] Level 5:colcon.colcon_core.verb:set package 'srv_pkg' build argument 'cmake_clean_first' from command line to 'False'
[0.467s] Level 5:colcon.colcon_core.verb:set package 'srv_pkg' build argument 'cmake_force_configure' from command line to 'False'
[0.467s] Level 5:colcon.colcon_core.verb:set package 'srv_pkg' build argument 'ament_cmake_args' from command line to 'None'
[0.467s] Level 5:colcon.colcon_core.verb:set package 'srv_pkg' build argument 'catkin_cmake_args' from command line to 'None'
[0.467s] Level 5:colcon.colcon_core.verb:set package 'srv_pkg' build argument 'catkin_skip_building_tests' from command line to 'False'
[0.467s] DEBUG:colcon.colcon_core.verb:Building package 'srv_pkg' with the following arguments: {'ament_cmake_args': None, 'build_base': '/home/omar/amrws/build/srv_pkg', 'catkin_cmake_args': None, 'catkin_skip_building_tests': False, 'cmake_args': None, 'cmake_clean_cache': False, 'cmake_clean_first': False, 'cmake_force_configure': False, 'cmake_target': None, 'cmake_target_skip_unavailable': False, 'install_base': '/home/omar/amrws/install/srv_pkg', 'merge_install': False, 'path': '/home/omar/amrws/src/MIA_training_competion2026/srv_pkg', 'symlink_install': False, 'test_result_base': None}
[0.468s] INFO:colcon.colcon_core.executor:Executing jobs using 'parallel' executor
[0.469s] DEBUG:colcon.colcon_parallel_executor.executor.parallel:run_until_complete
[0.469s] INFO:colcon.colcon_ros.task.ament_python.build:Building ROS package in '/home/omar/amrws/src/amr_khaled' with build type 'ament_python'
[0.470s] Level 1:colcon.colcon_core.shell:create_environment_hook('amr_khaled', 'ament_prefix_path')
[0.474s] INFO:colcon.colcon_core.plugin_system:Skipping extension 'colcon_core.shell.bat': Not used on non-Windows systems
[0.474s] INFO:colcon.colcon_core.shell:Creating environment hook '/home/omar/amrws/install/amr_khaled/share/amr_khaled/hook/ament_prefix_path.ps1'
[0.476s] INFO:colcon.colcon_core.shell:Creating environment descriptor '/home/omar/amrws/install/amr_khaled/share/amr_khaled/hook/ament_prefix_path.dsv'
[0.478s] INFO:colcon.colcon_core.shell:Creating environment hook '/home/omar/amrws/install/amr_khaled/share/amr_khaled/hook/ament_prefix_path.sh'
[0.479s] INFO:colcon.colcon_core.shell:Skip shell extension 'powershell' for command environment: Not usable outside of PowerShell
[0.479s] DEBUG:colcon.colcon_core.shell:Skip shell extension 'dsv' for command environment
[0.488s] INFO:colcon.colcon_ros.task.ament_python.build:Building ROS package in '/home/omar/amrws/src/MIA_training_competion2026/camera_drivers' with build type 'ament_python'
[0.488s] Level 1:colcon.colcon_core.shell:create_environment_hook('camera_drivers', 'ament_prefix_path')
[0.488s] INFO:colcon.colcon_core.shell:Creating environment hook '/home/omar/amrws/install/camera_drivers/share/camera_drivers/hook/ament_prefix_path.ps1'
[0.489s] INFO:colcon.colcon_core.shell:Creating environment descriptor '/home/omar/amrws/install/camera_drivers/share/camera_drivers/hook/ament_prefix_path.dsv'
[0.490s] INFO:colcon.colcon_core.shell:Creating environment hook '/home/omar/amrws/install/camera_drivers/share/camera_drivers/hook/ament_prefix_path.sh'
[0.490s] INFO:colcon.colcon_core.shell:Skip shell extension 'powershell' for command environment: Not usable outside of PowerShell
[0.491s] DEBUG:colcon.colcon_core.shell:Skip shell extension 'dsv' for command environment
[0.499s] INFO:colcon.colcon_ros.task.ament_python.build:Building ROS package in '/home/omar/amrws/src/MIA_training_competion2026/competetion_bringup' with build type 'ament_python'
[0.499s] Level 1:colcon.colcon_core.shell:create_environment_hook('competetion_bringup', 'ament_prefix_path')
[0.500s] INFO:colcon.colcon_core.shell:Creating environment hook '/home/omar/amrws/install/competetion_bringup/share/competetion_bringup/hook/ament_prefix_path.ps1'
[0.501s] INFO:colcon.colcon_core.shell:Creating environment descriptor '/home/omar/amrws/install/competetion_bringup/share/competetion_bringup/hook/ament_prefix_path.dsv'
[0.502s] INFO:colcon.colcon_core.shell:Creating environment hook '/home/omar/amrws/install/competetion_bringup/share/competetion_bringup/hook/ament_prefix_path.sh'
[0.503s] INFO:colcon.colcon_core.shell:Skip shell extension 'powershell' for command environment: Not usable outside of PowerShell
[0.503s] DEBUG:colcon.colcon_core.shell:Skip shell extension 'dsv' for command environment
[0.509s] INFO:colcon.colcon_ros.task.ament_python.build:Building ROS package in '/home/omar/amrws/src/MIA_training_competion2026/robot_kinematics_pkg' with build type 'ament_python'
[0.510s] Level 1:colcon.colcon_core.shell:create_environment_hook('robot_kinematics_pkg', 'ament_prefix_path')
[0.510s] INFO:colcon.colcon_core.shell:Creating environment hook '/home/omar/amrws/install/robot_kinematics_pkg/share/robot_kinematics_pkg/hook/ament_prefix_path.ps1'
[0.511s] INFO:colcon.colcon_core.shell:Creating environment descriptor '/home/omar/amrws/install/robot_kinematics_pkg/share/robot_kinematics_pkg/hook/ament_prefix_path.dsv'
[0.513s] INFO:colcon.colcon_core.shell:Creating environment hook '/home/omar/amrws/install/robot_kinematics_pkg/share/robot_kinematics_pkg/hook/ament_prefix_path.sh'
[0.514s] INFO:colcon.colcon_core.shell:Skip shell extension 'powershell' for command environment: Not usable outside of PowerShell
[0.514s] DEBUG:colcon.colcon_core.shell:Skip shell extension 'dsv' for command environment
[0.990s] INFO:colcon.colcon_core.task.python.build:Building Python package in '/home/omar/amrws/src/amr_khaled'
[0.990s] INFO:colcon.colcon_core.shell:Skip shell extension 'powershell' for command environment: Not usable outside of PowerShell
[0.990s] DEBUG:colcon.colcon_core.shell:Skip shell extension 'dsv' for command environment
[1.461s] INFO:colcon.colcon_core.task.python.build:Building Python package in '/home/omar/amrws/src/MIA_training_competion2026/camera_drivers'
[1.461s] INFO:colcon.colcon_core.shell:Skip shell extension 'powershell' for command environment: Not usable outside of PowerShell
[1.461s] DEBUG:colcon.colcon_core.shell:Skip shell extension 'dsv' for command environment
[1.933s] INFO:colcon.colcon_core.task.python.build:Building Python package in '/home/omar/amrws/src/MIA_training_competion2026/competetion_bringup'
[1.934s] INFO:colcon.colcon_core.shell:Skip shell extension 'powershell' for command environment: Not usable outside of PowerShell
[1.934s] DEBUG:colcon.colcon_core.shell:Skip shell extension 'dsv' for command environment
[2.407s] INFO:colcon.colcon_core.task.python.build:Building Python package in '/home/omar/amrws/src/MIA_training_competion2026/robot_kinematics_pkg'
[2.407s] INFO:colcon.colcon_core.shell:Skip shell extension 'powershell' for command environment: Not usable outside of PowerShell
[2.407s] DEBUG:colcon.colcon_core.shell:Skip shell extension 'dsv' for command environment
[4.928s] DEBUG:colcon.colcon_core.task.python.build:Available setuptools commands: rotate, egg_info, upload, bdist_rpm, symlink_data, bdist_dumb, install_lib, install_headers, bdist_egg, install_egg_info, sdist, build_clib, build, check, build_py, install_data, setopt, test, update_catalog, editable_wheel, clean, compile_catalog, extract_messages, init_catalog, bdist, dist_info, develop, easy_install, saveopts, upload_docs, install, build_scripts, bdist_wheel, build_ext, alias, install_scripts, register
[4.933s] DEBUG:colcon.colcon_core.event_handler.log_command:Invoking command in '/home/omar/amrws/src/amr_khaled': DEBUGINFOD_URLS=https://debuginfod.ubuntu.com PYTHONPATH=/home/omar/amrws/build/amr_khaled/prefix_override:/usr/lib/python3/dist-packages/colcon_core/task/python/colcon_distutils_commands:/home/omar/amrws/install/amr_khaled/lib/python3.12/site-packages:${PYTHONPATH} /usr/bin/python3 -W ignore:setup.py install is deprecated -W ignore:easy_install command is deprecated setup.py egg_info --egg-base ../../build/amr_khaled build --build-base /home/omar/amrws/build/amr_khaled/build install --record /home/omar/amrws/build/amr_khaled/install.log --install-scripts $base/lib/amr_khaled --single-version-externally-managed install_data
[4.962s] DEBUG:colcon.colcon_core.task.python.build:Available setuptools commands: rotate, egg_info, upload, bdist_rpm, symlink_data, bdist_dumb, install_lib, install_headers, bdist_egg, install_egg_info, sdist, build_clib, build, check, build_py, install_data, setopt, test, update_catalog, editable_wheel, clean, compile_catalog, extract_messages, init_catalog, bdist, dist_info, develop, easy_install, saveopts, upload_docs, install, build_scripts, bdist_wheel, build_ext, alias, install_scripts, register
[4.966s] DEBUG:colcon.colcon_core.event_handler.log_command:Invoking command in '/home/omar/amrws/src/MIA_training_competion2026/robot_kinematics_pkg': DEBUGINFOD_URLS=https://debuginfod.ubuntu.com PYTHONPATH=/home/omar/amrws/build/robot_kinematics_pkg/prefix_override:/usr/lib/python3/dist-packages/colcon_core/task/python/colcon_distutils_commands:/home/omar/amrws/install/robot_kinematics_pkg/lib/python3.12/site-packages:${PYTHONPATH} /usr/bin/python3 -W ignore:setup.py install is deprecated -W ignore:easy_install command is deprecated setup.py egg_info --egg-base ../../../build/robot_kinematics_pkg build --build-base /home/omar/amrws/build/robot_kinematics_pkg/build install --record /home/omar/amrws/build/robot_kinematics_pkg/install.log --install-scripts $base/lib/robot_kinematics_pkg --single-version-externally-managed install_data
[4.977s] DEBUG:colcon.colcon_core.task.python.build:Available setuptools commands: rotate, egg_info, upload, bdist_rpm, symlink_data, bdist_dumb, install_lib, install_headers, bdist_egg, install_egg_info, sdist, build_clib, build, check, build_py, install_data, setopt, test, update_catalog, editable_wheel, clean, compile_catalog, extract_messages, init_catalog, bdist, dist_info, develop, easy_install, saveopts, upload_docs, install, build_scripts, bdist_wheel, build_ext, alias, install_scripts, register
[4.984s] DEBUG:colcon.colcon_core.event_handler.log_command:Invoking command in '/home/omar/amrws/src/MIA_training_competion2026/camera_drivers': DEBUGINFOD_URLS=https://debuginfod.ubuntu.com PYTHONPATH=/home/omar/amrws/build/camera_drivers/prefix_override:/usr/lib/python3/dist-packages/colcon_core/task/python/colcon_distutils_commands:/home/omar/amrws/install/camera_drivers/lib/python3.12/site-packages:${PYTHONPATH} /usr/bin/python3 -W ignore:setup.py install is deprecated -W ignore:easy_install command is deprecated setup.py egg_info --egg-base ../../../build/camera_drivers build --build-base /home/omar/amrws/build/camera_drivers/build install --record /home/omar/amrws/build/camera_drivers/install.log --install-scripts $base/lib/camera_drivers --single-version-externally-managed install_data
[4.986s] DEBUG:colcon.colcon_core.task.python.build:Available setuptools commands: rotate, egg_info, upload, bdist_rpm, symlink_data, bdist_dumb, install_lib, install_headers, bdist_egg, install_egg_info, sdist, build_clib, build, check, build_py, install_data, setopt, test, update_catalog, editable_wheel, clean, compile_catalog, extract_messages, init_catalog, bdist, dist_info, develop, easy_install, saveopts, upload_docs, install, build_scripts, bdist_wheel, build_ext, alias, install_scripts, register
[5.010s] DEBUG:colcon.colcon_core.event_handler.log_command:Invoking command in '/home/omar/amrws/src/MIA_training_competion2026/competetion_bringup': DEBUGINFOD_URLS=https://debuginfod.ubuntu.com PYTHONPATH=/home/omar/amrws/build/competetion_bringup/prefix_override:/usr/lib/python3/dist-packages/colcon_core/task/python/colcon_distutils_commands:/home/omar/amrws/install/competetion_bringup/lib/python3.12/site-packages:${PYTHONPATH} /usr/bin/python3 -W ignore:setup.py install is deprecated -W ignore:easy_install command is deprecated setup.py egg_info --egg-base ../../../build/competetion_bringup build --build-base /home/omar/amrws/build/competetion_bringup/build install --record /home/omar/amrws/build/competetion_bringup/install.log --install-scripts $base/lib/competetion_bringup --single-version-externally-managed install_data
[7.420s] DEBUG:colcon.colcon_core.event_handler.log_command:Invoked command in '/home/omar/amrws/src/MIA_training_competion2026/robot_kinematics_pkg' returned '0': DEBUGINFOD_URLS=https://debuginfod.ubuntu.com PYTHONPATH=/home/omar/amrws/build/robot_kinematics_pkg/prefix_override:/usr/lib/python3/dist-packages/colcon_core/task/python/colcon_distutils_commands:/home/omar/amrws/install/robot_kinematics_pkg/lib/python3.12/site-packages:${PYTHONPATH} /usr/bin/python3 -W ignore:setup.py install is deprecated -W ignore:easy_install command is deprecated setup.py egg_info --egg-base ../../../build/robot_kinematics_pkg build --build-base /home/omar/amrws/build/robot_kinematics_pkg/build install --record /home/omar/amrws/build/robot_kinematics_pkg/install.log --install-scripts $base/lib/robot_kinematics_pkg --single-version-externally-managed install_data
[7.424s] Level 1:colcon.colcon_core.environment:checking '/home/omar/amrws/install/robot_kinematics_pkg' for CMake module files
[7.429s] Level 1:colcon.colcon_core.environment:checking '/home/omar/amrws/install/robot_kinematics_pkg' for CMake config files
[7.432s] Level 1:colcon.colcon_core.environment:checking '/home/omar/amrws/install/robot_kinematics_pkg/lib'
[7.437s] Level 1:colcon.colcon_core.environment:checking '/home/omar/amrws/install/robot_kinematics_pkg/bin'
[7.437s] Level 1:colcon.colcon_core.environment:checking '/home/omar/amrws/install/robot_kinematics_pkg/lib/pkgconfig/robot_kinematics_pkg.pc'
[7.438s] Level 1:colcon.colcon_core.environment:checking '/home/omar/amrws/install/robot_kinematics_pkg/lib/python3.12/site-packages'
[7.438s] Level 1:colcon.colcon_core.shell:create_environment_hook('robot_kinematics_pkg', 'pythonpath')
[7.439s] INFO:colcon.colcon_core.shell:Creating environment hook '/home/omar/amrws/install/robot_kinematics_pkg/share/robot_kinematics_pkg/hook/pythonpath.ps1'
[7.440s] INFO:colcon.colcon_core.shell:Creating environment descriptor '/home/omar/amrws/install/robot_kinematics_pkg/share/robot_kinematics_pkg/hook/pythonpath.dsv'
[7.441s] INFO:colcon.colcon_core.shell:Creating environment hook '/home/omar/amrws/install/robot_kinematics_pkg/share/robot_kinematics_pkg/hook/pythonpath.sh'
[7.444s] Level 1:colcon.colcon_core.environment:checking '/home/omar/amrws/install/robot_kinematics_pkg/bin'
[7.444s] Level 1:colcon.colcon_core.environment:create_environment_scripts_only(robot_kinematics_pkg)
[7.445s] INFO:colcon.colcon_core.shell:Creating package script '/home/omar/amrws/install/robot_kinematics_pkg/share/robot_kinematics_pkg/package.ps1'
[7.448s] INFO:colcon.colcon_core.shell:Creating package descriptor '/home/omar/amrws/install/robot_kinematics_pkg/share/robot_kinematics_pkg/package.dsv'
[7.449s] INFO:colcon.colcon_core.shell:Creating package script '/home/omar/amrws/install/robot_kinematics_pkg/share/robot_kinematics_pkg/package.sh'
[7.483s] INFO:colcon.colcon_core.shell:Creating package script '/home/omar/amrws/install/robot_kinematics_pkg/share/robot_kinematics_pkg/package.bash'
[7.485s] INFO:colcon.colcon_core.shell:Creating package script '/home/omar/amrws/install/robot_kinematics_pkg/share/robot_kinematics_pkg/package.zsh'
[7.486s] Level 1:colcon.colcon_core.environment:create_file_with_runtime_dependencies(/home/omar/amrws/install/robot_kinematics_pkg/share/colcon-core/packages/robot_kinematics_pkg)
[7.490s] INFO:colcon.colcon_ros.task.ament_cmake.build:Building ROS package in '/home/omar/amrws/src/MIA_training_competion2026/srv_pkg' with build type 'ament_cmake'
[7.490s] INFO:colcon.colcon_cmake.task.cmake.build:Building CMake package in '/home/omar/amrws/src/MIA_training_competion2026/srv_pkg'
[7.491s] INFO:colcon.colcon_core.shell:Skip shell extension 'powershell' for command environment: Not usable outside of PowerShell
[7.491s] DEBUG:colcon.colcon_core.shell:Skip shell extension 'dsv' for command environment
[7.511s] Level 1:colcon.colcon_core.environment:checking '/home/omar/amrws/install/camera_drivers' for CMake module files
[7.512s] DEBUG:colcon.colcon_core.event_handler.log_command:Invoked command in '/home/omar/amrws/src/MIA_training_competion2026/camera_drivers' returned '0': DEBUGINFOD_URLS=https://debuginfod.ubuntu.com PYTHONPATH=/home/omar/amrws/build/camera_drivers/prefix_override:/usr/lib/python3/dist-packages/colcon_core/task/python/colcon_distutils_commands:/home/omar/amrws/install/camera_drivers/lib/python3.12/site-packages:${PYTHONPATH} /usr/bin/python3 -W ignore:setup.py install is deprecated -W ignore:easy_install command is deprecated setup.py egg_info --egg-base ../../../build/camera_drivers build --build-base /home/omar/amrws/build/camera_drivers/build install --record /home/omar/amrws/build/camera_drivers/install.log --install-scripts $base/lib/camera_drivers --single-version-externally-managed install_data
[7.513s] Level 1:colcon.colcon_core.environment:checking '/home/omar/amrws/install/camera_drivers' for CMake config files
[7.515s] Level 1:colcon.colcon_core.environment:checking '/home/omar/amrws/install/camera_drivers/lib'
[7.515s] Level 1:colcon.colcon_core.environment:checking '/home/omar/amrws/install/camera_drivers/bin'
[7.515s] Level 1:colcon.colcon_core.environment:checking '/home/omar/amrws/install/camera_drivers/lib/pkgconfig/camera_drivers.pc'
[7.516s] Level 1:colcon.colcon_core.environment:checking '/home/omar/amrws/install/camera_drivers/lib/python3.12/site-packages'
[7.516s] Level 1:colcon.colcon_core.shell:create_environment_hook('camera_drivers', 'pythonpath')
[7.517s] INFO:colcon.colcon_core.shell:Creating environment hook '/home/omar/amrws/install/camera_drivers/share/camera_drivers/hook/pythonpath.ps1'
[7.518s] INFO:colcon.colcon_core.shell:Creating environment descriptor '/home/omar/amrws/install/camera_drivers/share/camera_drivers/hook/pythonpath.dsv'
[7.518s] INFO:colcon.colcon_core.shell:Creating environment hook '/home/omar/amrws/install/camera_drivers/share/camera_drivers/hook/pythonpath.sh'
[7.520s] Level 1:colcon.colcon_core.environment:checking '/home/omar/amrws/install/camera_drivers/bin'
[7.521s] Level 1:colcon.colcon_core.environment:create_environment_scripts_only(camera_drivers)
[7.521s] INFO:colcon.colcon_core.shell:Creating package script '/home/omar/amrws/install/camera_drivers/share/camera_drivers/package.ps1'
[7.523s] INFO:colcon.colcon_core.shell:Creating package descriptor '/home/omar/amrws/install/camera_drivers/share/camera_drivers/package.dsv'
[7.528s] INFO:colcon.colcon_core.shell:Creating package script '/home/omar/amrws/install/camera_drivers/share/camera_drivers/package.sh'
[7.530s] INFO:colcon.colcon_core.shell:Creating package script '/home/omar/amrws/install/camera_drivers/share/camera_drivers/package.bash'
[7.531s] INFO:colcon.colcon_core.shell:Creating package script '/home/omar/amrws/install/camera_drivers/share/camera_drivers/package.zsh'
[7.532s] Level 1:colcon.colcon_core.environment:create_file_with_runtime_dependencies(/home/omar/amrws/install/camera_drivers/share/colcon-core/packages/camera_drivers)
[7.540s] DEBUG:colcon.colcon_core.event_handler.log_command:Invoking command in '/home/omar/amrws/build/srv_pkg': CMAKE_PREFIX_PATH=${CMAKE_PREFIX_PATH}:/home/omar/amrws/install/amr_khaled:/home/omar/amrws/install/robot_kinematics_pkg:/home/omar/amrws/install/competetion_bringup:/home/omar/amrws/install/camera_drivers:/opt/ros/jazzy DEBUGINFOD_URLS=https://debuginfod.ubuntu.com /usr/bin/cmake --build /home/omar/amrws/build/srv_pkg -- -j4 -l4
[7.956s] Level 1:colcon.colcon_core.environment:checking '/home/omar/amrws/install/competetion_bringup' for CMake module files
[7.958s] Level 1:colcon.colcon_core.environment:checking '/home/omar/amrws/install/competetion_bringup' for CMake config files
[7.959s] DEBUG:colcon.colcon_core.event_handler.log_command:Invoked command in '/home/omar/amrws/src/MIA_training_competion2026/competetion_bringup' returned '0': DEBUGINFOD_URLS=https://debuginfod.ubuntu.com PYTHONPATH=/home/omar/amrws/build/competetion_bringup/prefix_override:/usr/lib/python3/dist-packages/colcon_core/task/python/colcon_distutils_commands:/home/omar/amrws/install/competetion_bringup/lib/python3.12/site-packages:${PYTHONPATH} /usr/bin/python3 -W ignore:setup.py install is deprecated -W ignore:easy_install command is deprecated setup.py egg_info --egg-base ../../../build/competetion_bringup build --build-base /home/omar/amrws/build/competetion_bringup/build install --record /home/omar/amrws/build/competetion_bringup/install.log --install-scripts $base/lib/competetion_bringup --single-version-externally-managed install_data
[7.970s] Level 1:colcon.colcon_core.environment:checking '/home/omar/amrws/install/competetion_bringup/lib'
[7.970s] Level 1:colcon.colcon_core.environment:checking '/home/omar/amrws/install/competetion_bringup/bin'
[7.970s] Level 1:colcon.colcon_core.environment:checking '/home/omar/amrws/install/competetion_bringup/lib/pkgconfig/competetion_bringup.pc'
[7.971s] Level 1:colcon.colcon_core.environment:checking '/home/omar/amrws/install/competetion_bringup/lib/python3.12/site-packages'
[7.971s] Level 1:colcon.colcon_core.shell:create_environment_hook('competetion_bringup', 'pythonpath')
[7.971s] INFO:colcon.colcon_core.shell:Creating environment hook '/home/omar/amrws/install/competetion_bringup/share/competetion_bringup/hook/pythonpath.ps1'
[7.972s] INFO:colcon.colcon_core.shell:Creating environment descriptor '/home/omar/amrws/install/competetion_bringup/share/competetion_bringup/hook/pythonpath.dsv'
[7.983s] INFO:colcon.colcon_core.shell:Creating environment hook '/home/omar/amrws/install/competetion_bringup/share/competetion_bringup/hook/pythonpath.sh'
[7.984s] Level 1:colcon.colcon_core.environment:checking '/home/omar/amrws/install/competetion_bringup/bin'
[7.985s] Level 1:colcon.colcon_core.environment:create_environment_scripts_only(competetion_bringup)
[7.990s] INFO:colcon.colcon_core.shell:Creating package script '/home/omar/amrws/install/competetion_bringup/share/competetion_bringup/package.ps1'
[7.991s] INFO:colcon.colcon_core.shell:Creating package descriptor '/home/omar/amrws/install/competetion_bringup/share/competetion_bringup/package.dsv'
[7.997s] INFO:colcon.colcon_core.shell:Creating package script '/home/omar/amrws/install/competetion_bringup/share/competetion_bringup/package.sh'
[7.999s] INFO:colcon.colcon_core.shell:Creating package script '/home/omar/amrws/install/competetion_bringup/share/competetion_bringup/package.bash'
[8.005s] INFO:colcon.colcon_core.shell:Creating package script '/home/omar/amrws/install/competetion_bringup/share/competetion_bringup/package.zsh'
[8.006s] Level 1:colcon.colcon_core.environment:create_file_with_runtime_dependencies(/home/omar/amrws/install/competetion_bringup/share/colcon-core/packages/competetion_bringup)
[8.267s] Level 1:colcon.colcon_core.environment:checking '/home/omar/amrws/install/amr_khaled' for CMake module files
[8.268s] DEBUG:colcon.colcon_core.event_handler.log_command:Invoked command in '/home/omar/amrws/src/amr_khaled' returned '0': DEBUGINFOD_URLS=https://debuginfod.ubuntu.com PYTHONPATH=/home/omar/amrws/build/amr_khaled/prefix_override:/usr/lib/python3/dist-packages/colcon_core/task/python/colcon_distutils_commands:/home/omar/amrws/install/amr_khaled/lib/python3.12/site-packages:${PYTHONPATH} /usr/bin/python3 -W ignore:setup.py install is deprecated -W ignore:easy_install command is deprecated setup.py egg_info --egg-base ../../build/amr_khaled build --build-base /home/omar/amrws/build/amr_khaled/build install --record /home/omar/amrws/build/amr_khaled/install.log --install-scripts $base/lib/amr_khaled --single-version-externally-managed install_data
[8.269s] Level 1:colcon.colcon_core.environment:checking '/home/omar/amrws/install/amr_khaled' for CMake config files
[8.270s] Level 1:colcon.colcon_core.environment:checking '/home/omar/amrws/install/amr_khaled/lib'
[8.270s] Level 1:colcon.colcon_core.environment:checking '/home/omar/amrws/install/amr_khaled/bin'
[8.270s] Level 1:colcon.colcon_core.environment:checking '/home/omar/amrws/install/amr_khaled/lib/pkgconfig/amr_khaled.pc'
[8.270s] Level 1:colcon.colcon_core.environment:checking '/home/omar/amrws/install/amr_khaled/lib/python3.12/site-packages'
[8.270s] Level 1:colcon.colcon_core.shell:create_environment_hook('amr_khaled', 'pythonpath')
[8.271s] INFO:colcon.colcon_core.shell:Creating environment hook '/home/omar/amrws/install/amr_khaled/share/amr_khaled/hook/pythonpath.ps1'
[8.272s] INFO:colcon.colcon_core.shell:Creating environment descriptor '/home/omar/amrws/install/amr_khaled/share/amr_khaled/hook/pythonpath.dsv'
[8.272s] INFO:colcon.colcon_core.shell:Creating environment hook '/home/omar/amrws/install/amr_khaled/share/amr_khaled/hook/pythonpath.sh'
[8.273s] Level 1:colcon.colcon_core.environment:checking '/home/omar/amrws/install/amr_khaled/bin'
[8.273s] Level 1:colcon.colcon_core.environment:create_environment_scripts_only(amr_khaled)
[8.274s] INFO:colcon.colcon_core.shell:Creating package script '/home/omar/amrws/install/amr_khaled/share/amr_khaled/package.ps1'
[8.275s] INFO:colcon.colcon_core.shell:Creating package descriptor '/home/omar/amrws/install/amr_khaled/share/amr_khaled/package.dsv'
[8.276s] INFO:colcon.colcon_core.shell:Creating package script '/home/omar/amrws/install/amr_khaled/share/amr_khaled/package.sh'
[8.277s] INFO:colcon.colcon_core.shell:Creating package script '/home/omar/amrws/install/amr_khaled/share/amr_khaled/package.bash'
[8.278s] INFO:colcon.colcon_core.shell:Creating package script '/home/omar/amrws/install/amr_khaled/share/amr_khaled/package.zsh'
[8.278s] Level 1:colcon.colcon_core.environment:create_file_with_runtime_dependencies(/home/omar/amrws/install/amr_khaled/share/colcon-core/packages/amr_khaled)
[9.013s] DEBUG:colcon.colcon_core.event_handler.log_command:Invoked command in '/home/omar/amrws/build/srv_pkg' returned '0': CMAKE_PREFIX_PATH=${CMAKE_PREFIX_PATH}:/home/omar/amrws/install/amr_khaled:/home/omar/amrws/install/robot_kinematics_pkg:/home/omar/amrws/install/competetion_bringup:/home/omar/amrws/install/camera_drivers:/opt/ros/jazzy DEBUGINFOD_URLS=https://debuginfod.ubuntu.com /usr/bin/cmake --build /home/omar/amrws/build/srv_pkg -- -j4 -l4
[9.029s] DEBUG:colcon.colcon_core.event_handler.log_command:Invoking command in '/home/omar/amrws/build/srv_pkg': CMAKE_PREFIX_PATH=${CMAKE_PREFIX_PATH}:/home/omar/amrws/install/amr_khaled:/home/omar/amrws/install/robot_kinematics_pkg:/home/omar/amrws/install/competetion_bringup:/home/omar/amrws/install/camera_drivers:/opt/ros/jazzy DEBUGINFOD_URLS=https://debuginfod.ubuntu.com /usr/bin/cmake --install /home/omar/amrws/build/srv_pkg
[9.137s] Level 1:colcon.colcon_core.environment:create_environment_scripts_only(srv_pkg)
[9.137s] Level 1:colcon.colcon_core.environment:checking '/home/omar/amrws/install/srv_pkg' for CMake module files
[9.138s] DEBUG:colcon.colcon_core.event_handler.log_command:Invoked command in '/home/omar/amrws/build/srv_pkg' returned '0': CMAKE_PREFIX_PATH=${CMAKE_PREFIX_PATH}:/home/omar/amrws/install/amr_khaled:/home/omar/amrws/install/robot_kinematics_pkg:/home/omar/amrws/install/competetion_bringup:/home/omar/amrws/install/camera_drivers:/opt/ros/jazzy DEBUGINFOD_URLS=https://debuginfod.ubuntu.com /usr/bin/cmake --install /home/omar/amrws/build/srv_pkg
[9.139s] Level 1:colcon.colcon_core.environment:checking '/home/omar/amrws/install/srv_pkg' for CMake config files
[9.140s] Level 1:colcon.colcon_core.shell:create_environment_hook('srv_pkg', 'cmake_prefix_path')
[9.140s] INFO:colcon.colcon_core.shell:Creating environment hook '/home/omar/amrws/install/srv_pkg/share/srv_pkg/hook/cmake_prefix_path.ps1'
[9.141s] INFO:colcon.colcon_core.shell:Creating environment descriptor '/home/omar/amrws/install/srv_pkg/share/srv_pkg/hook/cmake_prefix_path.dsv'
[9.142s] INFO:colcon.colcon_core.shell:Creating environment hook '/home/omar/amrws/install/srv_pkg/share/srv_pkg/hook/cmake_prefix_path.sh'
[9.143s] Level 1:colcon.colcon_core.environment:checking '/home/omar/amrws/install/srv_pkg/lib'
[9.143s] Level 1:colcon.colcon_core.shell:create_environment_hook('srv_pkg', 'ld_library_path_lib')
[9.143s] INFO:colcon.colcon_core.shell:Creating environment hook '/home/omar/amrws/install/srv_pkg/share/srv_pkg/hook/ld_library_path_lib.ps1'
[9.144s] INFO:colcon.colcon_core.shell:Creating environment descriptor '/home/omar/amrws/install/srv_pkg/share/srv_pkg/hook/ld_library_path_lib.dsv'
[9.144s] INFO:colcon.colcon_core.shell:Creating environment hook '/home/omar/amrws/install/srv_pkg/share/srv_pkg/hook/ld_library_path_lib.sh'
[9.145s] Level 1:colcon.colcon_core.environment:checking '/home/omar/amrws/install/srv_pkg/bin'
[9.145s] Level 1:colcon.colcon_core.environment:checking '/home/omar/amrws/install/srv_pkg/lib/pkgconfig/srv_pkg.pc'
[9.145s] Level 1:colcon.colcon_core.environment:checking '/home/omar/amrws/install/srv_pkg/lib/python3.12/site-packages'
[9.145s] Level 1:colcon.colcon_core.shell:create_environment_hook('srv_pkg', 'pythonpath')
[9.146s] INFO:colcon.colcon_core.shell:Creating environment hook '/home/omar/amrws/install/srv_pkg/share/srv_pkg/hook/pythonpath.ps1'
[9.146s] INFO:colcon.colcon_core.shell:Creating environment descriptor '/home/omar/amrws/install/srv_pkg/share/srv_pkg/hook/pythonpath.dsv'
[9.147s] INFO:colcon.colcon_core.shell:Creating environment hook '/home/omar/amrws/install/srv_pkg/share/srv_pkg/hook/pythonpath.sh'
[9.148s] Level 1:colcon.colcon_core.environment:checking '/home/omar/amrws/install/srv_pkg/bin'
[9.149s] INFO:colcon.colcon_core.shell:Creating package script '/home/omar/amrws/install/srv_pkg/share/srv_pkg/package.ps1'
[9.150s] INFO:colcon.colcon_core.shell:Creating package descriptor '/home/omar/amrws/install/srv_pkg/share/srv_pkg/package.dsv'
[9.151s] INFO:colcon.colcon_core.shell:Creating package script '/home/omar/amrws/install/srv_pkg/share/srv_pkg/package.sh'
[9.153s] INFO:colcon.colcon_core.shell:Creating package script '/home/omar/amrws/install/srv_pkg/share/srv_pkg/package.bash'
[9.153s] INFO:colcon.colcon_core.shell:Creating package script '/home/omar/amrws/install/srv_pkg/share/srv_pkg/package.zsh'
[9.154s] Level 1:colcon.colcon_core.environment:create_file_with_runtime_dependencies(/home/omar/amrws/install/srv_pkg/share/colcon-core/packages/srv_pkg)
[9.155s] Level 1:colcon.colcon_core.environment:create_environment_scripts_only(srv_pkg)
[9.155s] Level 1:colcon.colcon_core.environment:checking '/home/omar/amrws/install/srv_pkg' for CMake module files
[9.156s] Level 1:colcon.colcon_core.environment:checking '/home/omar/amrws/install/srv_pkg' for CMake config files
[9.157s] Level 1:colcon.colcon_core.shell:create_environment_hook('srv_pkg', 'cmake_prefix_path')
[9.157s] INFO:colcon.colcon_core.shell:Creating environment hook '/home/omar/amrws/install/srv_pkg/share/srv_pkg/hook/cmake_prefix_path.ps1'
[9.158s] INFO:colcon.colcon_core.shell:Creating environment descriptor '/home/omar/amrws/install/srv_pkg/share/srv_pkg/hook/cmake_prefix_path.dsv'
[9.159s] INFO:colcon.colcon_core.shell:Creating environment hook '/home/omar/amrws/install/srv_pkg/share/srv_pkg/hook/cmake_prefix_path.sh'
[9.160s] Level 1:colcon.colcon_core.environment:checking '/home/omar/amrws/install/srv_pkg/lib'
[9.160s] Level 1:colcon.colcon_core.shell:create_environment_hook('srv_pkg', 'ld_library_path_lib')
[9.160s] INFO:colcon.colcon_core.shell:Creating environment hook '/home/omar/amrws/install/srv_pkg/share/srv_pkg/hook/ld_library_path_lib.ps1'
[9.161s] INFO:colcon.colcon_core.shell:Creating environment descriptor '/home/omar/amrws/install/srv_pkg/share/srv_pkg/hook/ld_library_path_lib.dsv'
[9.161s] INFO:colcon.colcon_core.shell:Creating environment hook '/home/omar/amrws/install/srv_pkg/share/srv_pkg/hook/ld_library_path_lib.sh'
[9.162s] Level 1:colcon.colcon_core.environment:checking '/home/omar/amrws/install/srv_pkg/bin'
[9.162s] Level 1:colcon.colcon_core.environment:checking '/home/omar/amrws/install/srv_pkg/lib/pkgconfig/srv_pkg.pc'
[9.163s] Level 1:colcon.colcon_core.environment:checking '/home/omar/amrws/install/srv_pkg/lib/python3.12/site-packages'
[9.163s] Level 1:colcon.colcon_core.shell:create_environment_hook('srv_pkg', 'pythonpath')
[9.163s] INFO:colcon.colcon_core.shell:Creating environment hook '/home/omar/amrws/install/srv_pkg/share/srv_pkg/hook/pythonpath.ps1'
[9.164s] INFO:colcon.colcon_core.shell:Creating environment descriptor '/home/omar/amrws/install/srv_pkg/share/srv_pkg/hook/pythonpath.dsv'
[9.164s] INFO:colcon.colcon_core.shell:Creating environment hook '/home/omar/amrws/install/srv_pkg/share/srv_pkg/hook/pythonpath.sh'
[9.165s] Level 1:colcon.colcon_core.environment:checking '/home/omar/amrws/install/srv_pkg/bin'
[9.166s] INFO:colcon.colcon_core.shell:Creating package script '/home/omar/amrws/install/srv_pkg/share/srv_pkg/package.ps1'
[9.167s] INFO:colcon.colcon_core.shell:Creating package descriptor '/home/omar/amrws/install/srv_pkg/share/srv_pkg/package.dsv'
[9.167s] INFO:colcon.colcon_core.shell:Creating package script '/home/omar/amrws/install/srv_pkg/share/srv_pkg/package.sh'
[9.168s] INFO:colcon.colcon_core.shell:Creating package script '/home/omar/amrws/install/srv_pkg/share/srv_pkg/package.bash'
[9.169s] INFO:colcon.colcon_core.shell:Creating package script '/home/omar/amrws/install/srv_pkg/share/srv_pkg/package.zsh'
[9.169s] Level 1:colcon.colcon_core.environment:create_file_with_runtime_dependencies(/home/omar/amrws/install/srv_pkg/share/colcon-core/packages/srv_pkg)
[9.170s] DEBUG:colcon.colcon_parallel_executor.executor.parallel:closing loop
[9.170s] DEBUG:colcon.colcon_parallel_executor.executor.parallel:loop closed
[9.170s] DEBUG:colcon.colcon_parallel_executor.executor.parallel:run_until_complete finished with '0'
[9.171s] DEBUG:colcon.colcon_core.event_reactor:joining thread
[9.181s] INFO:colcon.colcon_core.plugin_system:Skipping extension 'colcon_notification.desktop_notification.terminal_notifier': Not used on non-Darwin systems
[9.181s] INFO:colcon.colcon_core.plugin_system:Skipping extension 'colcon_notification.desktop_notification.win32': Not used on non-Windows systems
[9.182s] INFO:colcon.colcon_notification.desktop_notification:Sending desktop notification using 'notify2'
[9.205s] DEBUG:colcon.colcon_core.event_reactor:joined thread
[9.206s] INFO:colcon.colcon_core.shell:Creating prefix script '/home/omar/amrws/install/local_setup.ps1'
[9.207s] INFO:colcon.colcon_core.shell:Creating prefix util module '/home/omar/amrws/install/_local_setup_util_ps1.py'
[9.210s] INFO:colcon.colcon_core.shell:Creating prefix chain script '/home/omar/amrws/install/setup.ps1'
[9.212s] INFO:colcon.colcon_core.shell:Creating prefix script '/home/omar/amrws/install/local_setup.sh'
[9.213s] INFO:colcon.colcon_core.shell:Creating prefix util module '/home/omar/amrws/install/_local_setup_util_sh.py'
[9.214s] INFO:colcon.colcon_core.shell:Creating prefix chain script '/home/omar/amrws/install/setup.sh'
[9.216s] INFO:colcon.colcon_core.shell:Creating prefix script '/home/omar/amrws/install/local_setup.bash'
[9.217s] INFO:colcon.colcon_core.shell:Creating prefix chain script '/home/omar/amrws/install/setup.bash'
[9.219s] INFO:colcon.colcon_core.shell:Creating prefix script '/home/omar/amrws/install/local_setup.zsh'
[9.220s] INFO:colcon.colcon_core.shell:Creating prefix chain script '/home/omar/amrws/install/setup.zsh'
