running egg_info
creating ../../../build/camera_drivers/camera_drivers.egg-info
writing ../../../build/camera_drivers/camera_drivers.egg-info/PKG-INFO
writing dependency_links to ../../../build/camera_drivers/camera_drivers.egg-info/dependency_links.txt
writing entry points to ../../../build/camera_drivers/camera_drivers.egg-info/entry_points.txt
writing requirements to ../../../build/camera_drivers/camera_drivers.egg-info/requires.txt
writing top-level names to ../../../build/camera_drivers/camera_drivers.egg-info/top_level.txt
writing manifest file '../../../build/camera_drivers/camera_drivers.egg-info/SOURCES.txt'
reading manifest file '../../../build/camera_drivers/camera_drivers.egg-info/SOURCES.txt'
writing manifest file '../../../build/camera_drivers/camera_drivers.egg-info/SOURCES.txt'
running build
running build_py
creating /home/omar/amrws/build/camera_drivers/build
creating /home/omar/amrws/build/camera_drivers/build/lib
creating /home/omar/amrws/build/camera_drivers/build/lib/camera_drivers
copying camera_drivers/__init__.py -> /home/omar/amrws/build/camera_drivers/build/lib/camera_drivers
copying camera_drivers/cameraclass.py -> /home/omar/amrws/build/camera_drivers/build/lib/camera_drivers
copying camera_drivers/camera_index_tester.py -> /home/omar/amrws/build/camera_drivers/build/lib/camera_drivers
copying camera_drivers/cameradriver.py -> /home/omar/amrws/build/camera_drivers/build/lib/camera_drivers
creating /home/omar/amrws/build/camera_drivers/build/lib/camera_drivers/examples
creating /home/omar/amrws/build/camera_drivers/build/lib/camera_drivers/examples/mono
copying camera_drivers/examples/mono/__init__.py -> /home/omar/amrws/build/camera_drivers/build/lib/camera_drivers/examples/mono
copying camera_drivers/examples/mono/mono_publisher.py -> /home/omar/amrws/build/camera_drivers/build/lib/camera_drivers/examples/mono
copying camera_drivers/examples/mono/mono_subscriber.py -> /home/omar/amrws/build/camera_drivers/build/lib/camera_drivers/examples/mono
copying camera_drivers/examples/mono/mono_client.py -> /home/omar/amrws/build/camera_drivers/build/lib/camera_drivers/examples/mono
copying camera_drivers/examples/mono/mono_getter.py -> /home/omar/amrws/build/camera_drivers/build/lib/camera_drivers/examples/mono
copying camera_drivers/examples/mono/mono_server.py -> /home/omar/amrws/build/camera_drivers/build/lib/camera_drivers/examples/mono
creating /home/omar/amrws/build/camera_drivers/build/lib/camera_drivers/examples/stereo
copying camera_drivers/examples/stereo/stereo_client.py -> /home/omar/amrws/build/camera_drivers/build/lib/camera_drivers/examples/stereo
copying camera_drivers/examples/stereo/__init__.py -> /home/omar/amrws/build/camera_drivers/build/lib/camera_drivers/examples/stereo
copying camera_drivers/examples/stereo/stereo_publisher.py -> /home/omar/amrws/build/camera_drivers/build/lib/camera_drivers/examples/stereo
copying camera_drivers/examples/stereo/stereo_server.py -> /home/omar/amrws/build/camera_drivers/build/lib/camera_drivers/examples/stereo
copying camera_drivers/examples/stereo/stereo_subscriber.py -> /home/omar/amrws/build/camera_drivers/build/lib/camera_drivers/examples/stereo
copying camera_drivers/examples/stereo/stereo_getter.py -> /home/omar/amrws/build/camera_drivers/build/lib/camera_drivers/examples/stereo
creating /home/omar/amrws/build/camera_drivers/build/lib/camera_drivers/examples/kinect_v1
copying camera_drivers/examples/kinect_v1/__init__.py -> /home/omar/amrws/build/camera_drivers/build/lib/camera_drivers/examples/kinect_v1
copying camera_drivers/examples/kinect_v1/kinect_v1_subscriber2.py -> /home/omar/amrws/build/camera_drivers/build/lib/camera_drivers/examples/kinect_v1
copying camera_drivers/examples/kinect_v1/kinect_v1_subscriber.py -> /home/omar/amrws/build/camera_drivers/build/lib/camera_drivers/examples/kinect_v1
creating /home/omar/amrws/build/camera_drivers/build/lib/camera_drivers/examples/kinect_v2
copying camera_drivers/examples/kinect_v2/kinect_v2_subscriber.py -> /home/omar/amrws/build/camera_drivers/build/lib/camera_drivers/examples/kinect_v2
copying camera_drivers/examples/kinect_v2/kinect_v2_subscriber2.py -> /home/omar/amrws/build/camera_drivers/build/lib/camera_drivers/examples/kinect_v2
creating /home/omar/amrws/build/camera_drivers/build/lib/camera_drivers/python_stereo_camera_calibrate
copying camera_drivers/python_stereo_camera_calibrate/calib.py -> /home/omar/amrws/build/camera_drivers/build/lib/camera_drivers/python_stereo_camera_calibrate
running install
running install_lib
creating /home/omar/amrws/install/camera_drivers/lib/python3.12/site-packages/camera_drivers
copying /home/omar/amrws/build/camera_drivers/build/lib/camera_drivers/__init__.py -> /home/omar/amrws/install/camera_drivers/lib/python3.12/site-packages/camera_drivers
copying /home/omar/amrws/build/camera_drivers/build/lib/camera_drivers/cameraclass.py -> /home/omar/amrws/install/camera_drivers/lib/python3.12/site-packages/camera_drivers
creating /home/omar/amrws/install/camera_drivers/lib/python3.12/site-packages/camera_drivers/python_stereo_camera_calibrate
copying /home/omar/amrws/build/camera_drivers/build/lib/camera_drivers/python_stereo_camera_calibrate/calib.py -> /home/omar/amrws/install/camera_drivers/lib/python3.12/site-packages/camera_drivers/python_stereo_camera_calibrate
creating /home/omar/amrws/install/camera_drivers/lib/python3.12/site-packages/camera_drivers/examples
creating /home/omar/amrws/install/camera_drivers/lib/python3.12/site-packages/camera_drivers/examples/kinect_v1
copying /home/omar/amrws/build/camera_drivers/build/lib/camera_drivers/examples/kinect_v1/__init__.py -> /home/omar/amrws/install/camera_drivers/lib/python3.12/site-packages/camera_drivers/examples/kinect_v1
copying /home/omar/amrws/build/camera_drivers/build/lib/camera_drivers/examples/kinect_v1/kinect_v1_subscriber2.py -> /home/omar/amrws/install/camera_drivers/lib/python3.12/site-packages/camera_drivers/examples/kinect_v1
copying /home/omar/amrws/build/camera_drivers/build/lib/camera_drivers/examples/kinect_v1/kinect_v1_subscriber.py -> /home/omar/amrws/install/camera_drivers/lib/python3.12/site-packages/camera_drivers/examples/kinect_v1
creating /home/omar/amrws/install/camera_drivers/lib/python3.12/site-packages/camera_drivers/examples/kinect_v2
copying /home/omar/amrws/build/camera_drivers/build/lib/camera_drivers/examples/kinect_v2/kinect_v2_subscriber.py -> /home/omar/amrws/install/camera_drivers/lib/python3.12/site-packages/camera_drivers/examples/kinect_v2
copying /home/omar/amrws/build/camera_drivers/build/lib/camera_drivers/examples/kinect_v2/kinect_v2_subscriber2.py -> /home/omar/amrws/install/camera_drivers/lib/python3.12/site-packages/camera_drivers/examples/kinect_v2
creating /home/omar/amrws/install/camera_drivers/lib/python3.12/site-packages/camera_drivers/examples/mono
copying /home/omar/amrws/build/camera_drivers/build/lib/camera_drivers/examples/mono/__init__.py -> /home/omar/amrws/install/camera_drivers/lib/python3.12/site-packages/camera_drivers/examples/mono
copying /home/omar/amrws/build/camera_drivers/build/lib/camera_drivers/examples/mono/mono_publisher.py -> /home/omar/amrws/install/camera_drivers/lib/python3.12/site-packages/camera_drivers/examples/mono
copying /home/omar/amrws/build/camera_drivers/build/lib/camera_drivers/examples/mono/mono_subscriber.py -> /home/omar/amrws/install/camera_drivers/lib/python3.12/site-packages/camera_drivers/examples/mono
copying /home/omar/amrws/build/camera_drivers/build/lib/camera_drivers/examples/mono/mono_client.py -> /home/omar/amrws/install/camera_drivers/lib/python3.12/site-packages/camera_drivers/examples/mono
copying /home/omar/amrws/build/camera_drivers/build/lib/camera_drivers/examples/mono/mono_getter.py -> /home/omar/amrws/install/camera_drivers/lib/python3.12/site-packages/camera_drivers/examples/mono
copying /home/omar/amrws/build/camera_drivers/build/lib/camera_drivers/examples/mono/mono_server.py -> /home/omar/amrws/install/camera_drivers/lib/python3.12/site-packages/camera_drivers/examples/mono
creating /home/omar/amrws/install/camera_drivers/lib/python3.12/site-packages/camera_drivers/examples/stereo
copying /home/omar/amrws/build/camera_drivers/build/lib/camera_drivers/examples/stereo/stereo_client.py -> /home/omar/amrws/install/camera_drivers/lib/python3.12/site-packages/camera_drivers/examples/stereo
copying /home/omar/amrws/build/camera_drivers/build/lib/camera_drivers/examples/stereo/__init__.py -> /home/omar/amrws/install/camera_drivers/lib/python3.12/site-packages/camera_drivers/examples/stereo
copying /home/omar/amrws/build/camera_drivers/build/lib/camera_drivers/examples/stereo/stereo_publisher.py -> /home/omar/amrws/install/camera_drivers/lib/python3.12/site-packages/camera_drivers/examples/stereo
copying /home/omar/amrws/build/camera_drivers/build/lib/camera_drivers/examples/stereo/stereo_server.py -> /home/omar/amrws/install/camera_drivers/lib/python3.12/site-packages/camera_drivers/examples/stereo
copying /home/omar/amrws/build/camera_drivers/build/lib/camera_drivers/examples/stereo/stereo_subscriber.py -> /home/omar/amrws/install/camera_drivers/lib/python3.12/site-packages/camera_drivers/examples/stereo
copying /home/omar/amrws/build/camera_drivers/build/lib/camera_drivers/examples/stereo/stereo_getter.py -> /home/omar/amrws/install/camera_drivers/lib/python3.12/site-packages/camera_drivers/examples/stereo
copying /home/omar/amrws/build/camera_drivers/build/lib/camera_drivers/camera_index_tester.py -> /home/omar/amrws/install/camera_drivers/lib/python3.12/site-packages/camera_drivers
copying /home/omar/amrws/build/camera_drivers/build/lib/camera_drivers/cameradriver.py -> /home/omar/amrws/install/camera_drivers/lib/python3.12/site-packages/camera_drivers
byte-compiling /home/omar/amrws/install/camera_drivers/lib/python3.12/site-packages/camera_drivers/__init__.py to __init__.cpython-312.pyc
byte-compiling /home/omar/amrws/install/camera_drivers/lib/python3.12/site-packages/camera_drivers/cameraclass.py to cameraclass.cpython-312.pyc
byte-compiling /home/omar/amrws/install/camera_drivers/lib/python3.12/site-packages/camera_drivers/python_stereo_camera_calibrate/calib.py to calib.cpython-312.pyc
byte-compiling /home/omar/amrws/install/camera_drivers/lib/python3.12/site-packages/camera_drivers/examples/kinect_v1/__init__.py to __init__.cpython-312.pyc
byte-compiling /home/omar/amrws/install/camera_drivers/lib/python3.12/site-packages/camera_drivers/examples/kinect_v1/kinect_v1_subscriber2.py to kinect_v1_subscriber2.cpython-312.pyc
byte-compiling /home/omar/amrws/install/camera_drivers/lib/python3.12/site-packages/camera_drivers/examples/kinect_v1/kinect_v1_subscriber.py to kinect_v1_subscriber.cpython-312.pyc
byte-compiling /home/omar/amrws/install/camera_drivers/lib/python3.12/site-packages/camera_drivers/examples/kinect_v2/kinect_v2_subscriber.py to kinect_v2_subscriber.cpython-312.pyc
byte-compiling /home/omar/amrws/install/camera_drivers/lib/python3.12/site-packages/camera_drivers/examples/kinect_v2/kinect_v2_subscriber2.py to kinect_v2_subscriber2.cpython-312.pyc
byte-compiling /home/omar/amrws/install/camera_drivers/lib/python3.12/site-packages/camera_drivers/examples/mono/__init__.py to __init__.cpython-312.pyc
byte-compiling /home/omar/amrws/install/camera_drivers/lib/python3.12/site-packages/camera_drivers/examples/mono/mono_publisher.py to mono_publisher.cpython-312.pyc
byte-compiling /home/omar/amrws/install/camera_drivers/lib/python3.12/site-packages/camera_drivers/examples/mono/mono_subscriber.py to mono_subscriber.cpython-312.pyc
byte-compiling /home/omar/amrws/install/camera_drivers/lib/python3.12/site-packages/camera_drivers/examples/mono/mono_client.py to mono_client.cpython-312.pyc
byte-compiling /home/omar/amrws/install/camera_drivers/lib/python3.12/site-packages/camera_drivers/examples/mono/mono_getter.py to mono_getter.cpython-312.pyc
byte-compiling /home/omar/amrws/install/camera_drivers/lib/python3.12/site-packages/camera_drivers/examples/mono/mono_server.py to mono_server.cpython-312.pyc
byte-compiling /home/omar/amrws/install/camera_drivers/lib/python3.12/site-packages/camera_drivers/examples/stereo/stereo_client.py to stereo_client.cpython-312.pyc
byte-compiling /home/omar/amrws/install/camera_drivers/lib/python3.12/site-packages/camera_drivers/examples/stereo/__init__.py to __init__.cpython-312.pyc
byte-compiling /home/omar/amrws/install/camera_drivers/lib/python3.12/site-packages/camera_drivers/examples/stereo/stereo_publisher.py to stereo_publisher.cpython-312.pyc
byte-compiling /home/omar/amrws/install/camera_drivers/lib/python3.12/site-packages/camera_drivers/examples/stereo/stereo_server.py to stereo_server.cpython-312.pyc
byte-compiling /home/omar/amrws/install/camera_drivers/lib/python3.12/site-packages/camera_drivers/examples/stereo/stereo_subscriber.py to stereo_subscriber.cpython-312.pyc
byte-compiling /home/omar/amrws/install/camera_drivers/lib/python3.12/site-packages/camera_drivers/examples/stereo/stereo_getter.py to stereo_getter.cpython-312.pyc
byte-compiling /home/omar/amrws/install/camera_drivers/lib/python3.12/site-packages/camera_drivers/camera_index_tester.py to camera_index_tester.cpython-312.pyc
byte-compiling /home/omar/amrws/install/camera_drivers/lib/python3.12/site-packages/camera_drivers/cameradriver.py to cameradriver.cpython-312.pyc
running install_data
creating /home/omar/amrws/install/camera_drivers/share/ament_index
creating /home/omar/amrws/install/camera_drivers/share/ament_index/resource_index
creating /home/omar/amrws/install/camera_drivers/share/ament_index/resource_index/packages
copying resource/camera_drivers -> /home/omar/amrws/install/camera_drivers/share/ament_index/resource_index/packages
copying package.xml -> /home/omar/amrws/install/camera_drivers/share/camera_drivers
running install_egg_info
Copying ../../../build/camera_drivers/camera_drivers.egg-info to /home/omar/amrws/install/camera_drivers/lib/python3.12/site-packages/camera_drivers-0.0.0-py3.12.egg-info
running install_scripts
Installing index_tester script to /home/omar/amrws/install/camera_drivers/lib/camera_drivers
Installing kinect_v1_subscriber script to /home/omar/amrws/install/camera_drivers/lib/camera_drivers
Installing kinect_v1_subscriber2 script to /home/omar/amrws/install/camera_drivers/lib/camera_drivers
Installing kinect_v2_subscriber script to /home/omar/amrws/install/camera_drivers/lib/camera_drivers
Installing kinect_v2_subscriber2 script to /home/omar/amrws/install/camera_drivers/lib/camera_drivers
Installing mono_client script to /home/omar/amrws/install/camera_drivers/lib/camera_drivers
Installing mono_getter script to /home/omar/amrws/install/camera_drivers/lib/camera_drivers
Installing mono_publisher script to /home/omar/amrws/install/camera_drivers/lib/camera_drivers
Installing mono_server script to /home/omar/amrws/install/camera_drivers/lib/camera_drivers
Installing mono_subscriber script to /home/omar/amrws/install/camera_drivers/lib/camera_drivers
Installing stereo_client script to /home/omar/amrws/install/camera_drivers/lib/camera_drivers
Installing stereo_getter script to /home/omar/amrws/install/camera_drivers/lib/camera_drivers
Installing stereo_publisher script to /home/omar/amrws/install/camera_drivers/lib/camera_drivers
Installing stereo_server script to /home/omar/amrws/install/camera_drivers/lib/camera_drivers
Installing stereo_subscriber script to /home/omar/amrws/install/camera_drivers/lib/camera_drivers
writing list of installed files to '/home/omar/amrws/build/camera_drivers/install.log'
