[8.144s] Invoking command in '/home/omar/amrws/src/MIA_training_competion2026/camera_drivers': DEBUGINFOD_URLS=https://debuginfod.ubuntu.com PYTHONPATH=/home/omar/amrws/build/camera_drivers/prefix_override:/usr/lib/python3/dist-packages/colcon_core/task/python/colcon_distutils_commands:/home/omar/amrws/install/camera_drivers/lib/python3.12/site-packages:${PYTHONPATH} /usr/bin/python3 -W ignore:setup.py install is deprecated -W ignore:easy_install command is deprecated setup.py egg_info --egg-base ../../../build/camera_drivers build --build-base /home/omar/amrws/build/camera_drivers/build install --record /home/omar/amrws/build/camera_drivers/install.log --install-scripts $base/lib/camera_drivers --single-version-externally-managed install_data
[9.315s] running egg_info
[9.315s] creating ../../../build/camera_drivers/camera_drivers.egg-info
[9.428s] writing ../../../build/camera_drivers/camera_drivers.egg-info/PKG-INFO
[9.428s] writing dependency_links to ../../../build/camera_drivers/camera_drivers.egg-info/dependency_links.txt
[9.429s] writing entry points to ../../../build/camera_drivers/camera_drivers.egg-info/entry_points.txt
[9.429s] writing requirements to ../../../build/camera_drivers/camera_drivers.egg-info/requires.txt
[9.432s] writing top-level names to ../../../build/camera_drivers/camera_drivers.egg-info/top_level.txt
[9.432s] writing manifest file '../../../build/camera_drivers/camera_drivers.egg-info/SOURCES.txt'
[9.656s] reading manifest file '../../../build/camera_drivers/camera_drivers.egg-info/SOURCES.txt'
[9.660s] writing manifest file '../../../build/camera_drivers/camera_drivers.egg-info/SOURCES.txt'
[9.660s] running build
[9.660s] running build_py
[9.661s] creating /home/omar/amrws/build/camera_drivers/build
[9.662s] creating /home/omar/amrws/build/camera_drivers/build/lib
[9.662s] creating /home/omar/amrws/build/camera_drivers/build/lib/camera_drivers
[9.665s] copying camera_drivers/__init__.py -> /home/omar/amrws/build/camera_drivers/build/lib/camera_drivers
[9.665s] copying camera_drivers/cameraclass.py -> /home/omar/amrws/build/camera_drivers/build/lib/camera_drivers
[9.665s] copying camera_drivers/camera_index_tester.py -> /home/omar/amrws/build/camera_drivers/build/lib/camera_drivers
[9.666s] copying camera_drivers/cameradriver.py -> /home/omar/amrws/build/camera_drivers/build/lib/camera_drivers
[9.666s] creating /home/omar/amrws/build/camera_drivers/build/lib/camera_drivers/examples
[9.666s] creating /home/omar/amrws/build/camera_drivers/build/lib/camera_drivers/examples/mono
[9.667s] copying camera_drivers/examples/mono/__init__.py -> /home/omar/amrws/build/camera_drivers/build/lib/camera_drivers/examples/mono
[9.667s] copying camera_drivers/examples/mono/mono_publisher.py -> /home/omar/amrws/build/camera_drivers/build/lib/camera_drivers/examples/mono
[9.669s] copying camera_drivers/examples/mono/mono_subscriber.py -> /home/omar/amrws/build/camera_drivers/build/lib/camera_drivers/examples/mono
[9.670s] copying camera_drivers/examples/mono/mono_client.py -> /home/omar/amrws/build/camera_drivers/build/lib/camera_drivers/examples/mono
[9.670s] copying camera_drivers/examples/mono/mono_getter.py -> /home/omar/amrws/build/camera_drivers/build/lib/camera_drivers/examples/mono
[9.670s] copying camera_drivers/examples/mono/mono_server.py -> /home/omar/amrws/build/camera_drivers/build/lib/camera_drivers/examples/mono
[9.671s] creating /home/omar/amrws/build/camera_drivers/build/lib/camera_drivers/examples/stereo
[9.671s] copying camera_drivers/examples/stereo/stereo_client.py -> /home/omar/amrws/build/camera_drivers/build/lib/camera_drivers/examples/stereo
[9.671s] copying camera_drivers/examples/stereo/__init__.py -> /home/omar/amrws/build/camera_drivers/build/lib/camera_drivers/examples/stereo
[9.672s] copying camera_drivers/examples/stereo/stereo_publisher.py -> /home/omar/amrws/build/camera_drivers/build/lib/camera_drivers/examples/stereo
[9.672s] copying camera_drivers/examples/stereo/stereo_server.py -> /home/omar/amrws/build/camera_drivers/build/lib/camera_drivers/examples/stereo
[9.672s] copying camera_drivers/examples/stereo/stereo_subscriber.py -> /home/omar/amrws/build/camera_drivers/build/lib/camera_drivers/examples/stereo
[9.673s] copying camera_drivers/examples/stereo/stereo_getter.py -> /home/omar/amrws/build/camera_drivers/build/lib/camera_drivers/examples/stereo
[9.673s] creating /home/omar/amrws/build/camera_drivers/build/lib/camera_drivers/examples/kinect_v1
[9.673s] copying camera_drivers/examples/kinect_v1/__init__.py -> /home/omar/amrws/build/camera_drivers/build/lib/camera_drivers/examples/kinect_v1
[9.673s] copying camera_drivers/examples/kinect_v1/kinect_v1_subscriber2.py -> /home/omar/amrws/build/camera_drivers/build/lib/camera_drivers/examples/kinect_v1
[9.676s] copying camera_drivers/examples/kinect_v1/kinect_v1_subscriber.py -> /home/omar/amrws/build/camera_drivers/build/lib/camera_drivers/examples/kinect_v1
[9.676s] creating /home/omar/amrws/build/camera_drivers/build/lib/camera_drivers/examples/kinect_v2
[9.676s] copying camera_drivers/examples/kinect_v2/kinect_v2_subscriber.py -> /home/omar/amrws/build/camera_drivers/build/lib/camera_drivers/examples/kinect_v2
[9.676s] copying camera_drivers/examples/kinect_v2/kinect_v2_subscriber2.py -> /home/omar/amrws/build/camera_drivers/build/lib/camera_drivers/examples/kinect_v2
[9.677s] creating /home/omar/amrws/build/camera_drivers/build/lib/camera_drivers/python_stereo_camera_calibrate
[9.677s] copying camera_drivers/python_stereo_camera_calibrate/calib.py -> /home/omar/amrws/build/camera_drivers/build/lib/camera_drivers/python_stereo_camera_calibrate
[9.677s] running install
[9.699s] running install_lib
[9.815s] creating /home/omar/amrws/install/camera_drivers/lib/python3.12/site-packages/camera_drivers
[9.815s] copying /home/omar/amrws/build/camera_drivers/build/lib/camera_drivers/__init__.py -> /home/omar/amrws/install/camera_drivers/lib/python3.12/site-packages/camera_drivers
[9.816s] copying /home/omar/amrws/build/camera_drivers/build/lib/camera_drivers/cameraclass.py -> /home/omar/amrws/install/camera_drivers/lib/python3.12/site-packages/camera_drivers
[9.816s] creating /home/omar/amrws/install/camera_drivers/lib/python3.12/site-packages/camera_drivers/python_stereo_camera_calibrate
[9.816s] copying /home/omar/amrws/build/camera_drivers/build/lib/camera_drivers/python_stereo_camera_calibrate/calib.py -> /home/omar/amrws/install/camera_drivers/lib/python3.12/site-packages/camera_drivers/python_stereo_camera_calibrate
[9.817s] creating /home/omar/amrws/install/camera_drivers/lib/python3.12/site-packages/camera_drivers/examples
[9.817s] creating /home/omar/amrws/install/camera_drivers/lib/python3.12/site-packages/camera_drivers/examples/kinect_v1
[9.817s] copying /home/omar/amrws/build/camera_drivers/build/lib/camera_drivers/examples/kinect_v1/__init__.py -> /home/omar/amrws/install/camera_drivers/lib/python3.12/site-packages/camera_drivers/examples/kinect_v1
[9.817s] copying /home/omar/amrws/build/camera_drivers/build/lib/camera_drivers/examples/kinect_v1/kinect_v1_subscriber2.py -> /home/omar/amrws/install/camera_drivers/lib/python3.12/site-packages/camera_drivers/examples/kinect_v1
[9.819s] copying /home/omar/amrws/build/camera_drivers/build/lib/camera_drivers/examples/kinect_v1/kinect_v1_subscriber.py -> /home/omar/amrws/install/camera_drivers/lib/python3.12/site-packages/camera_drivers/examples/kinect_v1
[9.821s] creating /home/omar/amrws/install/camera_drivers/lib/python3.12/site-packages/camera_drivers/examples/kinect_v2
[9.822s] copying /home/omar/amrws/build/camera_drivers/build/lib/camera_drivers/examples/kinect_v2/kinect_v2_subscriber.py -> /home/omar/amrws/install/camera_drivers/lib/python3.12/site-packages/camera_drivers/examples/kinect_v2
[9.822s] copying /home/omar/amrws/build/camera_drivers/build/lib/camera_drivers/examples/kinect_v2/kinect_v2_subscriber2.py -> /home/omar/amrws/install/camera_drivers/lib/python3.12/site-packages/camera_drivers/examples/kinect_v2
[9.825s] creating /home/omar/amrws/install/camera_drivers/lib/python3.12/site-packages/camera_drivers/examples/mono
[9.825s] copying /home/omar/amrws/build/camera_drivers/build/lib/camera_drivers/examples/mono/__init__.py -> /home/omar/amrws/install/camera_drivers/lib/python3.12/site-packages/camera_drivers/examples/mono
[9.825s] copying /home/omar/amrws/build/camera_drivers/build/lib/camera_drivers/examples/mono/mono_publisher.py -> /home/omar/amrws/install/camera_drivers/lib/python3.12/site-packages/camera_drivers/examples/mono
[9.826s] copying /home/omar/amrws/build/camera_drivers/build/lib/camera_drivers/examples/mono/mono_subscriber.py -> /home/omar/amrws/install/camera_drivers/lib/python3.12/site-packages/camera_drivers/examples/mono
[9.826s] copying /home/omar/amrws/build/camera_drivers/build/lib/camera_drivers/examples/mono/mono_client.py -> /home/omar/amrws/install/camera_drivers/lib/python3.12/site-packages/camera_drivers/examples/mono
[9.827s] copying /home/omar/amrws/build/camera_drivers/build/lib/camera_drivers/examples/mono/mono_getter.py -> /home/omar/amrws/install/camera_drivers/lib/python3.12/site-packages/camera_drivers/examples/mono
[9.827s] copying /home/omar/amrws/build/camera_drivers/build/lib/camera_drivers/examples/mono/mono_server.py -> /home/omar/amrws/install/camera_drivers/lib/python3.12/site-packages/camera_drivers/examples/mono
[9.828s] creating /home/omar/amrws/install/camera_drivers/lib/python3.12/site-packages/camera_drivers/examples/stereo
[9.828s] copying /home/omar/amrws/build/camera_drivers/build/lib/camera_drivers/examples/stereo/stereo_client.py -> /home/omar/amrws/install/camera_drivers/lib/python3.12/site-packages/camera_drivers/examples/stereo
[9.828s] copying /home/omar/amrws/build/camera_drivers/build/lib/camera_drivers/examples/stereo/__init__.py -> /home/omar/amrws/install/camera_drivers/lib/python3.12/site-packages/camera_drivers/examples/stereo
[9.828s] copying /home/omar/amrws/build/camera_drivers/build/lib/camera_drivers/examples/stereo/stereo_publisher.py -> /home/omar/amrws/install/camera_drivers/lib/python3.12/site-packages/camera_drivers/examples/stereo
[9.831s] copying /home/omar/amrws/build/camera_drivers/build/lib/camera_drivers/examples/stereo/stereo_server.py -> /home/omar/amrws/install/camera_drivers/lib/python3.12/site-packages/camera_drivers/examples/stereo
[9.831s] copying /home/omar/amrws/build/camera_drivers/build/lib/camera_drivers/examples/stereo/stereo_subscriber.py -> /home/omar/amrws/install/camera_drivers/lib/python3.12/site-packages/camera_drivers/examples/stereo
[9.831s] copying /home/omar/amrws/build/camera_drivers/build/lib/camera_drivers/examples/stereo/stereo_getter.py -> /home/omar/amrws/install/camera_drivers/lib/python3.12/site-packages/camera_drivers/examples/stereo
[9.831s] copying /home/omar/amrws/build/camera_drivers/build/lib/camera_drivers/camera_index_tester.py -> /home/omar/amrws/install/camera_drivers/lib/python3.12/site-packages/camera_drivers
[9.832s] copying /home/omar/amrws/build/camera_drivers/build/lib/camera_drivers/cameradriver.py -> /home/omar/amrws/install/camera_drivers/lib/python3.12/site-packages/camera_drivers
[9.832s] byte-compiling /home/omar/amrws/install/camera_drivers/lib/python3.12/site-packages/camera_drivers/__init__.py to __init__.cpython-312.pyc
[9.832s] byte-compiling /home/omar/amrws/install/camera_drivers/lib/python3.12/site-packages/camera_drivers/cameraclass.py to cameraclass.cpython-312.pyc
[9.839s] byte-compiling /home/omar/amrws/install/camera_drivers/lib/python3.12/site-packages/camera_drivers/python_stereo_camera_calibrate/calib.py to calib.cpython-312.pyc
[9.853s] byte-compiling /home/omar/amrws/install/camera_drivers/lib/python3.12/site-packages/camera_drivers/examples/kinect_v1/__init__.py to __init__.cpython-312.pyc
[9.854s] byte-compiling /home/omar/amrws/install/camera_drivers/lib/python3.12/site-packages/camera_drivers/examples/kinect_v1/kinect_v1_subscriber2.py to kinect_v1_subscriber2.cpython-312.pyc
[9.855s] byte-compiling /home/omar/amrws/install/camera_drivers/lib/python3.12/site-packages/camera_drivers/examples/kinect_v1/kinect_v1_subscriber.py to kinect_v1_subscriber.cpython-312.pyc
[9.856s] byte-compiling /home/omar/amrws/install/camera_drivers/lib/python3.12/site-packages/camera_drivers/examples/kinect_v2/kinect_v2_subscriber.py to kinect_v2_subscriber.cpython-312.pyc
[9.857s] byte-compiling /home/omar/amrws/install/camera_drivers/lib/python3.12/site-packages/camera_drivers/examples/kinect_v2/kinect_v2_subscriber2.py to kinect_v2_subscriber2.cpython-312.pyc
[9.858s] byte-compiling /home/omar/amrws/install/camera_drivers/lib/python3.12/site-packages/camera_drivers/examples/mono/__init__.py to __init__.cpython-312.pyc
[9.860s] byte-compiling /home/omar/amrws/install/camera_drivers/lib/python3.12/site-packages/camera_drivers/examples/mono/mono_publisher.py to mono_publisher.cpython-312.pyc
[9.861s] byte-compiling /home/omar/amrws/install/camera_drivers/lib/python3.12/site-packages/camera_drivers/examples/mono/mono_subscriber.py to mono_subscriber.cpython-312.pyc
[9.862s] byte-compiling /home/omar/amrws/install/camera_drivers/lib/python3.12/site-packages/camera_drivers/examples/mono/mono_client.py to mono_client.cpython-312.pyc
[9.863s] byte-compiling /home/omar/amrws/install/camera_drivers/lib/python3.12/site-packages/camera_drivers/examples/mono/mono_getter.py to mono_getter.cpython-312.pyc
[9.864s] byte-compiling /home/omar/amrws/install/camera_drivers/lib/python3.12/site-packages/camera_drivers/examples/mono/mono_server.py to mono_server.cpython-312.pyc
[9.864s] byte-compiling /home/omar/amrws/install/camera_drivers/lib/python3.12/site-packages/camera_drivers/examples/stereo/stereo_client.py to stereo_client.cpython-312.pyc
[9.865s] byte-compiling /home/omar/amrws/install/camera_drivers/lib/python3.12/site-packages/camera_drivers/examples/stereo/__init__.py to __init__.cpython-312.pyc
[9.867s] byte-compiling /home/omar/amrws/install/camera_drivers/lib/python3.12/site-packages/camera_drivers/examples/stereo/stereo_publisher.py to stereo_publisher.cpython-312.pyc
[9.867s] byte-compiling /home/omar/amrws/install/camera_drivers/lib/python3.12/site-packages/camera_drivers/examples/stereo/stereo_server.py to stereo_server.cpython-312.pyc
[9.870s] byte-compiling /home/omar/amrws/install/camera_drivers/lib/python3.12/site-packages/camera_drivers/examples/stereo/stereo_subscriber.py to stereo_subscriber.cpython-312.pyc
[9.870s] byte-compiling /home/omar/amrws/install/camera_drivers/lib/python3.12/site-packages/camera_drivers/examples/stereo/stereo_getter.py to stereo_getter.cpython-312.pyc
[9.870s] byte-compiling /home/omar/amrws/install/camera_drivers/lib/python3.12/site-packages/camera_drivers/camera_index_tester.py to camera_index_tester.cpython-312.pyc
[9.871s] byte-compiling /home/omar/amrws/install/camera_drivers/lib/python3.12/site-packages/camera_drivers/cameradriver.py to cameradriver.cpython-312.pyc
[9.879s] running install_data
[9.879s] creating /home/omar/amrws/install/camera_drivers/share/ament_index
[9.879s] creating /home/omar/amrws/install/camera_drivers/share/ament_index/resource_index
[9.880s] creating /home/omar/amrws/install/camera_drivers/share/ament_index/resource_index/packages
[9.883s] copying resource/camera_drivers -> /home/omar/amrws/install/camera_drivers/share/ament_index/resource_index/packages
[9.883s] copying package.xml -> /home/omar/amrws/install/camera_drivers/share/camera_drivers
[9.883s] running install_egg_info
[10.000s] Copying ../../../build/camera_drivers/camera_drivers.egg-info to /home/omar/amrws/install/camera_drivers/lib/python3.12/site-packages/camera_drivers-0.0.0-py3.12.egg-info
[10.002s] running install_scripts
[10.657s] Installing index_tester script to /home/omar/amrws/install/camera_drivers/lib/camera_drivers
[10.657s] Installing kinect_v1_subscriber script to /home/omar/amrws/install/camera_drivers/lib/camera_drivers
[10.657s] Installing kinect_v1_subscriber2 script to /home/omar/amrws/install/camera_drivers/lib/camera_drivers
[10.658s] Installing kinect_v2_subscriber script to /home/omar/amrws/install/camera_drivers/lib/camera_drivers
[10.658s] Installing kinect_v2_subscriber2 script to /home/omar/amrws/install/camera_drivers/lib/camera_drivers
[10.658s] Installing mono_client script to /home/omar/amrws/install/camera_drivers/lib/camera_drivers
[10.659s] Installing mono_getter script to /home/omar/amrws/install/camera_drivers/lib/camera_drivers
[10.659s] Installing mono_publisher script to /home/omar/amrws/install/camera_drivers/lib/camera_drivers
[10.660s] Installing mono_server script to /home/omar/amrws/install/camera_drivers/lib/camera_drivers
[10.660s] Installing mono_subscriber script to /home/omar/amrws/install/camera_drivers/lib/camera_drivers
[10.660s] Installing stereo_client script to /home/omar/amrws/install/camera_drivers/lib/camera_drivers
[10.660s] Installing stereo_getter script to /home/omar/amrws/install/camera_drivers/lib/camera_drivers
[10.660s] Installing stereo_publisher script to /home/omar/amrws/install/camera_drivers/lib/camera_drivers
[10.661s] Installing stereo_server script to /home/omar/amrws/install/camera_drivers/lib/camera_drivers
[10.661s] Installing stereo_subscriber script to /home/omar/amrws/install/camera_drivers/lib/camera_drivers
[10.661s] writing list of installed files to '/home/omar/amrws/build/camera_drivers/install.log'
[10.719s] Invoked command in '/home/omar/amrws/src/MIA_training_competion2026/camera_drivers' returned '0': DEBUGINFOD_URLS=https://debuginfod.ubuntu.com PYTHONPATH=/home/omar/amrws/build/camera_drivers/prefix_override:/usr/lib/python3/dist-packages/colcon_core/task/python/colcon_distutils_commands:/home/omar/amrws/install/camera_drivers/lib/python3.12/site-packages:${PYTHONPATH} /usr/bin/python3 -W ignore:setup.py install is deprecated -W ignore:easy_install command is deprecated setup.py egg_info --egg-base ../../../build/camera_drivers build --build-base /home/omar/amrws/build/camera_drivers/build install --record /home/omar/amrws/build/camera_drivers/install.log --install-scripts $base/lib/camera_drivers --single-version-externally-managed install_data
