[12.316s] Invoking command in '/home/omar/amrws/src/MIA_training_competion2026/camera_drivers': DEBUGINFOD_URLS=https://debuginfod.ubuntu.com PYTHONPATH=/home/omar/amrws/build/camera_drivers/prefix_override:/usr/lib/python3/dist-packages/colcon_core/task/python/colcon_distutils_commands:/home/omar/amrws/install/camera_drivers/lib/python3.12/site-packages:${PYTHONPATH} /usr/bin/python3 -W ignore:setup.py install is deprecated -W ignore:easy_install command is deprecated setup.py egg_info --egg-base ../../../build/camera_drivers build --build-base /home/omar/amrws/build/camera_drivers/build install --record /home/omar/amrws/build/camera_drivers/install.log --install-scripts $base/lib/camera_drivers --single-version-externally-managed install_data
[13.663s] running egg_info
[13.761s] writing ../../../build/camera_drivers/camera_drivers.egg-info/PKG-INFO
[13.762s] writing dependency_links to ../../../build/camera_drivers/camera_drivers.egg-info/dependency_links.txt
[13.763s] writing entry points to ../../../build/camera_drivers/camera_drivers.egg-info/entry_points.txt
[13.764s] writing requirements to ../../../build/camera_drivers/camera_drivers.egg-info/requires.txt
[13.764s] writing top-level names to ../../../build/camera_drivers/camera_drivers.egg-info/top_level.txt
[13.965s] reading manifest file '../../../build/camera_drivers/camera_drivers.egg-info/SOURCES.txt'
[13.984s] writing manifest file '../../../build/camera_drivers/camera_drivers.egg-info/SOURCES.txt'
[13.984s] running build
[13.984s] running build_py
[13.986s] running install
[14.004s] running install_lib
[14.108s] running install_data
[14.108s] running install_egg_info
[14.213s] removing '/home/omar/amrws/install/camera_drivers/lib/python3.12/site-packages/camera_drivers-0.0.0-py3.12.egg-info' (and everything under it)
[14.214s] Copying ../../../build/camera_drivers/camera_drivers.egg-info to /home/omar/amrws/install/camera_drivers/lib/python3.12/site-packages/camera_drivers-0.0.0-py3.12.egg-info
[14.216s] running install_scripts
[14.812s] Installing index_tester script to /home/omar/amrws/install/camera_drivers/lib/camera_drivers
[14.813s] Installing kinect_v1_subscriber script to /home/omar/amrws/install/camera_drivers/lib/camera_drivers
[14.814s] Installing kinect_v1_subscriber2 script to /home/omar/amrws/install/camera_drivers/lib/camera_drivers
[14.814s] Installing kinect_v2_subscriber script to /home/omar/amrws/install/camera_drivers/lib/camera_drivers
[14.815s] Installing kinect_v2_subscriber2 script to /home/omar/amrws/install/camera_drivers/lib/camera_drivers
[14.816s] Installing mono_client script to /home/omar/amrws/install/camera_drivers/lib/camera_drivers
[14.816s] Installing mono_getter script to /home/omar/amrws/install/camera_drivers/lib/camera_drivers
[14.816s] Installing mono_publisher script to /home/omar/amrws/install/camera_drivers/lib/camera_drivers
[14.816s] Installing mono_server script to /home/omar/amrws/install/camera_drivers/lib/camera_drivers
[14.816s] Installing mono_subscriber script to /home/omar/amrws/install/camera_drivers/lib/camera_drivers
[14.816s] Installing stereo_client script to /home/omar/amrws/install/camera_drivers/lib/camera_drivers
[14.816s] Installing stereo_getter script to /home/omar/amrws/install/camera_drivers/lib/camera_drivers
[14.817s] Installing stereo_publisher script to /home/omar/amrws/install/camera_drivers/lib/camera_drivers
[14.817s] Installing stereo_server script to /home/omar/amrws/install/camera_drivers/lib/camera_drivers
[14.821s] Installing stereo_subscriber script to /home/omar/amrws/install/camera_drivers/lib/camera_drivers
[14.823s] writing list of installed files to '/home/omar/amrws/build/camera_drivers/install.log'
[14.921s] Invoked command in '/home/omar/amrws/src/MIA_training_competion2026/camera_drivers' returned '0': DEBUGINFOD_URLS=https://debuginfod.ubuntu.com PYTHONPATH=/home/omar/amrws/build/camera_drivers/prefix_override:/usr/lib/python3/dist-packages/colcon_core/task/python/colcon_distutils_commands:/home/omar/amrws/install/camera_drivers/lib/python3.12/site-packages:${PYTHONPATH} /usr/bin/python3 -W ignore:setup.py install is deprecated -W ignore:easy_install command is deprecated setup.py egg_info --egg-base ../../../build/camera_drivers build --build-base /home/omar/amrws/build/camera_drivers/build install --record /home/omar/amrws/build/camera_drivers/install.log --install-scripts $base/lib/camera_drivers --single-version-externally-managed install_data
