running egg_info
writing ../../build/amr_khaled/amr_khaled.egg-info/PKG-INFO
writing dependency_links to ../../build/amr_khaled/amr_khaled.egg-info/dependency_links.txt
writing entry points to ../../build/amr_khaled/amr_khaled.egg-info/entry_points.txt
writing requirements to ../../build/amr_khaled/amr_khaled.egg-info/requires.txt
writing top-level names to ../../build/amr_khaled/amr_khaled.egg-info/top_level.txt
reading manifest file '../../build/amr_khaled/amr_khaled.egg-info/SOURCES.txt'
writing manifest file '../../build/amr_khaled/amr_khaled.egg-info/SOURCES.txt'
running build
running build_py
running install
running install_lib
running install_data
copying package.xml -> /home/omar/amrws/install/amr_khaled/share/amr_khaled
running install_egg_info
removing '/home/omar/amrws/install/amr_khaled/lib/python3.12/site-packages/amr_khaled-0.0.0-py3.12.egg-info' (and everything under it)
Copying ../../build/amr_khaled/amr_khaled.egg-info to /home/omar/amrws/install/amr_khaled/lib/python3.12/site-packages/amr_khaled-0.0.0-py3.12.egg-info
running install_scripts
Installing scroll_detection_node script to /home/omar/amrws/install/amr_khaled/lib/amr_khaled
Installing wasd_teleop_node script to /home/omar/amrws/install/amr_khaled/lib/amr_khaled
writing list of installed files to '/home/omar/amrws/build/amr_khaled/install.log'
