[4.383s] Invoking command in '/home/omar/amrws/src/amr_khaled': DEBUGINFOD_URLS=https://debuginfod.ubuntu.com PYTHONPATH=/home/omar/amrws/build/amr_khaled/prefix_override:/usr/lib/python3/dist-packages/colcon_core/task/python/colcon_distutils_commands:/home/omar/amrws/install/amr_khaled/lib/python3.12/site-packages:${PYTHONPATH} /usr/bin/python3 -W ignore:setup.py install is deprecated -W ignore:easy_install command is deprecated setup.py egg_info --egg-base ../../build/amr_khaled build --build-base /home/omar/amrws/build/amr_khaled/build install --record /home/omar/amrws/build/amr_khaled/install.log --install-scripts $base/lib/amr_khaled --single-version-externally-managed install_data
[5.581s] running egg_info
[5.685s] writing ../../build/amr_khaled/amr_khaled.egg-info/PKG-INFO
[5.686s] writing dependency_links to ../../build/amr_khaled/amr_khaled.egg-info/dependency_links.txt
[5.686s] writing entry points to ../../build/amr_khaled/amr_khaled.egg-info/entry_points.txt
[5.686s] writing requirements to ../../build/amr_khaled/amr_khaled.egg-info/requires.txt
[5.687s] writing top-level names to ../../build/amr_khaled/amr_khaled.egg-info/top_level.txt
[5.892s] reading manifest file '../../build/amr_khaled/amr_khaled.egg-info/SOURCES.txt'
[5.895s] writing manifest file '../../build/amr_khaled/amr_khaled.egg-info/SOURCES.txt'
[5.896s] running build
[5.898s] running build_py
[5.898s] running install
[5.919s] running install_lib
[6.029s] running install_data
[6.029s] copying package.xml -> /home/omar/amrws/install/amr_khaled/share/amr_khaled
[6.029s] running install_egg_info
[6.135s] removing '/home/omar/amrws/install/amr_khaled/lib/python3.12/site-packages/amr_khaled-0.0.0-py3.12.egg-info' (and everything under it)
[6.136s] Copying ../../build/amr_khaled/amr_khaled.egg-info to /home/omar/amrws/install/amr_khaled/lib/python3.12/site-packages/amr_khaled-0.0.0-py3.12.egg-info
[6.140s] running install_scripts
[6.762s] Installing scroll_detection_node script to /home/omar/amrws/install/amr_khaled/lib/amr_khaled
[6.764s] Installing wasd_teleop_node script to /home/omar/amrws/install/amr_khaled/lib/amr_khaled
[6.765s] writing list of installed files to '/home/omar/amrws/build/amr_khaled/install.log'
[6.919s] Invoked command in '/home/omar/amrws/src/amr_khaled' returned '0': DEBUGINFOD_URLS=https://debuginfod.ubuntu.com PYTHONPATH=/home/omar/amrws/build/amr_khaled/prefix_override:/usr/lib/python3/dist-packages/colcon_core/task/python/colcon_distutils_commands:/home/omar/amrws/install/amr_khaled/lib/python3.12/site-packages:${PYTHONPATH} /usr/bin/python3 -W ignore:setup.py install is deprecated -W ignore:easy_install command is deprecated setup.py egg_info --egg-base ../../build/amr_khaled build --build-base /home/omar/amrws/build/amr_khaled/build install --record /home/omar/amrws/build/amr_khaled/install.log --install-scripts $base/lib/amr_khaled --single-version-externally-managed install_data
