[12.427s] Invoking command in '/home/omar/amrws/src/amr_khaled': DEBUGINFOD_URLS=https://debuginfod.ubuntu.com PYTHONPATH=/home/omar/amrws/build/amr_khaled/prefix_override:/usr/lib/python3/dist-packages/colcon_core/task/python/colcon_distutils_commands:/home/omar/amrws/install/amr_khaled/lib/python3.12/site-packages:${PYTHONPATH} /usr/bin/python3 -W ignore:setup.py install is deprecated -W ignore:easy_install command is deprecated setup.py egg_info --egg-base ../../build/amr_khaled build --build-base /home/omar/amrws/build/amr_khaled/build install --record /home/omar/amrws/build/amr_khaled/install.log --install-scripts $base/lib/amr_khaled --single-version-externally-managed install_data
[13.775s] running egg_info
[13.885s] writing ../../build/amr_khaled/amr_khaled.egg-info/PKG-INFO
[13.885s] writing dependency_links to ../../build/amr_khaled/amr_khaled.egg-info/dependency_links.txt
[13.885s] writing entry points to ../../build/amr_khaled/amr_khaled.egg-info/entry_points.txt
[13.886s] writing requirements to ../../build/amr_khaled/amr_khaled.egg-info/requires.txt
[13.886s] writing top-level names to ../../build/amr_khaled/amr_khaled.egg-info/top_level.txt
[14.113s] reading manifest file '../../build/amr_khaled/amr_khaled.egg-info/SOURCES.txt'
[14.124s] writing manifest file '../../build/amr_khaled/amr_khaled.egg-info/SOURCES.txt'
[14.126s] running build
[14.126s] running build_py
[14.126s] copying amr_khaled/eyes_node.py -> /home/omar/amrws/build/amr_khaled/build/lib/amr_khaled
[14.130s] running install
[14.144s] running install_lib
[14.244s] copying /home/omar/amrws/build/amr_khaled/build/lib/amr_khaled/eyes_node.py -> /home/omar/amrws/install/amr_khaled/lib/python3.12/site-packages/amr_khaled
[14.245s] byte-compiling /home/omar/amrws/install/amr_khaled/lib/python3.12/site-packages/amr_khaled/eyes_node.py to eyes_node.cpython-312.pyc
[14.248s] running install_data
[14.249s] running install_egg_info
[14.353s] removing '/home/omar/amrws/install/amr_khaled/lib/python3.12/site-packages/amr_khaled-0.0.0-py3.12.egg-info' (and everything under it)
[14.354s] Copying ../../build/amr_khaled/amr_khaled.egg-info to /home/omar/amrws/install/amr_khaled/lib/python3.12/site-packages/amr_khaled-0.0.0-py3.12.egg-info
[14.356s] running install_scripts
[14.953s] Installing eyes script to /home/omar/amrws/install/amr_khaled/lib/amr_khaled
[14.954s] Installing scroll_detection_node script to /home/omar/amrws/install/amr_khaled/lib/amr_khaled
[14.956s] Installing wasd_teleop_node script to /home/omar/amrws/install/amr_khaled/lib/amr_khaled
[14.957s] writing list of installed files to '/home/omar/amrws/build/amr_khaled/install.log'
[15.317s] Invoked command in '/home/omar/amrws/src/amr_khaled' returned '0': DEBUGINFOD_URLS=https://debuginfod.ubuntu.com PYTHONPATH=/home/omar/amrws/build/amr_khaled/prefix_override:/usr/lib/python3/dist-packages/colcon_core/task/python/colcon_distutils_commands:/home/omar/amrws/install/amr_khaled/lib/python3.12/site-packages:${PYTHONPATH} /usr/bin/python3 -W ignore:setup.py install is deprecated -W ignore:easy_install command is deprecated setup.py egg_info --egg-base ../../build/amr_khaled build --build-base /home/omar/amrws/build/amr_khaled/build install --record /home/omar/amrws/build/amr_khaled/install.log --install-scripts $base/lib/amr_khaled --single-version-externally-managed install_data
